Copyright 1986-2022 Xilinx, Inc. All Rights Reserved. Copyright 2022-2025 Advanced Micro Devices, Inc. All Rights Reserved.
---------------------------------------------------------------------------------------------------------------------------------------------
| Tool Version : Vivado v.2025.1 (lin64) Build 6140274 Wed May 21 22:58:25 MDT 2025
| Date         : Wed Apr  1 13:13:52 2026
| Host         : tsmc-System-Product-Name running 64-bit Ubuntu 22.04.3 LTS
| Command      : report_clock_utilization -file main_clock_utilization_routed.rpt
| Design       : main
| Device       : 7a100t-csg324
| Speed File   : -1  PRODUCTION 1.23 2018-06-13
| Design State : Routed
---------------------------------------------------------------------------------------------------------------------------------------------

Clock Utilization Report

Table of Contents
-----------------
1. Clock Primitive Utilization
2. Global Clock Resources
3. Global Clock Source Details
4. Local Clock Details
5. Clock Regions: Key Resource Utilization
6. Clock Regions : Global Clock Summary
7. Device Cell Placement Summary for Global Clock g0
8. Device Cell Placement Summary for Global Clock g1
9. Device Cell Placement Summary for Global Clock g2
10. Device Cell Placement Summary for Global Clock g3
11. Device Cell Placement Summary for Global Clock g4
12. Device Cell Placement Summary for Global Clock g5
13. Device Cell Placement Summary for Global Clock g6
14. Device Cell Placement Summary for Global Clock g7
15. Device Cell Placement Summary for Global Clock g8
16. Device Cell Placement Summary for Global Clock g9
17. Device Cell Placement Summary for Global Clock g10
18. Device Cell Placement Summary for Global Clock g11
19. Device Cell Placement Summary for Global Clock g12
20. Device Cell Placement Summary for Global Clock g13
21. Clock Region Cell Placement per Global Clock: Region X0Y0
22. Clock Region Cell Placement per Global Clock: Region X1Y0
23. Clock Region Cell Placement per Global Clock: Region X0Y1
24. Clock Region Cell Placement per Global Clock: Region X1Y1
25. Clock Region Cell Placement per Global Clock: Region X0Y2
26. Clock Region Cell Placement per Global Clock: Region X1Y2
27. Clock Region Cell Placement per Global Clock: Region X0Y3
28. Clock Region Cell Placement per Global Clock: Region X1Y3

1. Clock Primitive Utilization
------------------------------

+----------+------+-----------+-----+--------------+--------+
| Type     | Used | Available | LOC | Clock Region | Pblock |
+----------+------+-----------+-----+--------------+--------+
| BUFGCTRL |   13 |        32 |   0 |            0 |      0 |
| BUFH     |    1 |        96 |   0 |            0 |      0 |
| BUFIO    |    0 |        24 |   0 |            0 |      0 |
| BUFMR    |    0 |        12 |   0 |            0 |      0 |
| BUFR     |    0 |        24 |   0 |            0 |      0 |
| MMCM     |    2 |         6 |   1 |            0 |      0 |
| PLL      |    1 |         6 |   1 |            0 |      0 |
+----------+------+-----------+-----+--------------+--------+


2. Global Clock Resources
-------------------------

+-----------+-----------+-----------------+------------+----------------+--------------+-------------------+-------------+-----------------+--------------+--------------------+-------------------------------------------------------------------------+---------------------------------------------------------------------+
| Global Id | Source Id | Driver Type/Pin | Constraint | Site           | Clock Region | Load Clock Region | Clock Loads | Non-Clock Loads | Clock Period | Clock              | Driver Pin                                                              | Net                                                                 |
+-----------+-----------+-----------------+------------+----------------+--------------+-------------------+-------------+-----------------+--------------+--------------------+-------------------------------------------------------------------------+---------------------------------------------------------------------+
| g0        | src0      | BUFG/O          | None       | BUFGCTRL_X0Y19 | n/a          |                 8 |       53248 |            1374 |        8.000 | clk_out5_clk_wiz_0 | clk_wiz_inst/inst/clkout5_buf/O                                         | clk_wiz_inst/inst/clk_out5                                          |
| g1        | src1      | BUFG/O          | None       | BUFGCTRL_X0Y0  | n/a          |                 6 |        4828 |               0 |       12.000 | clk_pll_i          | mig_inst/u_mig_7series_0_mig/u_ddr3_infrastructure/u_bufg_clkdiv0/O     | mig_inst/u_mig_7series_0_mig/u_ddr3_infrastructure/u_bufg_clkdiv0_0 |
| g2        | src2      | BUFG/O          | None       | BUFGCTRL_X0Y20 | n/a          |                 6 |        2382 |               0 |        4.000 | clk_out6_clk_wiz_0 | clk_wiz_inst/inst/clkout6_buf/O                                         | clk_wiz_inst/inst/clk_out6                                          |
| g3        | src3      | BUFG/O          | None       | BUFGCTRL_X0Y21 | n/a          |                 2 |         162 |               0 |       39.750 | clk_out1_clk_wiz_0 | clk_wiz_inst/inst/clkout1_buf/O                                         | clk_wiz_inst/inst/clk_out1                                          |
| g4        | src4      | BUFG/O          | None       | BUFGCTRL_X0Y1  | n/a          |                 3 |         122 |               0 |              |                    | CAMERA_PCLK_IBUF_BUFG_inst/O                                            | CAMERA_PCLK_IBUF_BUFG                                               |
| g5        | src5      | BUFG/O          | None       | BUFGCTRL_X0Y22 | n/a          |                 3 |         104 |               0 |       42.000 | clk_out4_clk_wiz_0 | clk_wiz_inst/inst/clkout4_buf/O                                         | clk_wiz_inst/inst/clk_out4                                          |
| g6        | src6      | BUFG/O          | None       | BUFGCTRL_X0Y24 | n/a          |                 1 |          95 |               1 |       40.000 | eth_tx_clk         | ethlite_i/ethlite_i/U0/NO_LOOPBACK_GEN.INCLUDE_BUFG_GEN.CLOCK_BUFG_TX/O | ethlite_i/ethlite_i/U0/phy_tx_clk_core                              |
| g7        | src7      | BUFG/O          | None       | BUFGCTRL_X0Y23 | n/a          |                 1 |          91 |               0 |       40.000 | eth_rx_clk         | ethlite_i/ethlite_i/U0/NO_LOOPBACK_GEN.INCLUDE_BUFG_GEN.CLOCK_BUFG_RX/O | ethlite_i/ethlite_i/U0/dest_clk                                     |
| g8        | src8      | BUFG/O          | None       | BUFGCTRL_X0Y16 | n/a          |                 4 |          62 |               0 |        5.000 | clk_out2_clk_wiz_0 | clk_wiz_inst/inst/clkout2_buf/O                                         | clk_wiz_inst/inst/clk_out2                                          |
| g9        | src9      | BUFG/O          | None       | BUFGCTRL_X0Y2  | n/a          |                 1 |          43 |               0 |              |                    | jtag_writeArea_valid_reg_i_2/O                                          | cpu_inst/bSCANE2_1_TCK                                              |
| g10       | src10     | BUFG/O          | None       | BUFGCTRL_X0Y17 | n/a          |                 1 |           1 |               0 |        6.000 | clk_out3_clk_wiz_0 | clk_wiz_inst/inst/clkout3_buf/O                                         | clk_wiz_inst/inst/clk_out3                                          |
| g11       | src11     | BUFG/O          | None       | BUFGCTRL_X0Y25 | n/a          |                 1 |           1 |               0 |       10.000 | clkfbout_clk_wiz_0 | clk_wiz_inst/inst/clkf_buf/O                                            | clk_wiz_inst/inst/clkfbout_buf_clk_wiz_0                            |
| g12       | src12     | BUFH/O          | None       | BUFHCE_X1Y12   | X1Y1         |                 1 |           1 |               0 |       12.000 | pll_clk3_out_1     | mig_inst/u_mig_7series_0_mig/u_ddr3_infrastructure/u_bufh_pll_clk3/O    | mig_inst/u_mig_7series_0_mig/u_ddr3_infrastructure/pll_clk3         |
| g13       | src13     | BUFG/O          | None       | BUFGCTRL_X0Y18 | n/a          |                 1 |           0 |               1 |       40.000 | clk_out7_clk_wiz_0 | u_mainclk/O                                                             | eth_ref_clk_OBUF                                                    |
+-----------+-----------+-----------------+------------+----------------+--------------+-------------------+-------------+-----------------+--------------+--------------------+-------------------------------------------------------------------------+---------------------------------------------------------------------+
* Clock Loads column represents cell count of net connects that connect to a clock pin. Internal cell leaf pins are not considered
** Non-Clock Loads column represents cell count of non-clock pin loads


3. Global Clock Source Details
------------------------------

+-----------+-----------+---------------------+-----------------+-----------------+--------------+-------------+-----------------+---------------------+--------------+-----------------------------------------------------------------------------+--------------------------------------------------------------------------+
| Source Id | Global Id | Driver Type/Pin     | Constraint      | Site            | Clock Region | Clock Loads | Non-Clock Loads | Source Clock Period | Source Clock | Driver Pin                                                                  | Net                                                                      |
+-----------+-----------+---------------------+-----------------+-----------------+--------------+-------------+-----------------+---------------------+--------------+-----------------------------------------------------------------------------+--------------------------------------------------------------------------+
| src0      | g0        | MMCME2_ADV/CLKOUT4  | None            | MMCME2_ADV_X1Y2 | X1Y2         |           1 |               0 |               8.000 | Multiple     | clk_wiz_inst/inst/mmcm_adv_inst/CLKOUT4                                     | clk_wiz_inst/inst/clk_out5_clk_wiz_0                                     |
| src1      | g1        | MMCME2_ADV/CLKFBOUT | MMCME2_ADV_X1Y1 | MMCME2_ADV_X1Y1 | X1Y1         |           1 |               0 |              12.000 | Multiple     | mig_inst/u_mig_7series_0_mig/u_ddr3_infrastructure/gen_mmcm.mmcm_i/CLKFBOUT | mig_inst/u_mig_7series_0_mig/u_ddr3_infrastructure/clk_pll_i             |
| src2      | g2        | MMCME2_ADV/CLKOUT5  | None            | MMCME2_ADV_X1Y2 | X1Y2         |           1 |               0 |               4.000 | Multiple     | clk_wiz_inst/inst/mmcm_adv_inst/CLKOUT5                                     | clk_wiz_inst/inst/clk_out6_clk_wiz_0                                     |
| src3      | g3        | MMCME2_ADV/CLKOUT0  | None            | MMCME2_ADV_X1Y2 | X1Y2         |           1 |               0 |              39.750 | Multiple     | clk_wiz_inst/inst/mmcm_adv_inst/CLKOUT0                                     | clk_wiz_inst/inst/clk_out1_clk_wiz_0                                     |
| src4      | g4        | IBUF/O              | IOB_X0Y58       | IOB_X0Y58       | X0Y1         |           1 |               0 |                     |              | CAMERA_PCLK_IBUF_inst/O                                                     | CAMERA_PCLK_IBUF                                                         |
| src5      | g5        | MMCME2_ADV/CLKOUT3  | None            | MMCME2_ADV_X1Y2 | X1Y2         |           1 |               0 |              42.000 | Multiple     | clk_wiz_inst/inst/mmcm_adv_inst/CLKOUT3                                     | clk_wiz_inst/inst/clk_out4_clk_wiz_0                                     |
| src6      | g6        | IBUF/O              | IOB_X0Y124      | IOB_X0Y124      | X0Y2         |           1 |               0 |              40.000 | eth_tx_clk   | ethlite_i/ethlite_i/U0/NO_LOOPBACK_GEN.INCLUDE_BUFG_GEN.TX_IBUF_INST/O      | ethlite_i/ethlite_i/U0/o                                                 |
| src7      | g7        | IBUF/O              | IOB_X0Y122      | IOB_X0Y122      | X0Y2         |           1 |               0 |              40.000 | eth_rx_clk   | ethlite_i/ethlite_i/U0/NO_LOOPBACK_GEN.INCLUDE_BUFG_GEN.RX_IBUF_INST/O      | ethlite_i/ethlite_i/U0/NO_LOOPBACK_GEN.INCLUDE_BUFG_GEN.RX_IBUF_INST_n_0 |
| src8      | g8        | MMCME2_ADV/CLKOUT1  | None            | MMCME2_ADV_X1Y2 | X1Y2         |           1 |               0 |               5.000 | Multiple     | clk_wiz_inst/inst/mmcm_adv_inst/CLKOUT1                                     | clk_wiz_inst/inst/clk_out2_clk_wiz_0                                     |
| src9      | g9        | BSCANE2/TCK         | None            | BSCAN_X0Y1      | X0Y1         |           1 |               0 |                     |              | soc_base_inst/cpu_inst/bSCANE2_1/TCK                                        | soc_base_inst/cpu_inst/bSCANE2_1_0                                       |
| src10     | g10       | MMCME2_ADV/CLKOUT2  | None            | MMCME2_ADV_X1Y2 | X1Y2         |           1 |               0 |               6.000 | Multiple     | clk_wiz_inst/inst/mmcm_adv_inst/CLKOUT2                                     | clk_wiz_inst/inst/clk_out3_clk_wiz_0                                     |
| src11     | g11       | MMCME2_ADV/CLKFBOUT | None            | MMCME2_ADV_X1Y2 | X1Y2         |           1 |               0 |              10.000 | Multiple     | clk_wiz_inst/inst/mmcm_adv_inst/CLKFBOUT                                    | clk_wiz_inst/inst/clkfbout_clk_wiz_0                                     |
| src12     | g12       | PLLE2_ADV/CLKOUT3   | PLLE2_ADV_X1Y1  | PLLE2_ADV_X1Y1  | X1Y1         |           1 |               0 |              12.000 | Multiple     | mig_inst/u_mig_7series_0_mig/u_ddr3_infrastructure/plle2_i/CLKOUT3          | mig_inst/u_mig_7series_0_mig/u_ddr3_infrastructure/pll_clk3_out          |
| src13     | g13       | MMCME2_ADV/CLKOUT6  | None            | MMCME2_ADV_X1Y2 | X1Y2         |           1 |               0 |              40.000 | Multiple     | clk_wiz_inst/inst/mmcm_adv_inst/CLKOUT6                                     | clk_wiz_inst/inst/clk_out7_clk_wiz_0                                     |
+-----------+-----------+---------------------+-----------------+-----------------+--------------+-------------+-----------------+---------------------+--------------+-----------------------------------------------------------------------------+--------------------------------------------------------------------------+
* Clock Loads column represents cell count of net connects that connect to a clock pin. Internal cell leaf pins are not considered
** Non-Clock Loads column represents cell count of non-clock pin loads


4. Local Clock Details
----------------------

+----------+----------------------------+---------------------+------------------------------------+--------------+-------------+-----------------+--------------+----------+---------------------------------------------------------------------------------------------------------------------------------------------------------------------------------------------------+------------------------------------------------------------------------------------------------------------------------------------------------------------------------------------------------+
| Local Id | Driver Type/Pin            | Constraint          | Site/BEL                           | Clock Region | Clock Loads | Non-Clock Loads | Clock Period | Clock    | Driver Pin                                                                                                                                                                                        | Net                                                                                                                                                                                            |
+----------+----------------------------+---------------------+------------------------------------+--------------+-------------+-----------------+--------------+----------+---------------------------------------------------------------------------------------------------------------------------------------------------------------------------------------------------+------------------------------------------------------------------------------------------------------------------------------------------------------------------------------------------------+
| 0        | PLLE2_ADV/CLKOUT0          | PLLE2_ADV_X1Y1      | PLLE2_ADV_X1Y1/PLLE2_ADV           | X1Y1         |           5 |               2 |        1.500 | Multiple | mig_inst/u_mig_7series_0_mig/u_ddr3_infrastructure/plle2_i/CLKOUT0                                                                                                                                | mig_inst/u_mig_7series_0_mig/u_ddr3_infrastructure/freq_refclk                                                                                                                                 |
| 1        | PHASER_OUT_PHY/OCLKDELAYED | PHASER_OUT_PHY_X1Y6 | PHASER_OUT_PHY_X1Y6/PHASER_OUT_PHY | X1Y1         |           2 |               0 |        3.000 | Multiple | mig_inst/u_mig_7series_0_mig/u_memc_ui_top_axi/mem_intfc0/ddr_phy_top0/u_ddr_mc_phy_wrapper/u_ddr_mc_phy/ddr_phy_4lanes_0.u_ddr_phy_4lanes/ddr_byte_lane_C.ddr_byte_lane_C/phaser_out/OCLKDELAYED | mig_inst/u_mig_7series_0_mig/u_memc_ui_top_axi/mem_intfc0/ddr_phy_top0/u_ddr_mc_phy_wrapper/u_ddr_mc_phy/ddr_phy_4lanes_0.u_ddr_phy_4lanes/ddr_byte_lane_C.ddr_byte_lane_C/oserdes_clk_delayed |
| 2        | PHASER_OUT_PHY/OCLKDELAYED | PHASER_OUT_PHY_X1Y7 | PHASER_OUT_PHY_X1Y7/PHASER_OUT_PHY | X1Y1         |           2 |               0 |        3.000 | Multiple | mig_inst/u_mig_7series_0_mig/u_memc_ui_top_axi/mem_intfc0/ddr_phy_top0/u_ddr_mc_phy_wrapper/u_ddr_mc_phy/ddr_phy_4lanes_0.u_ddr_phy_4lanes/ddr_byte_lane_D.ddr_byte_lane_D/phaser_out/OCLKDELAYED | mig_inst/u_mig_7series_0_mig/u_memc_ui_top_axi/mem_intfc0/ddr_phy_top0/u_ddr_mc_phy_wrapper/u_ddr_mc_phy/ddr_phy_4lanes_0.u_ddr_phy_4lanes/ddr_byte_lane_D.ddr_byte_lane_D/oserdes_clk_delayed |
| 3        | PLLE2_ADV/CLKOUT1          | PLLE2_ADV_X1Y1      | PLLE2_ADV_X1Y1/PLLE2_ADV           | X1Y1         |           1 |               6 |        3.000 | Multiple | mig_inst/u_mig_7series_0_mig/u_ddr3_infrastructure/plle2_i/CLKOUT1                                                                                                                                | mig_inst/u_mig_7series_0_mig/u_ddr3_infrastructure/mem_refclk                                                                                                                                  |
+----------+----------------------------+---------------------+------------------------------------+--------------+-------------+-----------------+--------------+----------+---------------------------------------------------------------------------------------------------------------------------------------------------------------------------------------------------+------------------------------------------------------------------------------------------------------------------------------------------------------------------------------------------------+
* Local Clocks in this context represents only clocks driven by non-global buffers
** Clock Loads column represents cell count of net connects that connect to a clock pin. Internal cell leaf pins are not considered
*** Non-Clock Loads column represents cell count of non-clock pin loads


5. Clock Regions: Key Resource Utilization
------------------------------------------

+-------------------+--------------+--------------+--------------+--------------+--------------+--------------+--------------+--------------+--------------+--------------+---------------+--------------+--------------+--------------+--------------+
|                   | Global Clock |     BUFRs    |    BUFMRs    |    BUFIOs    |     MMCM     |      PLL     |      GT      |      PCI     |    ILOGIC    |    OLOGIC    |       FF      |     LUTM     |    RAMB18    |    RAMB36    |    DSP48E2   |
+-------------------+------+-------+------+-------+------+-------+------+-------+------+-------+------+-------+------+-------+------+-------+------+-------+------+-------+-------+-------+------+-------+------+-------+------+-------+------+-------+
| Clock Region Name | Used | Avail | Used | Avail | Used | Avail | Used | Avail | Used | Avail | Used | Avail | Used | Avail | Used | Avail | Used | Avail | Used | Avail | Used  | Avail | Used | Avail | Used | Avail | Used | Avail | Used | Avail |
+-------------------+------+-------+------+-------+------+-------+------+-------+------+-------+------+-------+------+-------+------+-------+------+-------+------+-------+-------+-------+------+-------+------+-------+------+-------+------+-------+
| X0Y0              |    5 |    12 |    0 |     4 |    0 |     2 |    0 |     4 |    0 |     1 |    0 |     1 |    0 |     0 |    0 |     0 |    0 |    50 |    0 |    50 | 12501 |  2600 | 3357 |   600 |    0 |    20 |    9 |    10 |    9 |    20 |
| X1Y0              |    6 |    12 |    0 |     0 |    0 |     0 |    0 |     0 |    0 |     0 |    0 |     0 |    0 |     4 |    0 |     0 |    0 |     0 |    0 |     0 |  5842 |  1500 | 2297 |   550 |    2 |    40 |   18 |    20 |    4 |    40 |
| X0Y1              |    5 |    12 |    0 |     4 |    0 |     2 |    0 |     4 |    0 |     1 |    0 |     1 |    0 |     0 |    0 |     0 |    0 |    50 |    0 |    50 |  7821 |  2000 | 2371 |   600 |    1 |    20 |    9 |    10 |    1 |    20 |
| X1Y1              |    8 |    12 |    0 |     4 |    0 |     2 |    0 |     4 |    1 |     1 |    1 |     1 |    0 |     0 |    0 |     0 |    0 |    50 |    4 |    50 |  7008 |  1900 | 2323 |   650 |   10 |    60 |   20 |    30 |    3 |    40 |
| X0Y2              |    5 |    12 |    0 |     4 |    0 |     2 |    0 |     4 |    0 |     1 |    0 |     1 |    0 |     0 |    0 |     0 |    0 |    50 |    0 |    50 |  5966 |  2000 | 1834 |   600 |    0 |    20 |    9 |    10 |    6 |    20 |
| X1Y2              |    6 |    12 |    0 |     4 |    0 |     2 |    0 |     4 |    1 |     1 |    0 |     1 |    0 |     0 |    0 |     0 |    0 |    50 |    0 |    50 |  5776 |  1900 | 1072 |   650 |    5 |    60 |   22 |    30 |   18 |    40 |
| X0Y3              |    2 |    12 |    0 |     4 |    0 |     2 |    0 |     4 |    0 |     1 |    0 |     1 |    0 |     0 |    0 |     0 |    0 |    50 |    0 |    50 |  6762 |  2600 |  174 |   600 |    0 |    20 |    7 |    10 |   11 |    20 |
| X1Y3              |    2 |    12 |    0 |     0 |    0 |     0 |    0 |     0 |    0 |     0 |    0 |     0 |    0 |     4 |    0 |     1 |    0 |     0 |    0 |     0 |  3591 |  1350 |  581 |   500 |    1 |    30 |    4 |    15 |   16 |    40 |
+-------------------+------+-------+------+-------+------+-------+------+-------+------+-------+------+-------+------+-------+------+-------+------+-------+------+-------+-------+-------+------+-------+------+-------+------+-------+------+-------+
* Global Clock column represents track count; while other columns represents cell counts


6. Clock Regions : Global Clock Summary
---------------------------------------

All Modules
+----+----+----+
|    | X0 | X1 |
+----+----+----+
| Y3 |  0 |  0 |
| Y2 |  0 |  0 |
| Y1 |  0 |  0 |
| Y0 |  0 |  0 |
+----+----+----+


7. Device Cell Placement Summary for Global Clock g0
----------------------------------------------------

+-----------+-----------------+-------------------+----------+-------------+---------------+-------------+----------+----------------+----------+----------------------------+
| Global Id | Driver Type/Pin | Driver Region (D) | Clock    | Period (ns) | Waveform (ns) | Slice Loads | IO Loads | Clocking Loads | GT Loads | Net                        |
+-----------+-----------------+-------------------+----------+-------------+---------------+-------------+----------+----------------+----------+----------------------------+
| g0        | BUFG/O          | n/a               | Multiple |       8.000 | {0.000 4.000} |       54226 |        0 |              0 |        0 | clk_wiz_inst/inst/clk_out5 |
+-----------+-----------------+-------------------+----------+-------------+---------------+-------------+----------+----------------+----------+----------------------------+
* Slice Loads column represents load cell count of all cell types other than IO, GT and clock resources
** IO Loads column represents load cell count of IO types
*** Clocking Loads column represents load cell count that are clock resources (global clock buffer, MMCM, PLL, etc)
**** GT Loads column represents load cell count of GT types


+----+--------+-------+-----------------------+
|    | X0     | X1    | HORIZONTAL PROG DELAY |
+----+--------+-------+-----------------------+
| Y3 |   7503 |  4058 |                     0 |
| Y2 |   6761 |  6206 |                     0 |
| Y1 |   7671 |  4482 |                     0 |
| Y0 |  12698 |  4847 |                     0 |
+----+--------+-------+-----------------------+


8. Device Cell Placement Summary for Global Clock g1
----------------------------------------------------

+-----------+-----------------+-------------------+----------+-------------+---------------+-------------+----------+----------------+----------+---------------------------------------------------------------------+
| Global Id | Driver Type/Pin | Driver Region (D) | Clock    | Period (ns) | Waveform (ns) | Slice Loads | IO Loads | Clocking Loads | GT Loads | Net                                                                 |
+-----------+-----------------+-------------------+----------+-------------+---------------+-------------+----------+----------------+----------+---------------------------------------------------------------------+
| g1        | BUFG/O          | n/a               | Multiple |      12.000 | {0.000 6.000} |        4691 |        0 |              1 |        0 | mig_inst/u_mig_7series_0_mig/u_ddr3_infrastructure/u_bufg_clkdiv0_0 |
+-----------+-----------------+-------------------+----------+-------------+---------------+-------------+----------+----------------+----------+---------------------------------------------------------------------+
* Slice Loads column represents load cell count of all cell types other than IO, GT and clock resources
** IO Loads column represents load cell count of IO types
*** Clocking Loads column represents load cell count that are clock resources (global clock buffer, MMCM, PLL, etc)
**** GT Loads column represents load cell count of GT types


+----+------+-------+-----------------------+
|    | X0   | X1    | HORIZONTAL PROG DELAY |
+----+------+-------+-----------------------+
| Y3 |    0 |     0 |                     - |
| Y2 |   11 |    66 |                     0 |
| Y1 |  255 |  2588 |                     0 |
| Y0 |  260 |  1512 |                     0 |
+----+------+-------+-----------------------+


9. Device Cell Placement Summary for Global Clock g2
----------------------------------------------------

+-----------+-----------------+-------------------+----------+-------------+---------------+-------------+----------+----------------+----------+----------------------------+
| Global Id | Driver Type/Pin | Driver Region (D) | Clock    | Period (ns) | Waveform (ns) | Slice Loads | IO Loads | Clocking Loads | GT Loads | Net                        |
+-----------+-----------------+-------------------+----------+-------------+---------------+-------------+----------+----------------+----------+----------------------------+
| g2        | BUFG/O          | n/a               | Multiple |       4.000 | {0.000 2.000} |         886 |        0 |              0 |        0 | clk_wiz_inst/inst/clk_out6 |
+-----------+-----------------+-------------------+----------+-------------+---------------+-------------+----------+----------------+----------+----------------------------+
* Slice Loads column represents load cell count of all cell types other than IO, GT and clock resources
** IO Loads column represents load cell count of IO types
*** Clocking Loads column represents load cell count that are clock resources (global clock buffer, MMCM, PLL, etc)
**** GT Loads column represents load cell count of GT types


+----+------+------+-----------------------+
|    | X0   | X1   | HORIZONTAL PROG DELAY |
+----+------+------+-----------------------+
| Y3 |  283 |  171 |                     0 |
| Y2 |  212 |  213 |                     0 |
| Y1 |    1 |    0 |                     0 |
| Y0 |    0 |    6 |                     0 |
+----+------+------+-----------------------+


10. Device Cell Placement Summary for Global Clock g3
-----------------------------------------------------

+-----------+-----------------+-------------------+----------+-------------+----------------+-------------+----------+----------------+----------+----------------------------+
| Global Id | Driver Type/Pin | Driver Region (D) | Clock    | Period (ns) | Waveform (ns)  | Slice Loads | IO Loads | Clocking Loads | GT Loads | Net                        |
+-----------+-----------------+-------------------+----------+-------------+----------------+-------------+----------+----------------+----------+----------------------------+
| g3        | BUFG/O          | n/a               | Multiple |      39.750 | {0.000 19.875} |         162 |        0 |              0 |        0 | clk_wiz_inst/inst/clk_out1 |
+-----------+-----------------+-------------------+----------+-------------+----------------+-------------+----------+----------------+----------+----------------------------+
* Slice Loads column represents load cell count of all cell types other than IO, GT and clock resources
** IO Loads column represents load cell count of IO types
*** Clocking Loads column represents load cell count that are clock resources (global clock buffer, MMCM, PLL, etc)
**** GT Loads column represents load cell count of GT types


+----+-----+------+-----------------------+
|    | X0  | X1   | HORIZONTAL PROG DELAY |
+----+-----+------+-----------------------+
| Y3 |   0 |    0 |                     - |
| Y2 |   0 |    0 |                     - |
| Y1 |  18 |  144 |                     0 |
| Y0 |   0 |    0 |                     - |
+----+-----+------+-----------------------+


11. Device Cell Placement Summary for Global Clock g4
-----------------------------------------------------

+-----------+-----------------+-------------------+-------+-------------+---------------+-------------+----------+----------------+----------+-----------------------+
| Global Id | Driver Type/Pin | Driver Region (D) | Clock | Period (ns) | Waveform (ns) | Slice Loads | IO Loads | Clocking Loads | GT Loads | Net                   |
+-----------+-----------------+-------------------+-------+-------------+---------------+-------------+----------+----------------+----------+-----------------------+
| g4        | BUFG/O          | n/a               |       |             |               |         111 |        0 |              0 |        0 | CAMERA_PCLK_IBUF_BUFG |
+-----------+-----------------+-------------------+-------+-------------+---------------+-------------+----------+----------------+----------+-----------------------+
* Slice Loads column represents load cell count of all cell types other than IO, GT and clock resources
** IO Loads column represents load cell count of IO types
*** Clocking Loads column represents load cell count that are clock resources (global clock buffer, MMCM, PLL, etc)
**** GT Loads column represents load cell count of GT types


+----+----+-----+-----------------------+
|    | X0 | X1  | HORIZONTAL PROG DELAY |
+----+----+-----+-----------------------+
| Y3 |  0 |   0 |                     - |
| Y2 |  0 |  75 |                     0 |
| Y1 |  0 |  31 |                     0 |
| Y0 |  0 |   5 |                     0 |
+----+----+-----+-----------------------+


12. Device Cell Placement Summary for Global Clock g5
-----------------------------------------------------

+-----------+-----------------+-------------------+----------+-------------+----------------+-------------+----------+----------------+----------+----------------------------+
| Global Id | Driver Type/Pin | Driver Region (D) | Clock    | Period (ns) | Waveform (ns)  | Slice Loads | IO Loads | Clocking Loads | GT Loads | Net                        |
+-----------+-----------------+-------------------+----------+-------------+----------------+-------------+----------+----------------+----------+----------------------------+
| g5        | BUFG/O          | n/a               | Multiple |      42.000 | {0.000 21.000} |         104 |        0 |              0 |        0 | clk_wiz_inst/inst/clk_out4 |
+-----------+-----------------+-------------------+----------+-------------+----------------+-------------+----------+----------------+----------+----------------------------+
* Slice Loads column represents load cell count of all cell types other than IO, GT and clock resources
** IO Loads column represents load cell count of IO types
*** Clocking Loads column represents load cell count that are clock resources (global clock buffer, MMCM, PLL, etc)
**** GT Loads column represents load cell count of GT types


+----+----+-----+-----------------------+
|    | X0 | X1  | HORIZONTAL PROG DELAY |
+----+----+-----+-----------------------+
| Y3 |  0 |   0 |                     - |
| Y2 |  0 |   2 |                     0 |
| Y1 |  0 |   9 |                     0 |
| Y0 |  0 |  93 |                     0 |
+----+----+-----+-----------------------+


13. Device Cell Placement Summary for Global Clock g6
-----------------------------------------------------

+-----------+-----------------+-------------------+------------+-------------+----------------+-------------+----------+----------------+----------+----------------------------------------+
| Global Id | Driver Type/Pin | Driver Region (D) | Clock      | Period (ns) | Waveform (ns)  | Slice Loads | IO Loads | Clocking Loads | GT Loads | Net                                    |
+-----------+-----------------+-------------------+------------+-------------+----------------+-------------+----------+----------------+----------+----------------------------------------+
| g6        | BUFG/O          | n/a               | eth_tx_clk |      40.000 | {0.000 20.000} |          96 |        0 |              0 |        0 | ethlite_i/ethlite_i/U0/phy_tx_clk_core |
+-----------+-----------------+-------------------+------------+-------------+----------------+-------------+----------+----------------+----------+----------------------------------------+
* Slice Loads column represents load cell count of all cell types other than IO, GT and clock resources
** IO Loads column represents load cell count of IO types
*** Clocking Loads column represents load cell count that are clock resources (global clock buffer, MMCM, PLL, etc)
**** GT Loads column represents load cell count of GT types


+----+-----+----+-----------------------+
|    | X0  | X1 | HORIZONTAL PROG DELAY |
+----+-----+----+-----------------------+
| Y3 |   0 |  0 |                     - |
| Y2 |   0 |  0 |                     - |
| Y1 |   0 |  0 |                     - |
| Y0 |  96 |  0 |                     0 |
+----+-----+----+-----------------------+


14. Device Cell Placement Summary for Global Clock g7
-----------------------------------------------------

+-----------+-----------------+-------------------+------------+-------------+----------------+-------------+----------+----------------+----------+---------------------------------+
| Global Id | Driver Type/Pin | Driver Region (D) | Clock      | Period (ns) | Waveform (ns)  | Slice Loads | IO Loads | Clocking Loads | GT Loads | Net                             |
+-----------+-----------------+-------------------+------------+-------------+----------------+-------------+----------+----------------+----------+---------------------------------+
| g7        | BUFG/O          | n/a               | eth_rx_clk |      40.000 | {0.000 20.000} |          90 |        0 |              0 |        0 | ethlite_i/ethlite_i/U0/dest_clk |
+-----------+-----------------+-------------------+------------+-------------+----------------+-------------+----------+----------------+----------+---------------------------------+
* Slice Loads column represents load cell count of all cell types other than IO, GT and clock resources
** IO Loads column represents load cell count of IO types
*** Clocking Loads column represents load cell count that are clock resources (global clock buffer, MMCM, PLL, etc)
**** GT Loads column represents load cell count of GT types


+----+-----+----+-----------------------+
|    | X0  | X1 | HORIZONTAL PROG DELAY |
+----+-----+----+-----------------------+
| Y3 |   0 |  0 |                     - |
| Y2 |   0 |  0 |                     - |
| Y1 |   0 |  0 |                     - |
| Y0 |  90 |  0 |                     0 |
+----+-----+----+-----------------------+


15. Device Cell Placement Summary for Global Clock g8
-----------------------------------------------------

+-----------+-----------------+-------------------+----------+-------------+---------------+-------------+----------+----------------+----------+----------------------------+
| Global Id | Driver Type/Pin | Driver Region (D) | Clock    | Period (ns) | Waveform (ns) | Slice Loads | IO Loads | Clocking Loads | GT Loads | Net                        |
+-----------+-----------------+-------------------+----------+-------------+---------------+-------------+----------+----------------+----------+----------------------------+
| g8        | BUFG/O          | n/a               | Multiple |       5.000 | {0.000 2.500} |          62 |        0 |              0 |        0 | clk_wiz_inst/inst/clk_out2 |
+-----------+-----------------+-------------------+----------+-------------+---------------+-------------+----------+----------------+----------+----------------------------+
* Slice Loads column represents load cell count of all cell types other than IO, GT and clock resources
** IO Loads column represents load cell count of IO types
*** Clocking Loads column represents load cell count that are clock resources (global clock buffer, MMCM, PLL, etc)
**** GT Loads column represents load cell count of GT types


+----+-----+-----+-----------------------+
|    | X0  | X1  | HORIZONTAL PROG DELAY |
+----+-----+-----+-----------------------+
| Y3 |   0 |   0 |                     - |
| Y2 |   8 |   0 |                     0 |
| Y1 |  38 |   1 |                     0 |
| Y0 |   0 |  15 |                     0 |
+----+-----+-----+-----------------------+


16. Device Cell Placement Summary for Global Clock g9
-----------------------------------------------------

+-----------+-----------------+-------------------+-------+-------------+---------------+-------------+----------+----------------+----------+------------------------+
| Global Id | Driver Type/Pin | Driver Region (D) | Clock | Period (ns) | Waveform (ns) | Slice Loads | IO Loads | Clocking Loads | GT Loads | Net                    |
+-----------+-----------------+-------------------+-------+-------------+---------------+-------------+----------+----------------+----------+------------------------+
| g9        | BUFG/O          | n/a               |       |             |               |          43 |        0 |              0 |        0 | cpu_inst/bSCANE2_1_TCK |
+-----------+-----------------+-------------------+-------+-------------+---------------+-------------+----------+----------------+----------+------------------------+
* Slice Loads column represents load cell count of all cell types other than IO, GT and clock resources
** IO Loads column represents load cell count of IO types
*** Clocking Loads column represents load cell count that are clock resources (global clock buffer, MMCM, PLL, etc)
**** GT Loads column represents load cell count of GT types


+----+-----+----+-----------------------+
|    | X0  | X1 | HORIZONTAL PROG DELAY |
+----+-----+----+-----------------------+
| Y3 |   0 |  0 |                     - |
| Y2 |   0 |  0 |                     - |
| Y1 |   0 |  0 |                     - |
| Y0 |  43 |  0 |                     0 |
+----+-----+----+-----------------------+


17. Device Cell Placement Summary for Global Clock g10
------------------------------------------------------

+-----------+-----------------+-------------------+----------+-------------+---------------+-------------+----------+----------------+----------+----------------------------+
| Global Id | Driver Type/Pin | Driver Region (D) | Clock    | Period (ns) | Waveform (ns) | Slice Loads | IO Loads | Clocking Loads | GT Loads | Net                        |
+-----------+-----------------+-------------------+----------+-------------+---------------+-------------+----------+----------------+----------+----------------------------+
| g10       | BUFG/O          | n/a               | Multiple |       6.000 | {0.000 3.000} |           0 |        0 |              1 |        0 | clk_wiz_inst/inst/clk_out3 |
+-----------+-----------------+-------------------+----------+-------------+---------------+-------------+----------+----------------+----------+----------------------------+
* Slice Loads column represents load cell count of all cell types other than IO, GT and clock resources
** IO Loads column represents load cell count of IO types
*** Clocking Loads column represents load cell count that are clock resources (global clock buffer, MMCM, PLL, etc)
**** GT Loads column represents load cell count of GT types


+----+----+----+-----------------------+
|    | X0 | X1 | HORIZONTAL PROG DELAY |
+----+----+----+-----------------------+
| Y3 |  0 |  0 |                     - |
| Y2 |  0 |  0 |                     - |
| Y1 |  0 |  1 |                     0 |
| Y0 |  0 |  0 |                     - |
+----+----+----+-----------------------+


18. Device Cell Placement Summary for Global Clock g11
------------------------------------------------------

+-----------+-----------------+-------------------+----------+-------------+---------------+-------------+----------+----------------+----------+------------------------------------------+
| Global Id | Driver Type/Pin | Driver Region (D) | Clock    | Period (ns) | Waveform (ns) | Slice Loads | IO Loads | Clocking Loads | GT Loads | Net                                      |
+-----------+-----------------+-------------------+----------+-------------+---------------+-------------+----------+----------------+----------+------------------------------------------+
| g11       | BUFG/O          | n/a               | Multiple |      10.000 | {0.000 5.000} |           0 |        0 |              1 |        0 | clk_wiz_inst/inst/clkfbout_buf_clk_wiz_0 |
+-----------+-----------------+-------------------+----------+-------------+---------------+-------------+----------+----------------+----------+------------------------------------------+
* Slice Loads column represents load cell count of all cell types other than IO, GT and clock resources
** IO Loads column represents load cell count of IO types
*** Clocking Loads column represents load cell count that are clock resources (global clock buffer, MMCM, PLL, etc)
**** GT Loads column represents load cell count of GT types


+----+----+----+-----------------------+
|    | X0 | X1 | HORIZONTAL PROG DELAY |
+----+----+----+-----------------------+
| Y3 |  0 |  0 |                     - |
| Y2 |  0 |  1 |                     0 |
| Y1 |  0 |  0 |                     - |
| Y0 |  0 |  0 |                     - |
+----+----+----+-----------------------+


19. Device Cell Placement Summary for Global Clock g12
------------------------------------------------------

+-----------+-----------------+-------------------+----------+-------------+---------------+-------------+----------+----------------+----------+-------------------------------------------------------------+
| Global Id | Driver Type/Pin | Driver Region (D) | Clock    | Period (ns) | Waveform (ns) | Slice Loads | IO Loads | Clocking Loads | GT Loads | Net                                                         |
+-----------+-----------------+-------------------+----------+-------------+---------------+-------------+----------+----------------+----------+-------------------------------------------------------------+
| g12       | BUFH/O          | X1Y1              | Multiple |      12.000 | {0.000 6.000} |           0 |        0 |              1 |        0 | mig_inst/u_mig_7series_0_mig/u_ddr3_infrastructure/pll_clk3 |
+-----------+-----------------+-------------------+----------+-------------+---------------+-------------+----------+----------------+----------+-------------------------------------------------------------+
* Slice Loads column represents load cell count of all cell types other than IO, GT and clock resources
** IO Loads column represents load cell count of IO types
*** Clocking Loads column represents load cell count that are clock resources (global clock buffer, MMCM, PLL, etc)
**** GT Loads column represents load cell count of GT types


+----+----+--------+-----------------------+
|    | X0 | X1     | HORIZONTAL PROG DELAY |
+----+----+--------+-----------------------+
| Y3 |  0 |      0 |                     - |
| Y2 |  0 |      0 |                     - |
| Y1 |  0 |  (D) 1 |                     0 |
| Y0 |  0 |      0 |                     - |
+----+----+--------+-----------------------+


20. Device Cell Placement Summary for Global Clock g13
------------------------------------------------------

+-----------+-----------------+-------------------+----------+-------------+----------------+-------------+----------+----------------+----------+------------------+
| Global Id | Driver Type/Pin | Driver Region (D) | Clock    | Period (ns) | Waveform (ns)  | Slice Loads | IO Loads | Clocking Loads | GT Loads | Net              |
+-----------+-----------------+-------------------+----------+-------------+----------------+-------------+----------+----------------+----------+------------------+
| g13       | BUFG/O          | n/a               | Multiple |      40.000 | {0.000 20.000} |           0 |        1 |              0 |        0 | eth_ref_clk_OBUF |
+-----------+-----------------+-------------------+----------+-------------+----------------+-------------+----------+----------------+----------+------------------+
* Slice Loads column represents load cell count of all cell types other than IO, GT and clock resources
** IO Loads column represents load cell count of IO types
*** Clocking Loads column represents load cell count that are clock resources (global clock buffer, MMCM, PLL, etc)
**** GT Loads column represents load cell count of GT types


+----+----+----+-----------------------+
|    | X0 | X1 | HORIZONTAL PROG DELAY |
+----+----+----+-----------------------+
| Y3 |  0 |  0 |                     - |
| Y2 |  1 |  0 |                     0 |
| Y1 |  0 |  0 |                     - |
| Y0 |  0 |  0 |                     - |
+----+----+----+-----------------------+


21. Clock Region Cell Placement per Global Clock: Region X0Y0
-------------------------------------------------------------

+-----------+-------+-----------------+------------+-------------+-----------------+-------+-------------+------+-----+----+------+-----+---------+---------------------------------------------------------------------+
| Global Id | Track | Driver Type/Pin | Constraint | Clock Loads | Non-Clock Loads | FF    | Memory LUTs | RAMB | DSP | GT | MMCM | PLL | Hard IP | Net                                                                 |
+-----------+-------+-----------------+------------+-------------+-----------------+-------+-------------+------+-----+----+------+-----+---------+---------------------------------------------------------------------+
| g0        | n/a   | BUFG/O          | None       |       12547 |             151 | 12013 |         386 |    9 |   9 |  0 |    0 |   0 |       0 | clk_wiz_inst/inst/clk_out5                                          |
| g1        | n/a   | BUFG/O          | None       |         260 |               0 |   260 |           0 |    0 |   0 |  0 |    0 |   0 |       0 | mig_inst/u_mig_7series_0_mig/u_ddr3_infrastructure/u_bufg_clkdiv0_0 |
| g6        | n/a   | BUFG/O          | None       |          95 |               1 |    96 |           0 |    0 |   0 |  0 |    0 |   0 |       0 | ethlite_i/ethlite_i/U0/phy_tx_clk_core                              |
| g7        | n/a   | BUFG/O          | None       |          90 |               0 |    90 |           0 |    0 |   0 |  0 |    0 |   0 |       0 | ethlite_i/ethlite_i/U0/dest_clk                                     |
| g9        | n/a   | BUFG/O          | None       |          43 |               0 |    43 |           0 |    0 |   0 |  0 |    0 |   0 |       0 | cpu_inst/bSCANE2_1_TCK                                              |
+-----------+-------+-----------------+------------+-------------+-----------------+-------+-------------+------+-----+----+------+-----+---------+---------------------------------------------------------------------+
* Clock Loads column represents cell count of net connects that connect to a clock pin. Internal cell leaf pins are not considered
** Non-Clock Loads column represents cell count of non-clock pin loads
*** Columns FF, LUTRAM, RAMB through 'Hard IP' represents load cell counts


22. Clock Region Cell Placement per Global Clock: Region X1Y0
-------------------------------------------------------------

+-----------+-------+-----------------+------------+-------------+-----------------+------+-------------+------+-----+----+------+-----+---------+---------------------------------------------------------------------+
| Global Id | Track | Driver Type/Pin | Constraint | Clock Loads | Non-Clock Loads | FF   | Memory LUTs | RAMB | DSP | GT | MMCM | PLL | Hard IP | Net                                                                 |
+-----------+-------+-----------------+------------+-------------+-----------------+------+-------------+------+-----+----+------+-----+---------+---------------------------------------------------------------------+
| g0        | n/a   | BUFG/O          | None       |        4572 |             275 | 4228 |          36 |   14 |   4 |  0 |    0 |   0 |       0 | clk_wiz_inst/inst/clk_out5                                          |
| g1        | n/a   | BUFG/O          | None       |        1512 |               0 | 1501 |          11 |    0 |   0 |  0 |    0 |   0 |       0 | mig_inst/u_mig_7series_0_mig/u_ddr3_infrastructure/u_bufg_clkdiv0_0 |
| g2        | n/a   | BUFG/O          | None       |           6 |               0 |    0 |           0 |    6 |   0 |  0 |    0 |   0 |       0 | clk_wiz_inst/inst/clk_out6                                          |
| g4        | n/a   | BUFG/O          | None       |           5 |               0 |    5 |           0 |    0 |   0 |  0 |    0 |   0 |       0 | CAMERA_PCLK_IBUF_BUFG                                               |
| g5        | n/a   | BUFG/O          | None       |          93 |               0 |   93 |           0 |    0 |   0 |  0 |    0 |   0 |       0 | clk_wiz_inst/inst/clk_out4                                          |
| g8        | n/a   | BUFG/O          | None       |          15 |               0 |   15 |           0 |    0 |   0 |  0 |    0 |   0 |       0 | clk_wiz_inst/inst/clk_out2                                          |
+-----------+-------+-----------------+------------+-------------+-----------------+------+-------------+------+-----+----+------+-----+---------+---------------------------------------------------------------------+
* Clock Loads column represents cell count of net connects that connect to a clock pin. Internal cell leaf pins are not considered
** Non-Clock Loads column represents cell count of non-clock pin loads
*** Columns FF, LUTRAM, RAMB through 'Hard IP' represents load cell counts


23. Clock Region Cell Placement per Global Clock: Region X0Y1
-------------------------------------------------------------

+-----------+-------+-----------------+------------+-------------+-----------------+------+-------------+------+-----+----+------+-----+---------+---------------------------------------------------------------------+
| Global Id | Track | Driver Type/Pin | Constraint | Clock Loads | Non-Clock Loads | FF   | Memory LUTs | RAMB | DSP | GT | MMCM | PLL | Hard IP | Net                                                                 |
+-----------+-------+-----------------+------------+-------------+-----------------+------+-------------+------+-----+----+------+-----+---------+---------------------------------------------------------------------+
| g0        | n/a   | BUFG/O          | None       |        7658 |              13 | 7510 |         123 |    9 |   1 |  0 |    0 |   0 |       0 | clk_wiz_inst/inst/clk_out5                                          |
| g1        | n/a   | BUFG/O          | None       |         255 |               0 |  255 |           0 |    0 |   0 |  0 |    0 |   0 |       0 | mig_inst/u_mig_7series_0_mig/u_ddr3_infrastructure/u_bufg_clkdiv0_0 |
| g2        | n/a   | BUFG/O          | None       |           1 |               0 |    0 |           0 |    1 |   0 |  0 |    0 |   0 |       0 | clk_wiz_inst/inst/clk_out6                                          |
| g3        | n/a   | BUFG/O          | None       |          18 |               0 |   18 |           0 |    0 |   0 |  0 |    0 |   0 |       0 | clk_wiz_inst/inst/clk_out1                                          |
| g8        | n/a   | BUFG/O          | None       |          38 |               0 |   38 |           0 |    0 |   0 |  0 |    0 |   0 |       0 | clk_wiz_inst/inst/clk_out2                                          |
+-----------+-------+-----------------+------------+-------------+-----------------+------+-------------+------+-----+----+------+-----+---------+---------------------------------------------------------------------+
* Clock Loads column represents cell count of net connects that connect to a clock pin. Internal cell leaf pins are not considered
** Non-Clock Loads column represents cell count of non-clock pin loads
*** Columns FF, LUTRAM, RAMB through 'Hard IP' represents load cell counts


24. Clock Region Cell Placement per Global Clock: Region X1Y1
-------------------------------------------------------------

+-----------+-------+-----------------+------------+-------------+-----------------+------+-------------+------+-----+----+------+-----+---------+---------------------------------------------------------------------+
| Global Id | Track | Driver Type/Pin | Constraint | Clock Loads | Non-Clock Loads | FF   | Memory LUTs | RAMB | DSP | GT | MMCM | PLL | Hard IP | Net                                                                 |
+-----------+-------+-----------------+------------+-------------+-----------------+------+-------------+------+-----+----+------+-----+---------+---------------------------------------------------------------------+
| g0        | n/a   | BUFG/O          | None       |        4482 |               0 | 4401 |          20 |   30 |   3 |  0 |    0 |   0 |       0 | clk_wiz_inst/inst/clk_out5                                          |
| g1        | n/a   | BUFG/O          | None       |        2588 |               0 | 2423 |         135 |    0 |   0 |  0 |    1 |   0 |       0 | mig_inst/u_mig_7series_0_mig/u_ddr3_infrastructure/u_bufg_clkdiv0_0 |
| g3        | n/a   | BUFG/O          | None       |         144 |               0 |  144 |           0 |    0 |   0 |  0 |    0 |   0 |       0 | clk_wiz_inst/inst/clk_out1                                          |
| g4        | n/a   | BUFG/O          | None       |          31 |               0 |   31 |           0 |    0 |   0 |  0 |    0 |   0 |       0 | CAMERA_PCLK_IBUF_BUFG                                               |
| g5        | n/a   | BUFG/O          | None       |           9 |               0 |    9 |           0 |    0 |   0 |  0 |    0 |   0 |       0 | clk_wiz_inst/inst/clk_out4                                          |
| g8        | n/a   | BUFG/O          | None       |           1 |               0 |    0 |           0 |    0 |   0 |  0 |    0 |   0 |       0 | clk_wiz_inst/inst/clk_out2                                          |
| g10       | n/a   | BUFG/O          | None       |           1 |               0 |    0 |           0 |    0 |   0 |  0 |    0 |   1 |       0 | clk_wiz_inst/inst/clk_out3                                          |
| g12       | n/a   | BUFH/O          | None       |           1 |               0 |    0 |           0 |    0 |   0 |  0 |    1 |   0 |       0 | mig_inst/u_mig_7series_0_mig/u_ddr3_infrastructure/pll_clk3         |
+-----------+-------+-----------------+------------+-------------+-----------------+------+-------------+------+-----+----+------+-----+---------+---------------------------------------------------------------------+
* Clock Loads column represents cell count of net connects that connect to a clock pin. Internal cell leaf pins are not considered
** Non-Clock Loads column represents cell count of non-clock pin loads
*** Columns FF, LUTRAM, RAMB through 'Hard IP' represents load cell counts


25. Clock Region Cell Placement per Global Clock: Region X0Y2
-------------------------------------------------------------

+-----------+-------+-----------------+------------+-------------+-----------------+------+-------------+------+-----+----+------+-----+---------+---------------------------------------------------------------------+
| Global Id | Track | Driver Type/Pin | Constraint | Clock Loads | Non-Clock Loads | FF   | Memory LUTs | RAMB | DSP | GT | MMCM | PLL | Hard IP | Net                                                                 |
+-----------+-------+-----------------+------------+-------------+-----------------+------+-------------+------+-----+----+------+-----+---------+---------------------------------------------------------------------+
| g0        | n/a   | BUFG/O          | None       |        6554 |             207 | 5738 |         356 |    7 |   6 |  0 |    0 |   0 |       0 | clk_wiz_inst/inst/clk_out5                                          |
| g1        | n/a   | BUFG/O          | None       |          11 |               0 |   11 |           0 |    0 |   0 |  0 |    0 |   0 |       0 | mig_inst/u_mig_7series_0_mig/u_ddr3_infrastructure/u_bufg_clkdiv0_0 |
| g2        | n/a   | BUFG/O          | None       |         212 |               0 |  210 |           0 |    2 |   0 |  0 |    0 |   0 |       0 | clk_wiz_inst/inst/clk_out6                                          |
| g8        | n/a   | BUFG/O          | None       |           8 |               0 |    7 |           0 |    0 |   0 |  0 |    0 |   0 |       0 | clk_wiz_inst/inst/clk_out2                                          |
| g13       | n/a   | BUFG/O          | None       |           0 |               1 |    0 |           0 |    0 |   0 |  0 |    0 |   0 |       0 | eth_ref_clk_OBUF                                                    |
+-----------+-------+-----------------+------------+-------------+-----------------+------+-------------+------+-----+----+------+-----+---------+---------------------------------------------------------------------+
* Clock Loads column represents cell count of net connects that connect to a clock pin. Internal cell leaf pins are not considered
** Non-Clock Loads column represents cell count of non-clock pin loads
*** Columns FF, LUTRAM, RAMB through 'Hard IP' represents load cell counts


26. Clock Region Cell Placement per Global Clock: Region X1Y2
-------------------------------------------------------------

+-----------+-------+-----------------+------------+-------------+-----------------+------+-------------+------+-----+----+------+-----+---------+---------------------------------------------------------------------+
| Global Id | Track | Driver Type/Pin | Constraint | Clock Loads | Non-Clock Loads | FF   | Memory LUTs | RAMB | DSP | GT | MMCM | PLL | Hard IP | Net                                                                 |
+-----------+-------+-----------------+------------+-------------+-----------------+------+-------------+------+-----+----+------+-----+---------+---------------------------------------------------------------------+
| g0        | n/a   | BUFG/O          | None       |        5977 |             229 | 5428 |         167 |   21 |  18 |  0 |    0 |   0 |       0 | clk_wiz_inst/inst/clk_out5                                          |
| g1        | n/a   | BUFG/O          | None       |          66 |               0 |   66 |           0 |    0 |   0 |  0 |    0 |   0 |       0 | mig_inst/u_mig_7series_0_mig/u_ddr3_infrastructure/u_bufg_clkdiv0_0 |
| g2        | n/a   | BUFG/O          | None       |         213 |               0 |  206 |           0 |    6 |   0 |  0 |    0 |   0 |       0 | clk_wiz_inst/inst/clk_out6                                          |
| g4        | n/a   | BUFG/O          | None       |          75 |               0 |   75 |           0 |    0 |   0 |  0 |    0 |   0 |       0 | CAMERA_PCLK_IBUF_BUFG                                               |
| g5        | n/a   | BUFG/O          | None       |           2 |               0 |    1 |           0 |    0 |   0 |  0 |    0 |   0 |       0 | clk_wiz_inst/inst/clk_out4                                          |
| g11       | n/a   | BUFG/O          | None       |           1 |               0 |    0 |           0 |    0 |   0 |  0 |    1 |   0 |       0 | clk_wiz_inst/inst/clkfbout_buf_clk_wiz_0                            |
+-----------+-------+-----------------+------------+-------------+-----------------+------+-------------+------+-----+----+------+-----+---------+---------------------------------------------------------------------+
* Clock Loads column represents cell count of net connects that connect to a clock pin. Internal cell leaf pins are not considered
** Non-Clock Loads column represents cell count of non-clock pin loads
*** Columns FF, LUTRAM, RAMB through 'Hard IP' represents load cell counts


27. Clock Region Cell Placement per Global Clock: Region X0Y3
-------------------------------------------------------------

+-----------+-------+-----------------+------------+-------------+-----------------+------+-------------+------+-----+----+------+-----+---------+----------------------------+
| Global Id | Track | Driver Type/Pin | Constraint | Clock Loads | Non-Clock Loads | FF   | Memory LUTs | RAMB | DSP | GT | MMCM | PLL | Hard IP | Net                        |
+-----------+-------+-----------------+------------+-------------+-----------------+------+-------------+------+-----+----+------+-----+---------+----------------------------+
| g0        | n/a   | BUFG/O          | None       |        7187 |             316 | 6488 |          34 |    0 |  11 |  0 |    0 |   0 |       0 | clk_wiz_inst/inst/clk_out5 |
| g2        | n/a   | BUFG/O          | None       |         283 |               0 |  274 |           0 |    7 |   0 |  0 |    0 |   0 |       0 | clk_wiz_inst/inst/clk_out6 |
+-----------+-------+-----------------+------------+-------------+-----------------+------+-------------+------+-----+----+------+-----+---------+----------------------------+
* Clock Loads column represents cell count of net connects that connect to a clock pin. Internal cell leaf pins are not considered
** Non-Clock Loads column represents cell count of non-clock pin loads
*** Columns FF, LUTRAM, RAMB through 'Hard IP' represents load cell counts


28. Clock Region Cell Placement per Global Clock: Region X1Y3
-------------------------------------------------------------

+-----------+-------+-----------------+------------+-------------+-----------------+------+-------------+------+-----+----+------+-----+---------+----------------------------+
| Global Id | Track | Driver Type/Pin | Constraint | Clock Loads | Non-Clock Loads | FF   | Memory LUTs | RAMB | DSP | GT | MMCM | PLL | Hard IP | Net                        |
+-----------+-------+-----------------+------------+-------------+-----------------+------+-------------+------+-----+----+------+-----+---------+----------------------------+
| g0        | n/a   | BUFG/O          | None       |        3875 |             183 | 3425 |          83 |    1 |  16 |  0 |    0 |   0 |       0 | clk_wiz_inst/inst/clk_out5 |
| g2        | n/a   | BUFG/O          | None       |         171 |               0 |  166 |           0 |    4 |   0 |  0 |    0 |   0 |       0 | clk_wiz_inst/inst/clk_out6 |
+-----------+-------+-----------------+------------+-------------+-----------------+------+-------------+------+-----+----+------+-----+---------+----------------------------+
* Clock Loads column represents cell count of net connects that connect to a clock pin. Internal cell leaf pins are not considered
** Non-Clock Loads column represents cell count of non-clock pin loads
*** Columns FF, LUTRAM, RAMB through 'Hard IP' represents load cell counts



# Location of BUFG Primitives 
set_property LOC BUFGCTRL_X0Y0 [get_cells mig_inst/u_mig_7series_0_mig/u_ddr3_infrastructure/u_bufg_clkdiv0]
set_property LOC BUFGCTRL_X0Y24 [get_cells ethlite_i/ethlite_i/U0/NO_LOOPBACK_GEN.INCLUDE_BUFG_GEN.CLOCK_BUFG_TX]
set_property LOC BUFGCTRL_X0Y23 [get_cells ethlite_i/ethlite_i/U0/NO_LOOPBACK_GEN.INCLUDE_BUFG_GEN.CLOCK_BUFG_RX]
set_property LOC BUFGCTRL_X0Y18 [get_cells u_mainclk]
set_property LOC BUFGCTRL_X0Y2 [get_cells jtag_writeArea_valid_reg_i_2]
set_property LOC BUFGCTRL_X0Y25 [get_cells clk_wiz_inst/inst/clkf_buf]
set_property LOC BUFGCTRL_X0Y20 [get_cells clk_wiz_inst/inst/clkout6_buf]
set_property LOC BUFGCTRL_X0Y19 [get_cells clk_wiz_inst/inst/clkout5_buf]
set_property LOC BUFGCTRL_X0Y22 [get_cells clk_wiz_inst/inst/clkout4_buf]
set_property LOC BUFGCTRL_X0Y17 [get_cells clk_wiz_inst/inst/clkout3_buf]
set_property LOC BUFGCTRL_X0Y16 [get_cells clk_wiz_inst/inst/clkout2_buf]
set_property LOC BUFGCTRL_X0Y21 [get_cells clk_wiz_inst/inst/clkout1_buf]
set_property LOC BUFGCTRL_X0Y1 [get_cells CAMERA_PCLK_IBUF_BUFG_inst]

# Location of BUFH Primitives 
set_property LOC BUFHCE_X1Y12 [get_cells mig_inst/u_mig_7series_0_mig/u_ddr3_infrastructure/u_bufh_pll_clk3]

# Location of IO Primitives which is load of clock spine
set_property LOC IOB_X0Y106 [get_cells eth_ref_clk_OBUF_inst]

# Location of clock ports
set_property LOC IOB_X0Y58 [get_ports CAMERA_PCLK]
set_property LOC IOB_X0Y122 [get_ports eth_rx_clk]
set_property LOC IOB_X0Y124 [get_ports eth_tx_clk]
set_property LOC IOB_X1Y126 [get_ports sys_clock]

# Clock net "mig_inst/u_mig_7series_0_mig/u_ddr3_infrastructure/u_bufg_clkdiv0_0" driven by instance "mig_inst/u_mig_7series_0_mig/u_ddr3_infrastructure/u_bufg_clkdiv0" located at site "BUFGCTRL_X0Y0"
#startgroup
create_pblock {CLKAG_mig_inst/u_mig_7series_0_mig/u_ddr3_infrastructure/u_bufg_clkdiv0_0}
add_cells_to_pblock [get_pblocks  {CLKAG_mig_inst/u_mig_7series_0_mig/u_ddr3_infrastructure/u_bufg_clkdiv0_0}] [get_cells -filter { PRIMITIVE_GROUP != I/O && IS_PRIMITIVE==1 && PRIMITIVE_LEVEL !=INTERNAL && NAME!=mig_inst/u_mig_7series_0_mig/u_ddr3_infrastructure/gen_mmcm.mmcm_i} -of_object [get_pins -filter {DIRECTION==IN} -of_objects [get_nets -hierarchical -filter {PARENT=="mig_inst/u_mig_7series_0_mig/u_ddr3_infrastructure/u_bufg_clkdiv0_0"}]]]
resize_pblock [get_pblocks {CLKAG_mig_inst/u_mig_7series_0_mig/u_ddr3_infrastructure/u_bufg_clkdiv0_0}] -add {CLOCKREGION_X0Y0:CLOCKREGION_X0Y0 CLOCKREGION_X0Y1:CLOCKREGION_X0Y1 CLOCKREGION_X0Y2:CLOCKREGION_X0Y2 CLOCKREGION_X1Y0:CLOCKREGION_X1Y0 CLOCKREGION_X1Y1:CLOCKREGION_X1Y1 CLOCKREGION_X1Y2:CLOCKREGION_X1Y2}
#endgroup

# Clock net "ethlite_i/ethlite_i/U0/phy_tx_clk_core" driven by instance "ethlite_i/ethlite_i/U0/NO_LOOPBACK_GEN.INCLUDE_BUFG_GEN.CLOCK_BUFG_TX" located at site "BUFGCTRL_X0Y24"
#startgroup
create_pblock {CLKAG_ethlite_i/ethlite_i/U0/phy_tx_clk_core}
add_cells_to_pblock [get_pblocks  {CLKAG_ethlite_i/ethlite_i/U0/phy_tx_clk_core}] [get_cells -filter { PRIMITIVE_GROUP != I/O && IS_PRIMITIVE==1 && PRIMITIVE_LEVEL !=INTERNAL } -of_object [get_pins -filter {DIRECTION==IN} -of_objects [get_nets -hierarchical -filter {PARENT=="ethlite_i/ethlite_i/U0/phy_tx_clk_core"}]]]
resize_pblock [get_pblocks {CLKAG_ethlite_i/ethlite_i/U0/phy_tx_clk_core}] -add {CLOCKREGION_X0Y0:CLOCKREGION_X0Y0}
#endgroup

# Clock net "ethlite_i/ethlite_i/U0/dest_clk" driven by instance "ethlite_i/ethlite_i/U0/NO_LOOPBACK_GEN.INCLUDE_BUFG_GEN.CLOCK_BUFG_RX" located at site "BUFGCTRL_X0Y23"
#startgroup
create_pblock {CLKAG_ethlite_i/ethlite_i/U0/dest_clk}
add_cells_to_pblock [get_pblocks  {CLKAG_ethlite_i/ethlite_i/U0/dest_clk}] [get_cells -filter { PRIMITIVE_GROUP != I/O && IS_PRIMITIVE==1 && PRIMITIVE_LEVEL !=INTERNAL } -of_object [get_pins -filter {DIRECTION==IN} -of_objects [get_nets -hierarchical -filter {PARENT=="ethlite_i/ethlite_i/U0/dest_clk"}]]]
resize_pblock [get_pblocks {CLKAG_ethlite_i/ethlite_i/U0/dest_clk}] -add {CLOCKREGION_X0Y0:CLOCKREGION_X0Y0}
#endgroup

# Clock net "cpu_inst/bSCANE2_1_TCK" driven by instance "jtag_writeArea_valid_reg_i_2" located at site "BUFGCTRL_X0Y2"
#startgroup
create_pblock {CLKAG_cpu_inst/bSCANE2_1_TCK}
add_cells_to_pblock [get_pblocks  {CLKAG_cpu_inst/bSCANE2_1_TCK}] [get_cells -filter { PRIMITIVE_GROUP != I/O && IS_PRIMITIVE==1 && PRIMITIVE_LEVEL !=INTERNAL } -of_object [get_pins -filter {DIRECTION==IN} -of_objects [get_nets -hierarchical -filter {PARENT=="cpu_inst/bSCANE2_1_TCK"}]]]
resize_pblock [get_pblocks {CLKAG_cpu_inst/bSCANE2_1_TCK}] -add {CLOCKREGION_X0Y0:CLOCKREGION_X0Y0}
#endgroup

# Clock net "clk_wiz_inst/inst/clk_out6" driven by instance "clk_wiz_inst/inst/clkout6_buf" located at site "BUFGCTRL_X0Y20"
#startgroup
create_pblock {CLKAG_clk_wiz_inst/inst/clk_out6}
add_cells_to_pblock [get_pblocks  {CLKAG_clk_wiz_inst/inst/clk_out6}] [get_cells -filter { PRIMITIVE_GROUP != I/O && IS_PRIMITIVE==1 && PRIMITIVE_LEVEL !=INTERNAL } -of_object [get_pins -filter {DIRECTION==IN} -of_objects [get_nets -hierarchical -filter {PARENT=="clk_wiz_inst/inst/clk_out6"}]]]
resize_pblock [get_pblocks {CLKAG_clk_wiz_inst/inst/clk_out6}] -add {CLOCKREGION_X0Y1:CLOCKREGION_X0Y1 CLOCKREGION_X0Y2:CLOCKREGION_X0Y2 CLOCKREGION_X0Y3:CLOCKREGION_X0Y3 CLOCKREGION_X1Y0:CLOCKREGION_X1Y0 CLOCKREGION_X1Y2:CLOCKREGION_X1Y2 CLOCKREGION_X1Y3:CLOCKREGION_X1Y3}
#endgroup

# Clock net "clk_wiz_inst/inst/clk_out5" driven by instance "clk_wiz_inst/inst/clkout5_buf" located at site "BUFGCTRL_X0Y19"
#startgroup
create_pblock {CLKAG_clk_wiz_inst/inst/clk_out5}
add_cells_to_pblock [get_pblocks  {CLKAG_clk_wiz_inst/inst/clk_out5}] [get_cells -filter { PRIMITIVE_GROUP != I/O && IS_PRIMITIVE==1 && PRIMITIVE_LEVEL !=INTERNAL } -of_object [get_pins -filter {DIRECTION==IN} -of_objects [get_nets -hierarchical -filter {PARENT=="clk_wiz_inst/inst/clk_out5"}]]]
resize_pblock [get_pblocks {CLKAG_clk_wiz_inst/inst/clk_out5}] -add {CLOCKREGION_X0Y0:CLOCKREGION_X0Y0 CLOCKREGION_X0Y1:CLOCKREGION_X0Y1 CLOCKREGION_X0Y2:CLOCKREGION_X0Y2 CLOCKREGION_X0Y3:CLOCKREGION_X0Y3 CLOCKREGION_X1Y0:CLOCKREGION_X1Y0 CLOCKREGION_X1Y1:CLOCKREGION_X1Y1 CLOCKREGION_X1Y2:CLOCKREGION_X1Y2 CLOCKREGION_X1Y3:CLOCKREGION_X1Y3}
#endgroup

# Clock net "clk_wiz_inst/inst/clk_out4" driven by instance "clk_wiz_inst/inst/clkout4_buf" located at site "BUFGCTRL_X0Y22"
#startgroup
create_pblock {CLKAG_clk_wiz_inst/inst/clk_out4}
add_cells_to_pblock [get_pblocks  {CLKAG_clk_wiz_inst/inst/clk_out4}] [get_cells -filter { PRIMITIVE_GROUP != I/O && IS_PRIMITIVE==1 && PRIMITIVE_LEVEL !=INTERNAL } -of_object [get_pins -filter {DIRECTION==IN} -of_objects [get_nets -hierarchical -filter {PARENT=="clk_wiz_inst/inst/clk_out4"}]]]
resize_pblock [get_pblocks {CLKAG_clk_wiz_inst/inst/clk_out4}] -add {CLOCKREGION_X1Y0:CLOCKREGION_X1Y0 CLOCKREGION_X1Y1:CLOCKREGION_X1Y1 CLOCKREGION_X1Y2:CLOCKREGION_X1Y2}
#endgroup

# Clock net "clk_wiz_inst/inst/clk_out2" driven by instance "clk_wiz_inst/inst/clkout2_buf" located at site "BUFGCTRL_X0Y16"
#startgroup
create_pblock {CLKAG_clk_wiz_inst/inst/clk_out2}
add_cells_to_pblock [get_pblocks  {CLKAG_clk_wiz_inst/inst/clk_out2}] [get_cells -filter { PRIMITIVE_GROUP != I/O && IS_PRIMITIVE==1 && PRIMITIVE_LEVEL !=INTERNAL } -of_object [get_pins -filter {DIRECTION==IN} -of_objects [get_nets -hierarchical -filter {PARENT=="clk_wiz_inst/inst/clk_out2"}]]]
resize_pblock [get_pblocks {CLKAG_clk_wiz_inst/inst/clk_out2}] -add {CLOCKREGION_X0Y1:CLOCKREGION_X0Y1 CLOCKREGION_X0Y2:CLOCKREGION_X0Y2 CLOCKREGION_X1Y0:CLOCKREGION_X1Y0 CLOCKREGION_X1Y1:CLOCKREGION_X1Y1}
#endgroup

# Clock net "clk_wiz_inst/inst/clk_out1" driven by instance "clk_wiz_inst/inst/clkout1_buf" located at site "BUFGCTRL_X0Y21"
#startgroup
create_pblock {CLKAG_clk_wiz_inst/inst/clk_out1}
add_cells_to_pblock [get_pblocks  {CLKAG_clk_wiz_inst/inst/clk_out1}] [get_cells -filter { PRIMITIVE_GROUP != I/O && IS_PRIMITIVE==1 && PRIMITIVE_LEVEL !=INTERNAL } -of_object [get_pins -filter {DIRECTION==IN} -of_objects [get_nets -hierarchical -filter {PARENT=="clk_wiz_inst/inst/clk_out1"}]]]
resize_pblock [get_pblocks {CLKAG_clk_wiz_inst/inst/clk_out1}] -add {CLOCKREGION_X0Y1:CLOCKREGION_X0Y1 CLOCKREGION_X1Y1:CLOCKREGION_X1Y1}
#endgroup

# Clock net "CAMERA_PCLK_IBUF_BUFG" driven by instance "CAMERA_PCLK_IBUF_BUFG_inst" located at site "BUFGCTRL_X0Y1"
#startgroup
create_pblock {CLKAG_CAMERA_PCLK_IBUF_BUFG}
add_cells_to_pblock [get_pblocks  {CLKAG_CAMERA_PCLK_IBUF_BUFG}] [get_cells -filter { PRIMITIVE_GROUP != I/O && IS_PRIMITIVE==1 && PRIMITIVE_LEVEL !=INTERNAL } -of_object [get_pins -filter {DIRECTION==IN} -of_objects [get_nets -hierarchical -filter {PARENT=="CAMERA_PCLK_IBUF_BUFG"}]]]
resize_pblock [get_pblocks {CLKAG_CAMERA_PCLK_IBUF_BUFG}] -add {CLOCKREGION_X1Y0:CLOCKREGION_X1Y0 CLOCKREGION_X1Y1:CLOCKREGION_X1Y1 CLOCKREGION_X1Y2:CLOCKREGION_X1Y2}
#endgroup
