Copyright 1986-2022 Xilinx, Inc. All Rights Reserved. Copyright 2022-2025 Advanced Micro Devices, Inc. All Rights Reserved.
---------------------------------------------------------------------------------------------------------------------------------------------
| Tool Version : Vivado v.2025.1 (lin64) Build 6140274 Wed May 21 22:58:25 MDT 2025
| Date         : Wed Apr  1 12:56:47 2026
| Host         : tsmc-System-Product-Name running 64-bit Ubuntu 22.04.3 LTS
| Command      : report_drc -file main_drc_opted.rpt -pb main_drc_opted.pb -rpx main_drc_opted.rpx
| Design       : main
| Device       : xc7a100tcsg324-1
| Speed File   : -1
| Design State : Synthesized
---------------------------------------------------------------------------------------------------------------------------------------------

Report DRC

Table of Contents
-----------------
1. REPORT SUMMARY
2. REPORT DETAILS

1. REPORT SUMMARY
-----------------
            Netlist: netlist
          Floorplan: design_1
      Design limits: <entire design considered>
           Ruledeck: default
             Max checks: <unlimited>
             Checks found: 119
+-----------+----------+-------------------------------------------------------------------+--------+
| Rule      | Severity | Description                                                       | Checks |
+-----------+----------+-------------------------------------------------------------------+--------+
| CFGBVS-1  | Warning  | Missing CFGBVS and CONFIG_VOLTAGE Design Properties               | 1      |
| CHECK-3   | Warning  | Report rule limit reached                                         | 2      |
| DPIP-1    | Warning  | Input pipelining                                                  | 28     |
| DPOP-1    | Warning  | PREG Output pipelining                                            | 6      |
| DPOP-2    | Warning  | MREG Output pipelining                                            | 31     |
| PLCK-12   | Warning  | Clock Placer Checks                                               | 1      |
| REQP-1709 | Warning  | Clock output buffering                                            | 1      |
| REQP-1839 | Warning  | RAMB36 async control check                                        | 20     |
| REQP-1840 | Warning  | RAMB18 async control check                                        | 20     |
| RPBF-3    | Warning  | IO port buffering is incomplete                                   | 1      |
| AVAL-4    | Advisory | enum_USE_DPORT_FALSE_enum_DREG_ADREG_0_connects_CED_CEAD_RSTD_GND | 4      |
| REQP-1725 | Advisory | DSP_Abus_sign_bit_alert                                           | 4      |
+-----------+----------+-------------------------------------------------------------------+--------+

2. REPORT DETAILS
-----------------
CFGBVS-1#1 Warning
Missing CFGBVS and CONFIG_VOLTAGE Design Properties  
Neither the CFGBVS nor CONFIG_VOLTAGE voltage property is set in the current_design.  Configuration bank voltage select (CFGBVS) must be set to VCCO or GND, and CONFIG_VOLTAGE must be set to the correct configuration voltage, in order to determine the I/O voltage support for the pins in bank 0.  It is suggested to specify these either using the 'Edit Device Properties' function in the GUI or directly in the XDC file using the following syntax:

 set_property CFGBVS value1 [current_design]
 #where value1 is either VCCO or GND

 set_property CONFIG_VOLTAGE value2 [current_design]
 #where value2 is the voltage provided to configuration bank 0

Refer to the device configuration user guide for more information.
Related violations: <none>

CHECK-3#1 Warning
Report rule limit reached  
REQP-1839 rule limit reached: 20 violations have been found.
Related violations: <none>

CHECK-3#2 Warning
Report rule limit reached  
REQP-1840 rule limit reached: 20 violations have been found.
Related violations: <none>

DPIP-1#1 Warning
Input pipelining  
DSP soc_base_inst/cpu_inst/system_cpu/execute_to_memory_MUL_HL_reg input soc_base_inst/cpu_inst/system_cpu/execute_to_memory_MUL_HL_reg/A[29:0] is not pipelined. Pipelining DSP48 input will improve performance.
Related violations: <none>

DPIP-1#2 Warning
Input pipelining  
DSP soc_base_inst/cpu_inst/system_cpu/execute_to_memory_MUL_HL_reg input soc_base_inst/cpu_inst/system_cpu/execute_to_memory_MUL_HL_reg/B[17:0] is not pipelined. Pipelining DSP48 input will improve performance.
Related violations: <none>

DPIP-1#3 Warning
Input pipelining  
DSP soc_base_inst/cpu_inst/system_cpu/execute_to_memory_MUL_LH_reg input soc_base_inst/cpu_inst/system_cpu/execute_to_memory_MUL_LH_reg/A[29:0] is not pipelined. Pipelining DSP48 input will improve performance.
Related violations: <none>

DPIP-1#4 Warning
Input pipelining  
DSP soc_base_inst/cpu_inst/system_cpu/execute_to_memory_MUL_LH_reg input soc_base_inst/cpu_inst/system_cpu/execute_to_memory_MUL_LH_reg/B[17:0] is not pipelined. Pipelining DSP48 input will improve performance.
Related violations: <none>

DPIP-1#5 Warning
Input pipelining  
DSP soc_base_inst/cpu_inst/system_cpu/execute_to_memory_MUL_LL_reg input soc_base_inst/cpu_inst/system_cpu/execute_to_memory_MUL_LL_reg/A[29:0] is not pipelined. Pipelining DSP48 input will improve performance.
Related violations: <none>

DPIP-1#6 Warning
Input pipelining  
DSP soc_base_inst/cpu_inst/system_cpu/execute_to_memory_MUL_LL_reg input soc_base_inst/cpu_inst/system_cpu/execute_to_memory_MUL_LL_reg/B[17:0] is not pipelined. Pipelining DSP48 input will improve performance.
Related violations: <none>

DPIP-1#7 Warning
Input pipelining  
DSP soc_base_inst/cpu_inst/system_cpu/memory_to_writeBack_MUL_HH_reg input soc_base_inst/cpu_inst/system_cpu/memory_to_writeBack_MUL_HH_reg/A[29:0] is not pipelined. Pipelining DSP48 input will improve performance.
Related violations: <none>

DPIP-1#8 Warning
Input pipelining  
DSP soc_base_inst/cpu_inst/system_cpu/memory_to_writeBack_MUL_HH_reg input soc_base_inst/cpu_inst/system_cpu/memory_to_writeBack_MUL_HH_reg/B[17:0] is not pipelined. Pipelining DSP48 input will improve performance.
Related violations: <none>

DPIP-1#9 Warning
Input pipelining  
DSP soc_base_inst/ztachip_inst/GEN1.fpu_i/falu_core_i/falu2_i/sum_1/float_addsub_inst/U0/i_synth/ADDSUB_OP.ADDSUB/DSP.OP/DSP48E1_BODY.ALIGN_ADD/DSP2/i_no_versal_es1_workaround.DSP input soc_base_inst/ztachip_inst/GEN1.fpu_i/falu_core_i/falu2_i/sum_1/float_addsub_inst/U0/i_synth/ADDSUB_OP.ADDSUB/DSP.OP/DSP48E1_BODY.ALIGN_ADD/DSP2/i_no_versal_es1_workaround.DSP/A[29:0] is not pipelined. Pipelining DSP48 input will improve performance.
Related violations: <none>

DPIP-1#10 Warning
Input pipelining  
DSP soc_base_inst/ztachip_inst/GEN1.fpu_i/falu_core_i/falu2_i/sum_1/float_addsub_inst/U0/i_synth/ADDSUB_OP.ADDSUB/DSP.OP/DSP48E1_BODY.ALIGN_ADD/DSP2/i_no_versal_es1_workaround.DSP input soc_base_inst/ztachip_inst/GEN1.fpu_i/falu_core_i/falu2_i/sum_1/float_addsub_inst/U0/i_synth/ADDSUB_OP.ADDSUB/DSP.OP/DSP48E1_BODY.ALIGN_ADD/DSP2/i_no_versal_es1_workaround.DSP/B[17:0] is not pipelined. Pipelining DSP48 input will improve performance.
Related violations: <none>

DPIP-1#11 Warning
Input pipelining  
DSP soc_base_inst/ztachip_inst/GEN1.fpu_i/falu_core_i/falu2_i/sum_1/float_addsub_inst/U0/i_synth/ADDSUB_OP.ADDSUB/DSP.OP/DSP48E1_BODY.ALIGN_ADD/DSP2/i_no_versal_es1_workaround.DSP input soc_base_inst/ztachip_inst/GEN1.fpu_i/falu_core_i/falu2_i/sum_1/float_addsub_inst/U0/i_synth/ADDSUB_OP.ADDSUB/DSP.OP/DSP48E1_BODY.ALIGN_ADD/DSP2/i_no_versal_es1_workaround.DSP/C[47:0] is not pipelined. Pipelining DSP48 input will improve performance.
Related violations: <none>

DPIP-1#12 Warning
Input pipelining  
DSP soc_base_inst/ztachip_inst/GEN1.fpu_i/falu_core_i/falu2_i/sum_1/float_addsub_inst/U0/i_synth/ADDSUB_OP.ADDSUB/DSP.OP/DSP48E1_BODY.NORM_RND/FULL_USAGE_DSP.SHIFT_RND/i_no_versal_es1_workaround.DSP input soc_base_inst/ztachip_inst/GEN1.fpu_i/falu_core_i/falu2_i/sum_1/float_addsub_inst/U0/i_synth/ADDSUB_OP.ADDSUB/DSP.OP/DSP48E1_BODY.NORM_RND/FULL_USAGE_DSP.SHIFT_RND/i_no_versal_es1_workaround.DSP/C[47:0] is not pipelined. Pipelining DSP48 input will improve performance.
Related violations: <none>

DPIP-1#13 Warning
Input pipelining  
DSP soc_base_inst/ztachip_inst/GEN1.fpu_i/falu_core_i/falu2_i/sum_2/float_addsub_inst/U0/i_synth/ADDSUB_OP.ADDSUB/DSP.OP/DSP48E1_BODY.ALIGN_ADD/DSP2/i_no_versal_es1_workaround.DSP input soc_base_inst/ztachip_inst/GEN1.fpu_i/falu_core_i/falu2_i/sum_2/float_addsub_inst/U0/i_synth/ADDSUB_OP.ADDSUB/DSP.OP/DSP48E1_BODY.ALIGN_ADD/DSP2/i_no_versal_es1_workaround.DSP/A[29:0] is not pipelined. Pipelining DSP48 input will improve performance.
Related violations: <none>

DPIP-1#14 Warning
Input pipelining  
DSP soc_base_inst/ztachip_inst/GEN1.fpu_i/falu_core_i/falu2_i/sum_2/float_addsub_inst/U0/i_synth/ADDSUB_OP.ADDSUB/DSP.OP/DSP48E1_BODY.ALIGN_ADD/DSP2/i_no_versal_es1_workaround.DSP input soc_base_inst/ztachip_inst/GEN1.fpu_i/falu_core_i/falu2_i/sum_2/float_addsub_inst/U0/i_synth/ADDSUB_OP.ADDSUB/DSP.OP/DSP48E1_BODY.ALIGN_ADD/DSP2/i_no_versal_es1_workaround.DSP/B[17:0] is not pipelined. Pipelining DSP48 input will improve performance.
Related violations: <none>

DPIP-1#15 Warning
Input pipelining  
DSP soc_base_inst/ztachip_inst/GEN1.fpu_i/falu_core_i/falu2_i/sum_2/float_addsub_inst/U0/i_synth/ADDSUB_OP.ADDSUB/DSP.OP/DSP48E1_BODY.ALIGN_ADD/DSP2/i_no_versal_es1_workaround.DSP input soc_base_inst/ztachip_inst/GEN1.fpu_i/falu_core_i/falu2_i/sum_2/float_addsub_inst/U0/i_synth/ADDSUB_OP.ADDSUB/DSP.OP/DSP48E1_BODY.ALIGN_ADD/DSP2/i_no_versal_es1_workaround.DSP/C[47:0] is not pipelined. Pipelining DSP48 input will improve performance.
Related violations: <none>

DPIP-1#16 Warning
Input pipelining  
DSP soc_base_inst/ztachip_inst/GEN1.fpu_i/falu_core_i/falu2_i/sum_2/float_addsub_inst/U0/i_synth/ADDSUB_OP.ADDSUB/DSP.OP/DSP48E1_BODY.NORM_RND/FULL_USAGE_DSP.SHIFT_RND/i_no_versal_es1_workaround.DSP input soc_base_inst/ztachip_inst/GEN1.fpu_i/falu_core_i/falu2_i/sum_2/float_addsub_inst/U0/i_synth/ADDSUB_OP.ADDSUB/DSP.OP/DSP48E1_BODY.NORM_RND/FULL_USAGE_DSP.SHIFT_RND/i_no_versal_es1_workaround.DSP/C[47:0] is not pipelined. Pipelining DSP48 input will improve performance.
Related violations: <none>

DPIP-1#17 Warning
Input pipelining  
DSP soc_base_inst/ztachip_inst/GEN1.fpu_i/falu_core_i/falu2_i/sum_3/float_addsub_inst/U0/i_synth/ADDSUB_OP.ADDSUB/DSP.OP/DSP48E1_BODY.ALIGN_ADD/DSP2/i_no_versal_es1_workaround.DSP input soc_base_inst/ztachip_inst/GEN1.fpu_i/falu_core_i/falu2_i/sum_3/float_addsub_inst/U0/i_synth/ADDSUB_OP.ADDSUB/DSP.OP/DSP48E1_BODY.ALIGN_ADD/DSP2/i_no_versal_es1_workaround.DSP/A[29:0] is not pipelined. Pipelining DSP48 input will improve performance.
Related violations: <none>

DPIP-1#18 Warning
Input pipelining  
DSP soc_base_inst/ztachip_inst/GEN1.fpu_i/falu_core_i/falu2_i/sum_3/float_addsub_inst/U0/i_synth/ADDSUB_OP.ADDSUB/DSP.OP/DSP48E1_BODY.ALIGN_ADD/DSP2/i_no_versal_es1_workaround.DSP input soc_base_inst/ztachip_inst/GEN1.fpu_i/falu_core_i/falu2_i/sum_3/float_addsub_inst/U0/i_synth/ADDSUB_OP.ADDSUB/DSP.OP/DSP48E1_BODY.ALIGN_ADD/DSP2/i_no_versal_es1_workaround.DSP/B[17:0] is not pipelined. Pipelining DSP48 input will improve performance.
Related violations: <none>

DPIP-1#19 Warning
Input pipelining  
DSP soc_base_inst/ztachip_inst/GEN1.fpu_i/falu_core_i/falu2_i/sum_3/float_addsub_inst/U0/i_synth/ADDSUB_OP.ADDSUB/DSP.OP/DSP48E1_BODY.ALIGN_ADD/DSP2/i_no_versal_es1_workaround.DSP input soc_base_inst/ztachip_inst/GEN1.fpu_i/falu_core_i/falu2_i/sum_3/float_addsub_inst/U0/i_synth/ADDSUB_OP.ADDSUB/DSP.OP/DSP48E1_BODY.ALIGN_ADD/DSP2/i_no_versal_es1_workaround.DSP/C[47:0] is not pipelined. Pipelining DSP48 input will improve performance.
Related violations: <none>

DPIP-1#20 Warning
Input pipelining  
DSP soc_base_inst/ztachip_inst/GEN1.fpu_i/falu_core_i/falu2_i/sum_3/float_addsub_inst/U0/i_synth/ADDSUB_OP.ADDSUB/DSP.OP/DSP48E1_BODY.NORM_RND/FULL_USAGE_DSP.SHIFT_RND/i_no_versal_es1_workaround.DSP input soc_base_inst/ztachip_inst/GEN1.fpu_i/falu_core_i/falu2_i/sum_3/float_addsub_inst/U0/i_synth/ADDSUB_OP.ADDSUB/DSP.OP/DSP48E1_BODY.NORM_RND/FULL_USAGE_DSP.SHIFT_RND/i_no_versal_es1_workaround.DSP/C[47:0] is not pipelined. Pipelining DSP48 input will improve performance.
Related violations: <none>

DPIP-1#21 Warning
Input pipelining  
DSP soc_base_inst/ztachip_inst/GEN1.fpu_i/falu_core_i/falu_i/stage_1/float_mul_inst/U0/i_synth/MULT.OP/i_non_prim.MULT/MULT_GEN_VARIANT.FIX_MULT/MULT/gDSP.gDSP_only.iDSP/use_prim.appDSP[0].bppDSP[0].use_dsp.use_dsp48e1.iDSP48E1 input soc_base_inst/ztachip_inst/GEN1.fpu_i/falu_core_i/falu_i/stage_1/float_mul_inst/U0/i_synth/MULT.OP/i_non_prim.MULT/MULT_GEN_VARIANT.FIX_MULT/MULT/gDSP.gDSP_only.iDSP/use_prim.appDSP[0].bppDSP[0].use_dsp.use_dsp48e1.iDSP48E1/A[29:0] is not pipelined. Pipelining DSP48 input will improve performance.
Related violations: <none>

DPIP-1#22 Warning
Input pipelining  
DSP soc_base_inst/ztachip_inst/GEN1.fpu_i/falu_core_i/falu_i/stage_1/float_mul_inst/U0/i_synth/MULT.OP/i_non_prim.MULT/MULT_GEN_VARIANT.FIX_MULT/MULT/gDSP.gDSP_only.iDSP/use_prim.appDSP[0].bppDSP[0].use_dsp.use_dsp48e1.iDSP48E1 input soc_base_inst/ztachip_inst/GEN1.fpu_i/falu_core_i/falu_i/stage_1/float_mul_inst/U0/i_synth/MULT.OP/i_non_prim.MULT/MULT_GEN_VARIANT.FIX_MULT/MULT/gDSP.gDSP_only.iDSP/use_prim.appDSP[0].bppDSP[0].use_dsp.use_dsp48e1.iDSP48E1/B[17:0] is not pipelined. Pipelining DSP48 input will improve performance.
Related violations: <none>

DPIP-1#23 Warning
Input pipelining  
DSP soc_base_inst/ztachip_inst/GEN1.fpu_i/falu_core_i/falu_i/stage_2/float_mul_inst/U0/i_synth/MULT.OP/i_non_prim.MULT/MULT_GEN_VARIANT.FIX_MULT/MULT/gDSP.gDSP_only.iDSP/use_prim.appDSP[0].bppDSP[0].use_dsp.use_dsp48e1.iDSP48E1 input soc_base_inst/ztachip_inst/GEN1.fpu_i/falu_core_i/falu_i/stage_2/float_mul_inst/U0/i_synth/MULT.OP/i_non_prim.MULT/MULT_GEN_VARIANT.FIX_MULT/MULT/gDSP.gDSP_only.iDSP/use_prim.appDSP[0].bppDSP[0].use_dsp.use_dsp48e1.iDSP48E1/A[29:0] is not pipelined. Pipelining DSP48 input will improve performance.
Related violations: <none>

DPIP-1#24 Warning
Input pipelining  
DSP soc_base_inst/ztachip_inst/GEN1.fpu_i/falu_core_i/falu_i/stage_2/float_mul_inst/U0/i_synth/MULT.OP/i_non_prim.MULT/MULT_GEN_VARIANT.FIX_MULT/MULT/gDSP.gDSP_only.iDSP/use_prim.appDSP[0].bppDSP[0].use_dsp.use_dsp48e1.iDSP48E1 input soc_base_inst/ztachip_inst/GEN1.fpu_i/falu_core_i/falu_i/stage_2/float_mul_inst/U0/i_synth/MULT.OP/i_non_prim.MULT/MULT_GEN_VARIANT.FIX_MULT/MULT/gDSP.gDSP_only.iDSP/use_prim.appDSP[0].bppDSP[0].use_dsp.use_dsp48e1.iDSP48E1/B[17:0] is not pipelined. Pipelining DSP48 input will improve performance.
Related violations: <none>

DPIP-1#25 Warning
Input pipelining  
DSP soc_base_inst/ztachip_inst/GEN1.fpu_i/falu_core_i/falu_i/stage_3/float_addsub_inst/U0/i_synth/ADDSUB_OP.ADDSUB/DSP.OP/DSP48E1_BODY.ALIGN_ADD/DSP2/i_no_versal_es1_workaround.DSP input soc_base_inst/ztachip_inst/GEN1.fpu_i/falu_core_i/falu_i/stage_3/float_addsub_inst/U0/i_synth/ADDSUB_OP.ADDSUB/DSP.OP/DSP48E1_BODY.ALIGN_ADD/DSP2/i_no_versal_es1_workaround.DSP/A[29:0] is not pipelined. Pipelining DSP48 input will improve performance.
Related violations: <none>

DPIP-1#26 Warning
Input pipelining  
DSP soc_base_inst/ztachip_inst/GEN1.fpu_i/falu_core_i/falu_i/stage_3/float_addsub_inst/U0/i_synth/ADDSUB_OP.ADDSUB/DSP.OP/DSP48E1_BODY.ALIGN_ADD/DSP2/i_no_versal_es1_workaround.DSP input soc_base_inst/ztachip_inst/GEN1.fpu_i/falu_core_i/falu_i/stage_3/float_addsub_inst/U0/i_synth/ADDSUB_OP.ADDSUB/DSP.OP/DSP48E1_BODY.ALIGN_ADD/DSP2/i_no_versal_es1_workaround.DSP/B[17:0] is not pipelined. Pipelining DSP48 input will improve performance.
Related violations: <none>

DPIP-1#27 Warning
Input pipelining  
DSP soc_base_inst/ztachip_inst/GEN1.fpu_i/falu_core_i/falu_i/stage_3/float_addsub_inst/U0/i_synth/ADDSUB_OP.ADDSUB/DSP.OP/DSP48E1_BODY.ALIGN_ADD/DSP2/i_no_versal_es1_workaround.DSP input soc_base_inst/ztachip_inst/GEN1.fpu_i/falu_core_i/falu_i/stage_3/float_addsub_inst/U0/i_synth/ADDSUB_OP.ADDSUB/DSP.OP/DSP48E1_BODY.ALIGN_ADD/DSP2/i_no_versal_es1_workaround.DSP/C[47:0] is not pipelined. Pipelining DSP48 input will improve performance.
Related violations: <none>

DPIP-1#28 Warning
Input pipelining  
DSP soc_base_inst/ztachip_inst/GEN1.fpu_i/falu_core_i/falu_i/stage_3/float_addsub_inst/U0/i_synth/ADDSUB_OP.ADDSUB/DSP.OP/DSP48E1_BODY.NORM_RND/FULL_USAGE_DSP.SHIFT_RND/i_no_versal_es1_workaround.DSP input soc_base_inst/ztachip_inst/GEN1.fpu_i/falu_core_i/falu_i/stage_3/float_addsub_inst/U0/i_synth/ADDSUB_OP.ADDSUB/DSP.OP/DSP48E1_BODY.NORM_RND/FULL_USAGE_DSP.SHIFT_RND/i_no_versal_es1_workaround.DSP/C[47:0] is not pipelined. Pipelining DSP48 input will improve performance.
Related violations: <none>

DPOP-1#1 Warning
PREG Output pipelining  
DSP soc_base_inst/ztachip_inst/GEN1.fpu_i/falu_core_i/falu2_i/sum_1/float_addsub_inst/U0/i_synth/ADDSUB_OP.ADDSUB/DSP.OP/DSP48E1_BODY.NORM_RND/FULL_USAGE_DSP.SHIFT_RND/i_no_versal_es1_workaround.DSP output soc_base_inst/ztachip_inst/GEN1.fpu_i/falu_core_i/falu2_i/sum_1/float_addsub_inst/U0/i_synth/ADDSUB_OP.ADDSUB/DSP.OP/DSP48E1_BODY.NORM_RND/FULL_USAGE_DSP.SHIFT_RND/i_no_versal_es1_workaround.DSP/P[47:0] is not pipelined (PREG=0). Pipelining the DSP48 output will improve performance and often saves power so it is suggested whenever possible to fully pipeline this function.  If this DSP48 function was inferred, it is suggested to describe an additional register stage after this function.  If the DSP48 was instantiated in the design, it is suggested to set the PREG attribute to 1.
Related violations: <none>

DPOP-1#2 Warning
PREG Output pipelining  
DSP soc_base_inst/ztachip_inst/GEN1.fpu_i/falu_core_i/falu2_i/sum_2/float_addsub_inst/U0/i_synth/ADDSUB_OP.ADDSUB/DSP.OP/DSP48E1_BODY.NORM_RND/FULL_USAGE_DSP.SHIFT_RND/i_no_versal_es1_workaround.DSP output soc_base_inst/ztachip_inst/GEN1.fpu_i/falu_core_i/falu2_i/sum_2/float_addsub_inst/U0/i_synth/ADDSUB_OP.ADDSUB/DSP.OP/DSP48E1_BODY.NORM_RND/FULL_USAGE_DSP.SHIFT_RND/i_no_versal_es1_workaround.DSP/P[47:0] is not pipelined (PREG=0). Pipelining the DSP48 output will improve performance and often saves power so it is suggested whenever possible to fully pipeline this function.  If this DSP48 function was inferred, it is suggested to describe an additional register stage after this function.  If the DSP48 was instantiated in the design, it is suggested to set the PREG attribute to 1.
Related violations: <none>

DPOP-1#3 Warning
PREG Output pipelining  
DSP soc_base_inst/ztachip_inst/GEN1.fpu_i/falu_core_i/falu2_i/sum_3/float_addsub_inst/U0/i_synth/ADDSUB_OP.ADDSUB/DSP.OP/DSP48E1_BODY.NORM_RND/FULL_USAGE_DSP.SHIFT_RND/i_no_versal_es1_workaround.DSP output soc_base_inst/ztachip_inst/GEN1.fpu_i/falu_core_i/falu2_i/sum_3/float_addsub_inst/U0/i_synth/ADDSUB_OP.ADDSUB/DSP.OP/DSP48E1_BODY.NORM_RND/FULL_USAGE_DSP.SHIFT_RND/i_no_versal_es1_workaround.DSP/P[47:0] is not pipelined (PREG=0). Pipelining the DSP48 output will improve performance and often saves power so it is suggested whenever possible to fully pipeline this function.  If this DSP48 function was inferred, it is suggested to describe an additional register stage after this function.  If the DSP48 was instantiated in the design, it is suggested to set the PREG attribute to 1.
Related violations: <none>

DPOP-1#4 Warning
PREG Output pipelining  
DSP soc_base_inst/ztachip_inst/GEN1.fpu_i/falu_core_i/falu_i/stage_1/float_mul_inst/U0/i_synth/MULT.OP/i_non_prim.MULT/MULT_GEN_VARIANT.FIX_MULT/MULT/gDSP.gDSP_only.iDSP/use_prim.appDSP[0].bppDSP[0].use_dsp.use_dsp48e1.iDSP48E1 output soc_base_inst/ztachip_inst/GEN1.fpu_i/falu_core_i/falu_i/stage_1/float_mul_inst/U0/i_synth/MULT.OP/i_non_prim.MULT/MULT_GEN_VARIANT.FIX_MULT/MULT/gDSP.gDSP_only.iDSP/use_prim.appDSP[0].bppDSP[0].use_dsp.use_dsp48e1.iDSP48E1/PATTERNDETECT is not pipelined (PREG=0). Pipelining the DSP48 output will improve performance and often saves power so it is suggested whenever possible to fully pipeline this function.  If this DSP48 function was inferred, it is suggested to describe an additional register stage after this function.  If the DSP48 was instantiated in the design, it is suggested to set the PREG attribute to 1.
Related violations: <none>

DPOP-1#5 Warning
PREG Output pipelining  
DSP soc_base_inst/ztachip_inst/GEN1.fpu_i/falu_core_i/falu_i/stage_2/float_mul_inst/U0/i_synth/MULT.OP/i_non_prim.MULT/MULT_GEN_VARIANT.FIX_MULT/MULT/gDSP.gDSP_only.iDSP/use_prim.appDSP[0].bppDSP[0].use_dsp.use_dsp48e1.iDSP48E1 output soc_base_inst/ztachip_inst/GEN1.fpu_i/falu_core_i/falu_i/stage_2/float_mul_inst/U0/i_synth/MULT.OP/i_non_prim.MULT/MULT_GEN_VARIANT.FIX_MULT/MULT/gDSP.gDSP_only.iDSP/use_prim.appDSP[0].bppDSP[0].use_dsp.use_dsp48e1.iDSP48E1/PATTERNDETECT is not pipelined (PREG=0). Pipelining the DSP48 output will improve performance and often saves power so it is suggested whenever possible to fully pipeline this function.  If this DSP48 function was inferred, it is suggested to describe an additional register stage after this function.  If the DSP48 was instantiated in the design, it is suggested to set the PREG attribute to 1.
Related violations: <none>

DPOP-1#6 Warning
PREG Output pipelining  
DSP soc_base_inst/ztachip_inst/GEN1.fpu_i/falu_core_i/falu_i/stage_3/float_addsub_inst/U0/i_synth/ADDSUB_OP.ADDSUB/DSP.OP/DSP48E1_BODY.NORM_RND/FULL_USAGE_DSP.SHIFT_RND/i_no_versal_es1_workaround.DSP output soc_base_inst/ztachip_inst/GEN1.fpu_i/falu_core_i/falu_i/stage_3/float_addsub_inst/U0/i_synth/ADDSUB_OP.ADDSUB/DSP.OP/DSP48E1_BODY.NORM_RND/FULL_USAGE_DSP.SHIFT_RND/i_no_versal_es1_workaround.DSP/P[47:0] is not pipelined (PREG=0). Pipelining the DSP48 output will improve performance and often saves power so it is suggested whenever possible to fully pipeline this function.  If this DSP48 function was inferred, it is suggested to describe an additional register stage after this function.  If the DSP48 was instantiated in the design, it is suggested to set the PREG attribute to 1.
Related violations: <none>

DPOP-2#1 Warning
MREG Output pipelining  
DSP soc_base_inst/cpu_inst/system_cpu/execute_to_memory_MUL_HL_reg multiplier stage soc_base_inst/cpu_inst/system_cpu/execute_to_memory_MUL_HL_reg/P[47:0] is not pipelined (MREG=0). Pipelining the multiplier function will improve performance and will save significant power so it is suggested whenever possible to fully pipeline this function.  If this multiplier was inferred, it is suggested to describe an additional register stage after this function.  If there is no registered adder/accumulator following the multiply function, two pipeline stages are suggested to allow both the MREG and PREG registers to be used.  If the DSP48 was instantiated in the design, it is suggested to set both the MREG and PREG attributes to 1 when performing multiply functions.
Related violations: <none>

DPOP-2#2 Warning
MREG Output pipelining  
DSP soc_base_inst/cpu_inst/system_cpu/execute_to_memory_MUL_LH_reg multiplier stage soc_base_inst/cpu_inst/system_cpu/execute_to_memory_MUL_LH_reg/P[47:0] is not pipelined (MREG=0). Pipelining the multiplier function will improve performance and will save significant power so it is suggested whenever possible to fully pipeline this function.  If this multiplier was inferred, it is suggested to describe an additional register stage after this function.  If there is no registered adder/accumulator following the multiply function, two pipeline stages are suggested to allow both the MREG and PREG registers to be used.  If the DSP48 was instantiated in the design, it is suggested to set both the MREG and PREG attributes to 1 when performing multiply functions.
Related violations: <none>

DPOP-2#3 Warning
MREG Output pipelining  
DSP soc_base_inst/cpu_inst/system_cpu/execute_to_memory_MUL_LL_reg multiplier stage soc_base_inst/cpu_inst/system_cpu/execute_to_memory_MUL_LL_reg/P[47:0] is not pipelined (MREG=0). Pipelining the multiplier function will improve performance and will save significant power so it is suggested whenever possible to fully pipeline this function.  If this multiplier was inferred, it is suggested to describe an additional register stage after this function.  If there is no registered adder/accumulator following the multiply function, two pipeline stages are suggested to allow both the MREG and PREG registers to be used.  If the DSP48 was instantiated in the design, it is suggested to set both the MREG and PREG attributes to 1 when performing multiply functions.
Related violations: <none>

DPOP-2#4 Warning
MREG Output pipelining  
DSP soc_base_inst/ztachip_inst/GEN1.fpu_i/falu_core_i/falu2_i/sum_1/float_addsub_inst/U0/i_synth/ADDSUB_OP.ADDSUB/DSP.OP/DSP48E1_BODY.NORM_RND/FULL_USAGE_DSP.SHIFT_RND/i_no_versal_es1_workaround.DSP multiplier stage soc_base_inst/ztachip_inst/GEN1.fpu_i/falu_core_i/falu2_i/sum_1/float_addsub_inst/U0/i_synth/ADDSUB_OP.ADDSUB/DSP.OP/DSP48E1_BODY.NORM_RND/FULL_USAGE_DSP.SHIFT_RND/i_no_versal_es1_workaround.DSP/P[47:0] is not pipelined (MREG=0). Pipelining the multiplier function will improve performance and will save significant power so it is suggested whenever possible to fully pipeline this function.  If this multiplier was inferred, it is suggested to describe an additional register stage after this function.  If there is no registered adder/accumulator following the multiply function, two pipeline stages are suggested to allow both the MREG and PREG registers to be used.  If the DSP48 was instantiated in the design, it is suggested to set both the MREG and PREG attributes to 1 when performing multiply functions.
Related violations: <none>

DPOP-2#5 Warning
MREG Output pipelining  
DSP soc_base_inst/ztachip_inst/GEN1.fpu_i/falu_core_i/falu2_i/sum_2/float_addsub_inst/U0/i_synth/ADDSUB_OP.ADDSUB/DSP.OP/DSP48E1_BODY.NORM_RND/FULL_USAGE_DSP.SHIFT_RND/i_no_versal_es1_workaround.DSP multiplier stage soc_base_inst/ztachip_inst/GEN1.fpu_i/falu_core_i/falu2_i/sum_2/float_addsub_inst/U0/i_synth/ADDSUB_OP.ADDSUB/DSP.OP/DSP48E1_BODY.NORM_RND/FULL_USAGE_DSP.SHIFT_RND/i_no_versal_es1_workaround.DSP/P[47:0] is not pipelined (MREG=0). Pipelining the multiplier function will improve performance and will save significant power so it is suggested whenever possible to fully pipeline this function.  If this multiplier was inferred, it is suggested to describe an additional register stage after this function.  If there is no registered adder/accumulator following the multiply function, two pipeline stages are suggested to allow both the MREG and PREG registers to be used.  If the DSP48 was instantiated in the design, it is suggested to set both the MREG and PREG attributes to 1 when performing multiply functions.
Related violations: <none>

DPOP-2#6 Warning
MREG Output pipelining  
DSP soc_base_inst/ztachip_inst/GEN1.fpu_i/falu_core_i/falu2_i/sum_3/float_addsub_inst/U0/i_synth/ADDSUB_OP.ADDSUB/DSP.OP/DSP48E1_BODY.NORM_RND/FULL_USAGE_DSP.SHIFT_RND/i_no_versal_es1_workaround.DSP multiplier stage soc_base_inst/ztachip_inst/GEN1.fpu_i/falu_core_i/falu2_i/sum_3/float_addsub_inst/U0/i_synth/ADDSUB_OP.ADDSUB/DSP.OP/DSP48E1_BODY.NORM_RND/FULL_USAGE_DSP.SHIFT_RND/i_no_versal_es1_workaround.DSP/P[47:0] is not pipelined (MREG=0). Pipelining the multiplier function will improve performance and will save significant power so it is suggested whenever possible to fully pipeline this function.  If this multiplier was inferred, it is suggested to describe an additional register stage after this function.  If there is no registered adder/accumulator following the multiply function, two pipeline stages are suggested to allow both the MREG and PREG registers to be used.  If the DSP48 was instantiated in the design, it is suggested to set both the MREG and PREG attributes to 1 when performing multiply functions.
Related violations: <none>

DPOP-2#7 Warning
MREG Output pipelining  
DSP soc_base_inst/ztachip_inst/GEN1.fpu_i/falu_core_i/falu_i/stage_1/float_mul_inst/U0/i_synth/MULT.OP/i_non_prim.MULT/MULT_GEN_VARIANT.FIX_MULT/MULT/gDSP.gDSP_only.iDSP/use_prim.appDSP[0].bppDSP[1].use_dsp.use_dsp48e1.iDSP48E1 multiplier stage soc_base_inst/ztachip_inst/GEN1.fpu_i/falu_core_i/falu_i/stage_1/float_mul_inst/U0/i_synth/MULT.OP/i_non_prim.MULT/MULT_GEN_VARIANT.FIX_MULT/MULT/gDSP.gDSP_only.iDSP/use_prim.appDSP[0].bppDSP[1].use_dsp.use_dsp48e1.iDSP48E1/PATTERNDETECT is not pipelined (MREG=0). Pipelining the multiplier function will improve performance and will save significant power so it is suggested whenever possible to fully pipeline this function.  If this multiplier was inferred, it is suggested to describe an additional register stage after this function.  If there is no registered adder/accumulator following the multiply function, two pipeline stages are suggested to allow both the MREG and PREG registers to be used.  If the DSP48 was instantiated in the design, it is suggested to set both the MREG and PREG attributes to 1 when performing multiply functions.
Related violations: <none>

DPOP-2#8 Warning
MREG Output pipelining  
DSP soc_base_inst/ztachip_inst/GEN1.fpu_i/falu_core_i/falu_i/stage_1/float_mul_inst/U0/i_synth/MULT.OP/i_non_prim.MULT/MULT_GEN_VARIANT.FIX_MULT/MULT/gDSP.gDSP_only.iDSP/use_prim.appDSP[0].bppDSP[1].use_dsp.use_dsp48e1.iDSP48E1 multiplier stage soc_base_inst/ztachip_inst/GEN1.fpu_i/falu_core_i/falu_i/stage_1/float_mul_inst/U0/i_synth/MULT.OP/i_non_prim.MULT/MULT_GEN_VARIANT.FIX_MULT/MULT/gDSP.gDSP_only.iDSP/use_prim.appDSP[0].bppDSP[1].use_dsp.use_dsp48e1.iDSP48E1/P[47:0] is not pipelined (MREG=0). Pipelining the multiplier function will improve performance and will save significant power so it is suggested whenever possible to fully pipeline this function.  If this multiplier was inferred, it is suggested to describe an additional register stage after this function.  If there is no registered adder/accumulator following the multiply function, two pipeline stages are suggested to allow both the MREG and PREG registers to be used.  If the DSP48 was instantiated in the design, it is suggested to set both the MREG and PREG attributes to 1 when performing multiply functions.
Related violations: <none>

DPOP-2#9 Warning
MREG Output pipelining  
DSP soc_base_inst/ztachip_inst/GEN1.fpu_i/falu_core_i/falu_i/stage_2/float_mul_inst/U0/i_synth/MULT.OP/i_non_prim.MULT/MULT_GEN_VARIANT.FIX_MULT/MULT/gDSP.gDSP_only.iDSP/use_prim.appDSP[0].bppDSP[1].use_dsp.use_dsp48e1.iDSP48E1 multiplier stage soc_base_inst/ztachip_inst/GEN1.fpu_i/falu_core_i/falu_i/stage_2/float_mul_inst/U0/i_synth/MULT.OP/i_non_prim.MULT/MULT_GEN_VARIANT.FIX_MULT/MULT/gDSP.gDSP_only.iDSP/use_prim.appDSP[0].bppDSP[1].use_dsp.use_dsp48e1.iDSP48E1/PATTERNDETECT is not pipelined (MREG=0). Pipelining the multiplier function will improve performance and will save significant power so it is suggested whenever possible to fully pipeline this function.  If this multiplier was inferred, it is suggested to describe an additional register stage after this function.  If there is no registered adder/accumulator following the multiply function, two pipeline stages are suggested to allow both the MREG and PREG registers to be used.  If the DSP48 was instantiated in the design, it is suggested to set both the MREG and PREG attributes to 1 when performing multiply functions.
Related violations: <none>

DPOP-2#10 Warning
MREG Output pipelining  
DSP soc_base_inst/ztachip_inst/GEN1.fpu_i/falu_core_i/falu_i/stage_2/float_mul_inst/U0/i_synth/MULT.OP/i_non_prim.MULT/MULT_GEN_VARIANT.FIX_MULT/MULT/gDSP.gDSP_only.iDSP/use_prim.appDSP[0].bppDSP[1].use_dsp.use_dsp48e1.iDSP48E1 multiplier stage soc_base_inst/ztachip_inst/GEN1.fpu_i/falu_core_i/falu_i/stage_2/float_mul_inst/U0/i_synth/MULT.OP/i_non_prim.MULT/MULT_GEN_VARIANT.FIX_MULT/MULT/gDSP.gDSP_only.iDSP/use_prim.appDSP[0].bppDSP[1].use_dsp.use_dsp48e1.iDSP48E1/P[47:0] is not pipelined (MREG=0). Pipelining the multiplier function will improve performance and will save significant power so it is suggested whenever possible to fully pipeline this function.  If this multiplier was inferred, it is suggested to describe an additional register stage after this function.  If there is no registered adder/accumulator following the multiply function, two pipeline stages are suggested to allow both the MREG and PREG registers to be used.  If the DSP48 was instantiated in the design, it is suggested to set both the MREG and PREG attributes to 1 when performing multiply functions.
Related violations: <none>

DPOP-2#11 Warning
MREG Output pipelining  
DSP soc_base_inst/ztachip_inst/GEN1.fpu_i/falu_core_i/falu_i/stage_3/float_addsub_inst/U0/i_synth/ADDSUB_OP.ADDSUB/DSP.OP/DSP48E1_BODY.NORM_RND/FULL_USAGE_DSP.SHIFT_RND/i_no_versal_es1_workaround.DSP multiplier stage soc_base_inst/ztachip_inst/GEN1.fpu_i/falu_core_i/falu_i/stage_3/float_addsub_inst/U0/i_synth/ADDSUB_OP.ADDSUB/DSP.OP/DSP48E1_BODY.NORM_RND/FULL_USAGE_DSP.SHIFT_RND/i_no_versal_es1_workaround.DSP/P[47:0] is not pipelined (MREG=0). Pipelining the multiplier function will improve performance and will save significant power so it is suggested whenever possible to fully pipeline this function.  If this multiplier was inferred, it is suggested to describe an additional register stage after this function.  If there is no registered adder/accumulator following the multiply function, two pipeline stages are suggested to allow both the MREG and PREG registers to be used.  If the DSP48 was instantiated in the design, it is suggested to set both the MREG and PREG attributes to 1 when performing multiply functions.
Related violations: <none>

DPOP-2#12 Warning
MREG Output pipelining  
DSP soc_base_inst/ztachip_inst/core_i/GEN_CELL[0].cell_i/GEN_REG[0].GEN1.pcore_i/ialu_i/mult_i/z_r_reg multiplier stage soc_base_inst/ztachip_inst/core_i/GEN_CELL[0].cell_i/GEN_REG[0].GEN1.pcore_i/ialu_i/mult_i/z_r_reg/P[47:0] is not pipelined (MREG=0). Pipelining the multiplier function will improve performance and will save significant power so it is suggested whenever possible to fully pipeline this function.  If this multiplier was inferred, it is suggested to describe an additional register stage after this function.  If there is no registered adder/accumulator following the multiply function, two pipeline stages are suggested to allow both the MREG and PREG registers to be used.  If the DSP48 was instantiated in the design, it is suggested to set both the MREG and PREG attributes to 1 when performing multiply functions.
Related violations: <none>

DPOP-2#13 Warning
MREG Output pipelining  
DSP soc_base_inst/ztachip_inst/core_i/GEN_CELL[0].cell_i/GEN_REG[1].GEN1.pcore_i/ialu_i/mult_i/z_r_reg multiplier stage soc_base_inst/ztachip_inst/core_i/GEN_CELL[0].cell_i/GEN_REG[1].GEN1.pcore_i/ialu_i/mult_i/z_r_reg/P[47:0] is not pipelined (MREG=0). Pipelining the multiplier function will improve performance and will save significant power so it is suggested whenever possible to fully pipeline this function.  If this multiplier was inferred, it is suggested to describe an additional register stage after this function.  If there is no registered adder/accumulator following the multiply function, two pipeline stages are suggested to allow both the MREG and PREG registers to be used.  If the DSP48 was instantiated in the design, it is suggested to set both the MREG and PREG attributes to 1 when performing multiply functions.
Related violations: <none>

DPOP-2#14 Warning
MREG Output pipelining  
DSP soc_base_inst/ztachip_inst/core_i/GEN_CELL[0].cell_i/GEN_REG[2].GEN1.pcore_i/ialu_i/mult_i/z_r_reg multiplier stage soc_base_inst/ztachip_inst/core_i/GEN_CELL[0].cell_i/GEN_REG[2].GEN1.pcore_i/ialu_i/mult_i/z_r_reg/P[47:0] is not pipelined (MREG=0). Pipelining the multiplier function will improve performance and will save significant power so it is suggested whenever possible to fully pipeline this function.  If this multiplier was inferred, it is suggested to describe an additional register stage after this function.  If there is no registered adder/accumulator following the multiply function, two pipeline stages are suggested to allow both the MREG and PREG registers to be used.  If the DSP48 was instantiated in the design, it is suggested to set both the MREG and PREG attributes to 1 when performing multiply functions.
Related violations: <none>

DPOP-2#15 Warning
MREG Output pipelining  
DSP soc_base_inst/ztachip_inst/core_i/GEN_CELL[0].cell_i/GEN_REG[3].GEN1.pcore_i/ialu_i/mult_i/z_r_reg multiplier stage soc_base_inst/ztachip_inst/core_i/GEN_CELL[0].cell_i/GEN_REG[3].GEN1.pcore_i/ialu_i/mult_i/z_r_reg/P[47:0] is not pipelined (MREG=0). Pipelining the multiplier function will improve performance and will save significant power so it is suggested whenever possible to fully pipeline this function.  If this multiplier was inferred, it is suggested to describe an additional register stage after this function.  If there is no registered adder/accumulator following the multiply function, two pipeline stages are suggested to allow both the MREG and PREG registers to be used.  If the DSP48 was instantiated in the design, it is suggested to set both the MREG and PREG attributes to 1 when performing multiply functions.
Related violations: <none>

DPOP-2#16 Warning
MREG Output pipelining  
DSP soc_base_inst/ztachip_inst/core_i/GEN_STREAM[0].stream_i/mul_i/z multiplier stage soc_base_inst/ztachip_inst/core_i/GEN_STREAM[0].stream_i/mul_i/z/P[47:0] is not pipelined (MREG=0). Pipelining the multiplier function will improve performance and will save significant power so it is suggested whenever possible to fully pipeline this function.  If this multiplier was inferred, it is suggested to describe an additional register stage after this function.  If there is no registered adder/accumulator following the multiply function, two pipeline stages are suggested to allow both the MREG and PREG registers to be used.  If the DSP48 was instantiated in the design, it is suggested to set both the MREG and PREG attributes to 1 when performing multiply functions.
Related violations: <none>

DPOP-2#17 Warning
MREG Output pipelining  
DSP soc_base_inst/ztachip_inst/core_i/GEN_STREAM[1].stream_i/mul_i/z multiplier stage soc_base_inst/ztachip_inst/core_i/GEN_STREAM[1].stream_i/mul_i/z/P[47:0] is not pipelined (MREG=0). Pipelining the multiplier function will improve performance and will save significant power so it is suggested whenever possible to fully pipeline this function.  If this multiplier was inferred, it is suggested to describe an additional register stage after this function.  If there is no registered adder/accumulator following the multiply function, two pipeline stages are suggested to allow both the MREG and PREG registers to be used.  If the DSP48 was instantiated in the design, it is suggested to set both the MREG and PREG attributes to 1 when performing multiply functions.
Related violations: <none>

DPOP-2#18 Warning
MREG Output pipelining  
DSP soc_base_inst/ztachip_inst/core_i/GEN_STREAM[2].stream_i/mul_i/z multiplier stage soc_base_inst/ztachip_inst/core_i/GEN_STREAM[2].stream_i/mul_i/z/P[47:0] is not pipelined (MREG=0). Pipelining the multiplier function will improve performance and will save significant power so it is suggested whenever possible to fully pipeline this function.  If this multiplier was inferred, it is suggested to describe an additional register stage after this function.  If there is no registered adder/accumulator following the multiply function, two pipeline stages are suggested to allow both the MREG and PREG registers to be used.  If the DSP48 was instantiated in the design, it is suggested to set both the MREG and PREG attributes to 1 when performing multiply functions.
Related violations: <none>

DPOP-2#19 Warning
MREG Output pipelining  
DSP soc_base_inst/ztachip_inst/core_i/GEN_STREAM[3].stream_i/mul_i/z multiplier stage soc_base_inst/ztachip_inst/core_i/GEN_STREAM[3].stream_i/mul_i/z/P[47:0] is not pipelined (MREG=0). Pipelining the multiplier function will improve performance and will save significant power so it is suggested whenever possible to fully pipeline this function.  If this multiplier was inferred, it is suggested to describe an additional register stage after this function.  If there is no registered adder/accumulator following the multiply function, two pipeline stages are suggested to allow both the MREG and PREG registers to be used.  If the DSP48 was instantiated in the design, it is suggested to set both the MREG and PREG attributes to 1 when performing multiply functions.
Related violations: <none>

DPOP-2#20 Warning
MREG Output pipelining  
DSP soc_base_inst/ztachip_inst/core_i/GEN_STREAM[4].stream_i/mul_i/z multiplier stage soc_base_inst/ztachip_inst/core_i/GEN_STREAM[4].stream_i/mul_i/z/P[47:0] is not pipelined (MREG=0). Pipelining the multiplier function will improve performance and will save significant power so it is suggested whenever possible to fully pipeline this function.  If this multiplier was inferred, it is suggested to describe an additional register stage after this function.  If there is no registered adder/accumulator following the multiply function, two pipeline stages are suggested to allow both the MREG and PREG registers to be used.  If the DSP48 was instantiated in the design, it is suggested to set both the MREG and PREG attributes to 1 when performing multiply functions.
Related violations: <none>

DPOP-2#21 Warning
MREG Output pipelining  
DSP soc_base_inst/ztachip_inst/core_i/GEN_STREAM[5].stream_i/mul_i/z multiplier stage soc_base_inst/ztachip_inst/core_i/GEN_STREAM[5].stream_i/mul_i/z/P[47:0] is not pipelined (MREG=0). Pipelining the multiplier function will improve performance and will save significant power so it is suggested whenever possible to fully pipeline this function.  If this multiplier was inferred, it is suggested to describe an additional register stage after this function.  If there is no registered adder/accumulator following the multiply function, two pipeline stages are suggested to allow both the MREG and PREG registers to be used.  If the DSP48 was instantiated in the design, it is suggested to set both the MREG and PREG attributes to 1 when performing multiply functions.
Related violations: <none>

DPOP-2#22 Warning
MREG Output pipelining  
DSP soc_base_inst/ztachip_inst/core_i/GEN_STREAM[6].stream_i/mul_i/z multiplier stage soc_base_inst/ztachip_inst/core_i/GEN_STREAM[6].stream_i/mul_i/z/P[47:0] is not pipelined (MREG=0). Pipelining the multiplier function will improve performance and will save significant power so it is suggested whenever possible to fully pipeline this function.  If this multiplier was inferred, it is suggested to describe an additional register stage after this function.  If there is no registered adder/accumulator following the multiply function, two pipeline stages are suggested to allow both the MREG and PREG registers to be used.  If the DSP48 was instantiated in the design, it is suggested to set both the MREG and PREG attributes to 1 when performing multiply functions.
Related violations: <none>

DPOP-2#23 Warning
MREG Output pipelining  
DSP soc_base_inst/ztachip_inst/core_i/GEN_STREAM[7].stream_i/mul_i/z multiplier stage soc_base_inst/ztachip_inst/core_i/GEN_STREAM[7].stream_i/mul_i/z/P[47:0] is not pipelined (MREG=0). Pipelining the multiplier function will improve performance and will save significant power so it is suggested whenever possible to fully pipeline this function.  If this multiplier was inferred, it is suggested to describe an additional register stage after this function.  If there is no registered adder/accumulator following the multiply function, two pipeline stages are suggested to allow both the MREG and PREG registers to be used.  If the DSP48 was instantiated in the design, it is suggested to set both the MREG and PREG attributes to 1 when performing multiply functions.
Related violations: <none>

DPOP-2#24 Warning
MREG Output pipelining  
DSP soc_base_inst/ztachip_inst/core_i/GEN_STREAM_1[0].stream_i1/mul_i/z multiplier stage soc_base_inst/ztachip_inst/core_i/GEN_STREAM_1[0].stream_i1/mul_i/z/P[47:0] is not pipelined (MREG=0). Pipelining the multiplier function will improve performance and will save significant power so it is suggested whenever possible to fully pipeline this function.  If this multiplier was inferred, it is suggested to describe an additional register stage after this function.  If there is no registered adder/accumulator following the multiply function, two pipeline stages are suggested to allow both the MREG and PREG registers to be used.  If the DSP48 was instantiated in the design, it is suggested to set both the MREG and PREG attributes to 1 when performing multiply functions.
Related violations: <none>

DPOP-2#25 Warning
MREG Output pipelining  
DSP soc_base_inst/ztachip_inst/core_i/GEN_STREAM_1[1].stream_i1/mul_i/z multiplier stage soc_base_inst/ztachip_inst/core_i/GEN_STREAM_1[1].stream_i1/mul_i/z/P[47:0] is not pipelined (MREG=0). Pipelining the multiplier function will improve performance and will save significant power so it is suggested whenever possible to fully pipeline this function.  If this multiplier was inferred, it is suggested to describe an additional register stage after this function.  If there is no registered adder/accumulator following the multiply function, two pipeline stages are suggested to allow both the MREG and PREG registers to be used.  If the DSP48 was instantiated in the design, it is suggested to set both the MREG and PREG attributes to 1 when performing multiply functions.
Related violations: <none>

DPOP-2#26 Warning
MREG Output pipelining  
DSP soc_base_inst/ztachip_inst/core_i/GEN_STREAM_1[2].stream_i1/mul_i/z multiplier stage soc_base_inst/ztachip_inst/core_i/GEN_STREAM_1[2].stream_i1/mul_i/z/P[47:0] is not pipelined (MREG=0). Pipelining the multiplier function will improve performance and will save significant power so it is suggested whenever possible to fully pipeline this function.  If this multiplier was inferred, it is suggested to describe an additional register stage after this function.  If there is no registered adder/accumulator following the multiply function, two pipeline stages are suggested to allow both the MREG and PREG registers to be used.  If the DSP48 was instantiated in the design, it is suggested to set both the MREG and PREG attributes to 1 when performing multiply functions.
Related violations: <none>

DPOP-2#27 Warning
MREG Output pipelining  
DSP soc_base_inst/ztachip_inst/core_i/GEN_STREAM_1[3].stream_i1/mul_i/z multiplier stage soc_base_inst/ztachip_inst/core_i/GEN_STREAM_1[3].stream_i1/mul_i/z/P[47:0] is not pipelined (MREG=0). Pipelining the multiplier function will improve performance and will save significant power so it is suggested whenever possible to fully pipeline this function.  If this multiplier was inferred, it is suggested to describe an additional register stage after this function.  If there is no registered adder/accumulator following the multiply function, two pipeline stages are suggested to allow both the MREG and PREG registers to be used.  If the DSP48 was instantiated in the design, it is suggested to set both the MREG and PREG attributes to 1 when performing multiply functions.
Related violations: <none>

DPOP-2#28 Warning
MREG Output pipelining  
DSP soc_base_inst/ztachip_inst/core_i/GEN_STREAM_1[4].stream_i1/mul_i/z multiplier stage soc_base_inst/ztachip_inst/core_i/GEN_STREAM_1[4].stream_i1/mul_i/z/P[47:0] is not pipelined (MREG=0). Pipelining the multiplier function will improve performance and will save significant power so it is suggested whenever possible to fully pipeline this function.  If this multiplier was inferred, it is suggested to describe an additional register stage after this function.  If there is no registered adder/accumulator following the multiply function, two pipeline stages are suggested to allow both the MREG and PREG registers to be used.  If the DSP48 was instantiated in the design, it is suggested to set both the MREG and PREG attributes to 1 when performing multiply functions.
Related violations: <none>

DPOP-2#29 Warning
MREG Output pipelining  
DSP soc_base_inst/ztachip_inst/core_i/GEN_STREAM_1[5].stream_i1/mul_i/z multiplier stage soc_base_inst/ztachip_inst/core_i/GEN_STREAM_1[5].stream_i1/mul_i/z/P[47:0] is not pipelined (MREG=0). Pipelining the multiplier function will improve performance and will save significant power so it is suggested whenever possible to fully pipeline this function.  If this multiplier was inferred, it is suggested to describe an additional register stage after this function.  If there is no registered adder/accumulator following the multiply function, two pipeline stages are suggested to allow both the MREG and PREG registers to be used.  If the DSP48 was instantiated in the design, it is suggested to set both the MREG and PREG attributes to 1 when performing multiply functions.
Related violations: <none>

DPOP-2#30 Warning
MREG Output pipelining  
DSP soc_base_inst/ztachip_inst/core_i/GEN_STREAM_1[6].stream_i1/mul_i/z multiplier stage soc_base_inst/ztachip_inst/core_i/GEN_STREAM_1[6].stream_i1/mul_i/z/P[47:0] is not pipelined (MREG=0). Pipelining the multiplier function will improve performance and will save significant power so it is suggested whenever possible to fully pipeline this function.  If this multiplier was inferred, it is suggested to describe an additional register stage after this function.  If there is no registered adder/accumulator following the multiply function, two pipeline stages are suggested to allow both the MREG and PREG registers to be used.  If the DSP48 was instantiated in the design, it is suggested to set both the MREG and PREG attributes to 1 when performing multiply functions.
Related violations: <none>

DPOP-2#31 Warning
MREG Output pipelining  
DSP soc_base_inst/ztachip_inst/core_i/GEN_STREAM_1[7].stream_i1/mul_i/z multiplier stage soc_base_inst/ztachip_inst/core_i/GEN_STREAM_1[7].stream_i1/mul_i/z/P[47:0] is not pipelined (MREG=0). Pipelining the multiplier function will improve performance and will save significant power so it is suggested whenever possible to fully pipeline this function.  If this multiplier was inferred, it is suggested to describe an additional register stage after this function.  If there is no registered adder/accumulator following the multiply function, two pipeline stages are suggested to allow both the MREG and PREG registers to be used.  If the DSP48 was instantiated in the design, it is suggested to set both the MREG and PREG attributes to 1 when performing multiply functions.
Related violations: <none>

PLCK-12#1 Warning
Clock Placer Checks  
Poor placement for routing between an IO pin and BUFG. 
Resolution: Poor placement of an IO pin and a BUFG has resulted in the router using a non-dedicated path between the two.  There are several things that could trigger this DRC, each of which can cause unpredictable clock insertion delays that result in poor timing.  This DRC could be caused by any of the following: (a) a clock port was placed on a pin that is not a CCIO-pin (b)the BUFG has not been placed in the same half of the device or SLR as the CCIO-pin (c) a single ended clock has been placed on the N-Side of a differential pair CCIO-pin.
 This is normally an ERROR but the CLOCK_DEDICATED_ROUTE constraint is set to FALSE allowing your design to continue. The use of this override is highly discouraged as it may lead to very poor timing results. It is recommended that this error condition be corrected in the design.

	CAMERA_PCLK_IBUF_inst (IBUF.O) is locked to V10
	CAMERA_PCLK_IBUF_BUFG_inst (BUFG.I) cannot be placed

Related violations: <none>

REQP-1709#1 Warning
Clock output buffering  
PLLE2_ADV connectivity violation. The signal mig_inst/u_mig_7series_0_mig/u_ddr3_infrastructure/pll_clk3_out on the mig_inst/u_mig_7series_0_mig/u_ddr3_infrastructure/plle2_i/CLKOUT3 pin of mig_inst/u_mig_7series_0_mig/u_ddr3_infrastructure/plle2_i does not drive the same kind of BUFFER load as the other CLKOUT pins. Routing from the different buffer types will not be phase aligned.
Related violations: <none>

REQP-1839#1 Warning
RAMB36 async control check  
The RAMB36E1 soc_base_inst/axi_split_dbus_i/GEN1.axi_split_read_i/read_ifc_i/GEN1.slave_cmd_fifo/ram_i/xpm_memory_sdpram_inst/xpm_memory_base_inst/gen_wr_a.gen_word_narrow.mem_reg has an input control pin soc_base_inst/axi_split_dbus_i/GEN1.axi_split_read_i/read_ifc_i/GEN1.slave_cmd_fifo/ram_i/xpm_memory_sdpram_inst/xpm_memory_base_inst/gen_wr_a.gen_word_narrow.mem_reg/WEBWE[5] (net: soc_base_inst/axi_split_dbus_i/GEN1.axi_split_read_i/read_ifc_i/GEN1.slave_cmd_fifo/ram_i/xpm_memory_sdpram_inst/xpm_memory_base_inst/wea[0]) which is driven by a register (soc_base_inst/cpu_inst/_zz_dBus_cmd_ready_reg[0]) that has an active asychronous set or reset. This may cause corruption of the memory contents and/or read values when the set/reset is asserted and is not analyzed by the default static timing analysis. It is suggested to eliminate the use of a set/reset to registers driving this RAMB pin or else use a synchronous reset in which the assertion of the reset is timed by default.
Related violations: <none>

REQP-1839#2 Warning
RAMB36 async control check  
The RAMB36E1 soc_base_inst/axi_split_dbus_i/GEN1.axi_split_read_i/read_ifc_i/GEN1.slave_cmd_fifo/ram_i/xpm_memory_sdpram_inst/xpm_memory_base_inst/gen_wr_a.gen_word_narrow.mem_reg has an input control pin soc_base_inst/axi_split_dbus_i/GEN1.axi_split_read_i/read_ifc_i/GEN1.slave_cmd_fifo/ram_i/xpm_memory_sdpram_inst/xpm_memory_base_inst/gen_wr_a.gen_word_narrow.mem_reg/WEBWE[5] (net: soc_base_inst/axi_split_dbus_i/GEN1.axi_split_read_i/read_ifc_i/GEN1.slave_cmd_fifo/ram_i/xpm_memory_sdpram_inst/xpm_memory_base_inst/wea[0]) which is driven by a register (soc_base_inst/cpu_inst/_zz_dBus_cmd_ready_reg[2]) that has an active asychronous set or reset. This may cause corruption of the memory contents and/or read values when the set/reset is asserted and is not analyzed by the default static timing analysis. It is suggested to eliminate the use of a set/reset to registers driving this RAMB pin or else use a synchronous reset in which the assertion of the reset is timed by default.
Related violations: <none>

REQP-1839#3 Warning
RAMB36 async control check  
The RAMB36E1 soc_base_inst/axi_split_dbus_i/GEN1.axi_split_read_i/read_ifc_i/GEN1.slave_cmd_fifo/ram_i/xpm_memory_sdpram_inst/xpm_memory_base_inst/gen_wr_a.gen_word_narrow.mem_reg has an input control pin soc_base_inst/axi_split_dbus_i/GEN1.axi_split_read_i/read_ifc_i/GEN1.slave_cmd_fifo/ram_i/xpm_memory_sdpram_inst/xpm_memory_base_inst/gen_wr_a.gen_word_narrow.mem_reg/WEBWE[5] (net: soc_base_inst/axi_split_dbus_i/GEN1.axi_split_read_i/read_ifc_i/GEN1.slave_cmd_fifo/ram_i/xpm_memory_sdpram_inst/xpm_memory_base_inst/wea[0]) which is driven by a register (soc_base_inst/cpu_inst/system_cpu/dataCache_1/memCmdSent_reg) that has an active asychronous set or reset. This may cause corruption of the memory contents and/or read values when the set/reset is asserted and is not analyzed by the default static timing analysis. It is suggested to eliminate the use of a set/reset to registers driving this RAMB pin or else use a synchronous reset in which the assertion of the reset is timed by default.
Related violations: <none>

REQP-1839#4 Warning
RAMB36 async control check  
The RAMB36E1 soc_base_inst/axi_split_dbus_i/GEN1.axi_split_read_i/read_ifc_i/GEN1.slave_cmd_fifo/ram_i/xpm_memory_sdpram_inst/xpm_memory_base_inst/gen_wr_a.gen_word_narrow.mem_reg has an input control pin soc_base_inst/axi_split_dbus_i/GEN1.axi_split_read_i/read_ifc_i/GEN1.slave_cmd_fifo/ram_i/xpm_memory_sdpram_inst/xpm_memory_base_inst/gen_wr_a.gen_word_narrow.mem_reg/WEBWE[5] (net: soc_base_inst/axi_split_dbus_i/GEN1.axi_split_read_i/read_ifc_i/GEN1.slave_cmd_fifo/ram_i/xpm_memory_sdpram_inst/xpm_memory_base_inst/wea[0]) which is driven by a register (soc_base_inst/cpu_inst/system_cpu/writeBack_arbitration_isValid_reg) that has an active asychronous set or reset. This may cause corruption of the memory contents and/or read values when the set/reset is asserted and is not analyzed by the default static timing analysis. It is suggested to eliminate the use of a set/reset to registers driving this RAMB pin or else use a synchronous reset in which the assertion of the reset is timed by default.
Related violations: <none>

REQP-1839#5 Warning
RAMB36 async control check  
The RAMB36E1 soc_base_inst/axi_split_dbus_i/GEN1.axi_split_read_i/read_ifc_i/GEN1.slave_cmd_fifo/ram_i/xpm_memory_sdpram_inst/xpm_memory_base_inst/gen_wr_a.gen_word_narrow.mem_reg has an input control pin soc_base_inst/axi_split_dbus_i/GEN1.axi_split_read_i/read_ifc_i/GEN1.slave_cmd_fifo/ram_i/xpm_memory_sdpram_inst/xpm_memory_base_inst/gen_wr_a.gen_word_narrow.mem_reg/WEBWE[6] (net: soc_base_inst/axi_split_dbus_i/GEN1.axi_split_read_i/read_ifc_i/GEN1.slave_cmd_fifo/ram_i/xpm_memory_sdpram_inst/xpm_memory_base_inst/wea[0]) which is driven by a register (soc_base_inst/cpu_inst/_zz_dBus_cmd_ready_reg[0]) that has an active asychronous set or reset. This may cause corruption of the memory contents and/or read values when the set/reset is asserted and is not analyzed by the default static timing analysis. It is suggested to eliminate the use of a set/reset to registers driving this RAMB pin or else use a synchronous reset in which the assertion of the reset is timed by default.
Related violations: <none>

REQP-1839#6 Warning
RAMB36 async control check  
The RAMB36E1 soc_base_inst/axi_split_dbus_i/GEN1.axi_split_read_i/read_ifc_i/GEN1.slave_cmd_fifo/ram_i/xpm_memory_sdpram_inst/xpm_memory_base_inst/gen_wr_a.gen_word_narrow.mem_reg has an input control pin soc_base_inst/axi_split_dbus_i/GEN1.axi_split_read_i/read_ifc_i/GEN1.slave_cmd_fifo/ram_i/xpm_memory_sdpram_inst/xpm_memory_base_inst/gen_wr_a.gen_word_narrow.mem_reg/WEBWE[6] (net: soc_base_inst/axi_split_dbus_i/GEN1.axi_split_read_i/read_ifc_i/GEN1.slave_cmd_fifo/ram_i/xpm_memory_sdpram_inst/xpm_memory_base_inst/wea[0]) which is driven by a register (soc_base_inst/cpu_inst/_zz_dBus_cmd_ready_reg[1]) that has an active asychronous set or reset. This may cause corruption of the memory contents and/or read values when the set/reset is asserted and is not analyzed by the default static timing analysis. It is suggested to eliminate the use of a set/reset to registers driving this RAMB pin or else use a synchronous reset in which the assertion of the reset is timed by default.
Related violations: <none>

REQP-1839#7 Warning
RAMB36 async control check  
The RAMB36E1 soc_base_inst/axi_split_dbus_i/GEN1.axi_split_read_i/read_ifc_i/GEN1.slave_cmd_fifo/ram_i/xpm_memory_sdpram_inst/xpm_memory_base_inst/gen_wr_a.gen_word_narrow.mem_reg has an input control pin soc_base_inst/axi_split_dbus_i/GEN1.axi_split_read_i/read_ifc_i/GEN1.slave_cmd_fifo/ram_i/xpm_memory_sdpram_inst/xpm_memory_base_inst/gen_wr_a.gen_word_narrow.mem_reg/WEBWE[6] (net: soc_base_inst/axi_split_dbus_i/GEN1.axi_split_read_i/read_ifc_i/GEN1.slave_cmd_fifo/ram_i/xpm_memory_sdpram_inst/xpm_memory_base_inst/wea[0]) which is driven by a register (soc_base_inst/cpu_inst/_zz_dBus_cmd_ready_reg[2]) that has an active asychronous set or reset. This may cause corruption of the memory contents and/or read values when the set/reset is asserted and is not analyzed by the default static timing analysis. It is suggested to eliminate the use of a set/reset to registers driving this RAMB pin or else use a synchronous reset in which the assertion of the reset is timed by default.
Related violations: <none>

REQP-1839#8 Warning
RAMB36 async control check  
The RAMB36E1 soc_base_inst/axi_split_dbus_i/GEN1.axi_split_read_i/read_ifc_i/GEN1.slave_cmd_fifo/ram_i/xpm_memory_sdpram_inst/xpm_memory_base_inst/gen_wr_a.gen_word_narrow.mem_reg has an input control pin soc_base_inst/axi_split_dbus_i/GEN1.axi_split_read_i/read_ifc_i/GEN1.slave_cmd_fifo/ram_i/xpm_memory_sdpram_inst/xpm_memory_base_inst/gen_wr_a.gen_word_narrow.mem_reg/WEBWE[6] (net: soc_base_inst/axi_split_dbus_i/GEN1.axi_split_read_i/read_ifc_i/GEN1.slave_cmd_fifo/ram_i/xpm_memory_sdpram_inst/xpm_memory_base_inst/wea[0]) which is driven by a register (soc_base_inst/cpu_inst/_zz_dBus_cmd_ready_reg[3]) that has an active asychronous set or reset. This may cause corruption of the memory contents and/or read values when the set/reset is asserted and is not analyzed by the default static timing analysis. It is suggested to eliminate the use of a set/reset to registers driving this RAMB pin or else use a synchronous reset in which the assertion of the reset is timed by default.
Related violations: <none>

REQP-1839#9 Warning
RAMB36 async control check  
The RAMB36E1 soc_base_inst/axi_split_dbus_i/GEN1.axi_split_read_i/read_ifc_i/GEN1.slave_cmd_fifo/ram_i/xpm_memory_sdpram_inst/xpm_memory_base_inst/gen_wr_a.gen_word_narrow.mem_reg has an input control pin soc_base_inst/axi_split_dbus_i/GEN1.axi_split_read_i/read_ifc_i/GEN1.slave_cmd_fifo/ram_i/xpm_memory_sdpram_inst/xpm_memory_base_inst/gen_wr_a.gen_word_narrow.mem_reg/WEBWE[6] (net: soc_base_inst/axi_split_dbus_i/GEN1.axi_split_read_i/read_ifc_i/GEN1.slave_cmd_fifo/ram_i/xpm_memory_sdpram_inst/xpm_memory_base_inst/wea[0]) which is driven by a register (soc_base_inst/cpu_inst/_zz_dBus_cmd_ready_reg[4]) that has an active asychronous set or reset. This may cause corruption of the memory contents and/or read values when the set/reset is asserted and is not analyzed by the default static timing analysis. It is suggested to eliminate the use of a set/reset to registers driving this RAMB pin or else use a synchronous reset in which the assertion of the reset is timed by default.
Related violations: <none>

REQP-1839#10 Warning
RAMB36 async control check  
The RAMB36E1 soc_base_inst/axi_split_dbus_i/GEN1.axi_split_read_i/read_ifc_i/GEN1.slave_cmd_fifo/ram_i/xpm_memory_sdpram_inst/xpm_memory_base_inst/gen_wr_a.gen_word_narrow.mem_reg has an input control pin soc_base_inst/axi_split_dbus_i/GEN1.axi_split_read_i/read_ifc_i/GEN1.slave_cmd_fifo/ram_i/xpm_memory_sdpram_inst/xpm_memory_base_inst/gen_wr_a.gen_word_narrow.mem_reg/WEBWE[6] (net: soc_base_inst/axi_split_dbus_i/GEN1.axi_split_read_i/read_ifc_i/GEN1.slave_cmd_fifo/ram_i/xpm_memory_sdpram_inst/xpm_memory_base_inst/wea[0]) which is driven by a register (soc_base_inst/cpu_inst/_zz_when_Stream_l998_2_reg) that has an active asychronous set or reset. This may cause corruption of the memory contents and/or read values when the set/reset is asserted and is not analyzed by the default static timing analysis. It is suggested to eliminate the use of a set/reset to registers driving this RAMB pin or else use a synchronous reset in which the assertion of the reset is timed by default.
Related violations: <none>

REQP-1839#11 Warning
RAMB36 async control check  
The RAMB36E1 soc_base_inst/axi_split_dbus_i/GEN1.axi_split_read_i/read_ifc_i/GEN1.slave_cmd_fifo/ram_i/xpm_memory_sdpram_inst/xpm_memory_base_inst/gen_wr_a.gen_word_narrow.mem_reg has an input control pin soc_base_inst/axi_split_dbus_i/GEN1.axi_split_read_i/read_ifc_i/GEN1.slave_cmd_fifo/ram_i/xpm_memory_sdpram_inst/xpm_memory_base_inst/gen_wr_a.gen_word_narrow.mem_reg/WEBWE[6] (net: soc_base_inst/axi_split_dbus_i/GEN1.axi_split_read_i/read_ifc_i/GEN1.slave_cmd_fifo/ram_i/xpm_memory_sdpram_inst/xpm_memory_base_inst/wea[0]) which is driven by a register (soc_base_inst/cpu_inst/system_cpu/dataCache_1/memCmdSent_reg) that has an active asychronous set or reset. This may cause corruption of the memory contents and/or read values when the set/reset is asserted and is not analyzed by the default static timing analysis. It is suggested to eliminate the use of a set/reset to registers driving this RAMB pin or else use a synchronous reset in which the assertion of the reset is timed by default.
Related violations: <none>

REQP-1839#12 Warning
RAMB36 async control check  
The RAMB36E1 soc_base_inst/axi_split_dbus_i/GEN1.axi_split_read_i/read_ifc_i/GEN1.slave_cmd_fifo/ram_i/xpm_memory_sdpram_inst/xpm_memory_base_inst/gen_wr_a.gen_word_narrow.mem_reg has an input control pin soc_base_inst/axi_split_dbus_i/GEN1.axi_split_read_i/read_ifc_i/GEN1.slave_cmd_fifo/ram_i/xpm_memory_sdpram_inst/xpm_memory_base_inst/gen_wr_a.gen_word_narrow.mem_reg/WEBWE[6] (net: soc_base_inst/axi_split_dbus_i/GEN1.axi_split_read_i/read_ifc_i/GEN1.slave_cmd_fifo/ram_i/xpm_memory_sdpram_inst/xpm_memory_base_inst/wea[0]) which is driven by a register (soc_base_inst/cpu_inst/system_cpu/writeBack_arbitration_isValid_reg) that has an active asychronous set or reset. This may cause corruption of the memory contents and/or read values when the set/reset is asserted and is not analyzed by the default static timing analysis. It is suggested to eliminate the use of a set/reset to registers driving this RAMB pin or else use a synchronous reset in which the assertion of the reset is timed by default.
Related violations: <none>

REQP-1839#13 Warning
RAMB36 async control check  
The RAMB36E1 soc_base_inst/axi_split_dbus_i/GEN1.axi_split_read_i/read_ifc_i/GEN1.slave_cmd_fifo/ram_i/xpm_memory_sdpram_inst/xpm_memory_base_inst/gen_wr_a.gen_word_narrow.mem_reg has an input control pin soc_base_inst/axi_split_dbus_i/GEN1.axi_split_read_i/read_ifc_i/GEN1.slave_cmd_fifo/ram_i/xpm_memory_sdpram_inst/xpm_memory_base_inst/gen_wr_a.gen_word_narrow.mem_reg/WEBWE[7] (net: soc_base_inst/axi_split_dbus_i/GEN1.axi_split_read_i/read_ifc_i/GEN1.slave_cmd_fifo/ram_i/xpm_memory_sdpram_inst/xpm_memory_base_inst/wea[0]) which is driven by a register (soc_base_inst/cpu_inst/_zz_dBus_cmd_ready_reg[0]) that has an active asychronous set or reset. This may cause corruption of the memory contents and/or read values when the set/reset is asserted and is not analyzed by the default static timing analysis. It is suggested to eliminate the use of a set/reset to registers driving this RAMB pin or else use a synchronous reset in which the assertion of the reset is timed by default.
Related violations: <none>

REQP-1839#14 Warning
RAMB36 async control check  
The RAMB36E1 soc_base_inst/axi_split_dbus_i/GEN1.axi_split_read_i/read_ifc_i/GEN1.slave_cmd_fifo/ram_i/xpm_memory_sdpram_inst/xpm_memory_base_inst/gen_wr_a.gen_word_narrow.mem_reg has an input control pin soc_base_inst/axi_split_dbus_i/GEN1.axi_split_read_i/read_ifc_i/GEN1.slave_cmd_fifo/ram_i/xpm_memory_sdpram_inst/xpm_memory_base_inst/gen_wr_a.gen_word_narrow.mem_reg/WEBWE[7] (net: soc_base_inst/axi_split_dbus_i/GEN1.axi_split_read_i/read_ifc_i/GEN1.slave_cmd_fifo/ram_i/xpm_memory_sdpram_inst/xpm_memory_base_inst/wea[0]) which is driven by a register (soc_base_inst/cpu_inst/_zz_dBus_cmd_ready_reg[1]) that has an active asychronous set or reset. This may cause corruption of the memory contents and/or read values when the set/reset is asserted and is not analyzed by the default static timing analysis. It is suggested to eliminate the use of a set/reset to registers driving this RAMB pin or else use a synchronous reset in which the assertion of the reset is timed by default.
Related violations: <none>

REQP-1839#15 Warning
RAMB36 async control check  
The RAMB36E1 soc_base_inst/axi_split_dbus_i/GEN1.axi_split_read_i/read_ifc_i/GEN1.slave_cmd_fifo/ram_i/xpm_memory_sdpram_inst/xpm_memory_base_inst/gen_wr_a.gen_word_narrow.mem_reg has an input control pin soc_base_inst/axi_split_dbus_i/GEN1.axi_split_read_i/read_ifc_i/GEN1.slave_cmd_fifo/ram_i/xpm_memory_sdpram_inst/xpm_memory_base_inst/gen_wr_a.gen_word_narrow.mem_reg/WEBWE[7] (net: soc_base_inst/axi_split_dbus_i/GEN1.axi_split_read_i/read_ifc_i/GEN1.slave_cmd_fifo/ram_i/xpm_memory_sdpram_inst/xpm_memory_base_inst/wea[0]) which is driven by a register (soc_base_inst/cpu_inst/_zz_dBus_cmd_ready_reg[2]) that has an active asychronous set or reset. This may cause corruption of the memory contents and/or read values when the set/reset is asserted and is not analyzed by the default static timing analysis. It is suggested to eliminate the use of a set/reset to registers driving this RAMB pin or else use a synchronous reset in which the assertion of the reset is timed by default.
Related violations: <none>

REQP-1839#16 Warning
RAMB36 async control check  
The RAMB36E1 soc_base_inst/axi_split_dbus_i/GEN1.axi_split_read_i/read_ifc_i/GEN1.slave_cmd_fifo/ram_i/xpm_memory_sdpram_inst/xpm_memory_base_inst/gen_wr_a.gen_word_narrow.mem_reg has an input control pin soc_base_inst/axi_split_dbus_i/GEN1.axi_split_read_i/read_ifc_i/GEN1.slave_cmd_fifo/ram_i/xpm_memory_sdpram_inst/xpm_memory_base_inst/gen_wr_a.gen_word_narrow.mem_reg/WEBWE[7] (net: soc_base_inst/axi_split_dbus_i/GEN1.axi_split_read_i/read_ifc_i/GEN1.slave_cmd_fifo/ram_i/xpm_memory_sdpram_inst/xpm_memory_base_inst/wea[0]) which is driven by a register (soc_base_inst/cpu_inst/_zz_dBus_cmd_ready_reg[3]) that has an active asychronous set or reset. This may cause corruption of the memory contents and/or read values when the set/reset is asserted and is not analyzed by the default static timing analysis. It is suggested to eliminate the use of a set/reset to registers driving this RAMB pin or else use a synchronous reset in which the assertion of the reset is timed by default.
Related violations: <none>

REQP-1839#17 Warning
RAMB36 async control check  
The RAMB36E1 soc_base_inst/axi_split_dbus_i/GEN1.axi_split_read_i/read_ifc_i/GEN1.slave_cmd_fifo/ram_i/xpm_memory_sdpram_inst/xpm_memory_base_inst/gen_wr_a.gen_word_narrow.mem_reg has an input control pin soc_base_inst/axi_split_dbus_i/GEN1.axi_split_read_i/read_ifc_i/GEN1.slave_cmd_fifo/ram_i/xpm_memory_sdpram_inst/xpm_memory_base_inst/gen_wr_a.gen_word_narrow.mem_reg/WEBWE[7] (net: soc_base_inst/axi_split_dbus_i/GEN1.axi_split_read_i/read_ifc_i/GEN1.slave_cmd_fifo/ram_i/xpm_memory_sdpram_inst/xpm_memory_base_inst/wea[0]) which is driven by a register (soc_base_inst/cpu_inst/_zz_dBus_cmd_ready_reg[4]) that has an active asychronous set or reset. This may cause corruption of the memory contents and/or read values when the set/reset is asserted and is not analyzed by the default static timing analysis. It is suggested to eliminate the use of a set/reset to registers driving this RAMB pin or else use a synchronous reset in which the assertion of the reset is timed by default.
Related violations: <none>

REQP-1839#18 Warning
RAMB36 async control check  
The RAMB36E1 soc_base_inst/axi_split_dbus_i/GEN1.axi_split_read_i/read_ifc_i/GEN1.slave_cmd_fifo/ram_i/xpm_memory_sdpram_inst/xpm_memory_base_inst/gen_wr_a.gen_word_narrow.mem_reg has an input control pin soc_base_inst/axi_split_dbus_i/GEN1.axi_split_read_i/read_ifc_i/GEN1.slave_cmd_fifo/ram_i/xpm_memory_sdpram_inst/xpm_memory_base_inst/gen_wr_a.gen_word_narrow.mem_reg/WEBWE[7] (net: soc_base_inst/axi_split_dbus_i/GEN1.axi_split_read_i/read_ifc_i/GEN1.slave_cmd_fifo/ram_i/xpm_memory_sdpram_inst/xpm_memory_base_inst/wea[0]) which is driven by a register (soc_base_inst/cpu_inst/_zz_when_Stream_l998_2_reg) that has an active asychronous set or reset. This may cause corruption of the memory contents and/or read values when the set/reset is asserted and is not analyzed by the default static timing analysis. It is suggested to eliminate the use of a set/reset to registers driving this RAMB pin or else use a synchronous reset in which the assertion of the reset is timed by default.
Related violations: <none>

REQP-1839#19 Warning
RAMB36 async control check  
The RAMB36E1 soc_base_inst/axi_split_dbus_i/GEN1.axi_split_read_i/read_ifc_i/GEN1.slave_cmd_fifo/ram_i/xpm_memory_sdpram_inst/xpm_memory_base_inst/gen_wr_a.gen_word_narrow.mem_reg has an input control pin soc_base_inst/axi_split_dbus_i/GEN1.axi_split_read_i/read_ifc_i/GEN1.slave_cmd_fifo/ram_i/xpm_memory_sdpram_inst/xpm_memory_base_inst/gen_wr_a.gen_word_narrow.mem_reg/WEBWE[7] (net: soc_base_inst/axi_split_dbus_i/GEN1.axi_split_read_i/read_ifc_i/GEN1.slave_cmd_fifo/ram_i/xpm_memory_sdpram_inst/xpm_memory_base_inst/wea[0]) which is driven by a register (soc_base_inst/cpu_inst/system_cpu/dataCache_1/memCmdSent_reg) that has an active asychronous set or reset. This may cause corruption of the memory contents and/or read values when the set/reset is asserted and is not analyzed by the default static timing analysis. It is suggested to eliminate the use of a set/reset to registers driving this RAMB pin or else use a synchronous reset in which the assertion of the reset is timed by default.
Related violations: <none>

REQP-1839#20 Warning
RAMB36 async control check  
The RAMB36E1 soc_base_inst/axi_split_dbus_i/GEN1.axi_split_read_i/read_ifc_i/GEN1.slave_cmd_fifo/ram_i/xpm_memory_sdpram_inst/xpm_memory_base_inst/gen_wr_a.gen_word_narrow.mem_reg has an input control pin soc_base_inst/axi_split_dbus_i/GEN1.axi_split_read_i/read_ifc_i/GEN1.slave_cmd_fifo/ram_i/xpm_memory_sdpram_inst/xpm_memory_base_inst/gen_wr_a.gen_word_narrow.mem_reg/WEBWE[7] (net: soc_base_inst/axi_split_dbus_i/GEN1.axi_split_read_i/read_ifc_i/GEN1.slave_cmd_fifo/ram_i/xpm_memory_sdpram_inst/xpm_memory_base_inst/wea[0]) which is driven by a register (soc_base_inst/cpu_inst/system_cpu/writeBack_arbitration_isValid_reg) that has an active asychronous set or reset. This may cause corruption of the memory contents and/or read values when the set/reset is asserted and is not analyzed by the default static timing analysis. It is suggested to eliminate the use of a set/reset to registers driving this RAMB pin or else use a synchronous reset in which the assertion of the reset is timed by default.
Related violations: <none>

REQP-1840#1 Warning
RAMB18 async control check  
The RAMB18E1 ethlite_i/ethlite_i/U0/XEMAC_I/RX_PING/xpm_mem_gen.xpm_memory_inst_1/xpm_memory_base_inst/gen_wr_b.gen_word_wide.mem_reg has an input control pin ethlite_i/ethlite_i/U0/XEMAC_I/RX_PING/xpm_mem_gen.xpm_memory_inst_1/xpm_memory_base_inst/gen_wr_b.gen_word_wide.mem_reg/ENBWREN (net: ethlite_i/ethlite_i/U0/XEMAC_I/RX_PING/xpm_mem_gen.xpm_memory_inst_1/xpm_memory_base_inst/enb) which is driven by a register (ethlite_i/wvalid_sent_r_reg) that has an active asychronous set or reset. This may cause corruption of the memory contents and/or read values when the set/reset is asserted and is not analyzed by the default static timing analysis. It is suggested to eliminate the use of a set/reset to registers driving this RAMB pin or else use a synchronous reset in which the assertion of the reset is timed by default.
Related violations: <none>

REQP-1840#2 Warning
RAMB18 async control check  
The RAMB18E1 ethlite_i/ethlite_i/U0/XEMAC_I/RX_PING/xpm_mem_gen.xpm_memory_inst_1/xpm_memory_base_inst/gen_wr_b.gen_word_wide.mem_reg has an input control pin ethlite_i/ethlite_i/U0/XEMAC_I/RX_PING/xpm_mem_gen.xpm_memory_inst_1/xpm_memory_base_inst/gen_wr_b.gen_word_wide.mem_reg/WEBWE[0] (net: ethlite_i/ethlite_i/U0/XEMAC_I/RX_PING/xpm_mem_gen.xpm_memory_inst_1/xpm_memory_base_inst/gen_wr_b.gen_word_wide.mem_reg_i_2_n_0) which is driven by a register (ethlite_i/wvalid_sent_r_reg) that has an active asychronous set or reset. This may cause corruption of the memory contents and/or read values when the set/reset is asserted and is not analyzed by the default static timing analysis. It is suggested to eliminate the use of a set/reset to registers driving this RAMB pin or else use a synchronous reset in which the assertion of the reset is timed by default.
Related violations: <none>

REQP-1840#3 Warning
RAMB18 async control check  
The RAMB18E1 ethlite_i/ethlite_i/U0/XEMAC_I/RX_PING/xpm_mem_gen.xpm_memory_inst_1/xpm_memory_base_inst/gen_wr_b.gen_word_wide.mem_reg has an input control pin ethlite_i/ethlite_i/U0/XEMAC_I/RX_PING/xpm_mem_gen.xpm_memory_inst_1/xpm_memory_base_inst/gen_wr_b.gen_word_wide.mem_reg/WEBWE[1] (net: ethlite_i/ethlite_i/U0/XEMAC_I/RX_PING/xpm_mem_gen.xpm_memory_inst_1/xpm_memory_base_inst/gen_wr_b.gen_word_wide.mem_reg_i_2_n_0) which is driven by a register (ethlite_i/wvalid_sent_r_reg) that has an active asychronous set or reset. This may cause corruption of the memory contents and/or read values when the set/reset is asserted and is not analyzed by the default static timing analysis. It is suggested to eliminate the use of a set/reset to registers driving this RAMB pin or else use a synchronous reset in which the assertion of the reset is timed by default.
Related violations: <none>

REQP-1840#4 Warning
RAMB18 async control check  
The RAMB18E1 ethlite_i/ethlite_i/U0/XEMAC_I/RX_PING/xpm_mem_gen.xpm_memory_inst_2/xpm_memory_base_inst/gen_wr_b.gen_word_wide.mem_reg has an input control pin ethlite_i/ethlite_i/U0/XEMAC_I/RX_PING/xpm_mem_gen.xpm_memory_inst_2/xpm_memory_base_inst/gen_wr_b.gen_word_wide.mem_reg/ENBWREN (net: ethlite_i/ethlite_i/U0/XEMAC_I/RX_PING/xpm_mem_gen.xpm_memory_inst_2/xpm_memory_base_inst/enb) which is driven by a register (ethlite_i/wvalid_sent_r_reg) that has an active asychronous set or reset. This may cause corruption of the memory contents and/or read values when the set/reset is asserted and is not analyzed by the default static timing analysis. It is suggested to eliminate the use of a set/reset to registers driving this RAMB pin or else use a synchronous reset in which the assertion of the reset is timed by default.
Related violations: <none>

REQP-1840#5 Warning
RAMB18 async control check  
The RAMB18E1 ethlite_i/ethlite_i/U0/XEMAC_I/RX_PING/xpm_mem_gen.xpm_memory_inst_2/xpm_memory_base_inst/gen_wr_b.gen_word_wide.mem_reg has an input control pin ethlite_i/ethlite_i/U0/XEMAC_I/RX_PING/xpm_mem_gen.xpm_memory_inst_2/xpm_memory_base_inst/gen_wr_b.gen_word_wide.mem_reg/WEBWE[0] (net: ethlite_i/ethlite_i/U0/XEMAC_I/RX_PING/xpm_mem_gen.xpm_memory_inst_2/xpm_memory_base_inst/gen_wr_b.gen_word_wide.mem_reg_i_2_n_0) which is driven by a register (ethlite_i/wvalid_sent_r_reg) that has an active asychronous set or reset. This may cause corruption of the memory contents and/or read values when the set/reset is asserted and is not analyzed by the default static timing analysis. It is suggested to eliminate the use of a set/reset to registers driving this RAMB pin or else use a synchronous reset in which the assertion of the reset is timed by default.
Related violations: <none>

REQP-1840#6 Warning
RAMB18 async control check  
The RAMB18E1 ethlite_i/ethlite_i/U0/XEMAC_I/RX_PING/xpm_mem_gen.xpm_memory_inst_2/xpm_memory_base_inst/gen_wr_b.gen_word_wide.mem_reg has an input control pin ethlite_i/ethlite_i/U0/XEMAC_I/RX_PING/xpm_mem_gen.xpm_memory_inst_2/xpm_memory_base_inst/gen_wr_b.gen_word_wide.mem_reg/WEBWE[1] (net: ethlite_i/ethlite_i/U0/XEMAC_I/RX_PING/xpm_mem_gen.xpm_memory_inst_2/xpm_memory_base_inst/gen_wr_b.gen_word_wide.mem_reg_i_2_n_0) which is driven by a register (ethlite_i/wvalid_sent_r_reg) that has an active asychronous set or reset. This may cause corruption of the memory contents and/or read values when the set/reset is asserted and is not analyzed by the default static timing analysis. It is suggested to eliminate the use of a set/reset to registers driving this RAMB pin or else use a synchronous reset in which the assertion of the reset is timed by default.
Related violations: <none>

REQP-1840#7 Warning
RAMB18 async control check  
The RAMB18E1 ethlite_i/ethlite_i/U0/XEMAC_I/RX_PONG_GEN.RX_PONG_I/xpm_mem_gen.xpm_memory_inst_1/xpm_memory_base_inst/gen_wr_b.gen_word_wide.mem_reg has an input control pin ethlite_i/ethlite_i/U0/XEMAC_I/RX_PONG_GEN.RX_PONG_I/xpm_mem_gen.xpm_memory_inst_1/xpm_memory_base_inst/gen_wr_b.gen_word_wide.mem_reg/ENBWREN (net: ethlite_i/ethlite_i/U0/XEMAC_I/RX_PONG_GEN.RX_PONG_I/xpm_mem_gen.xpm_memory_inst_1/xpm_memory_base_inst/enb) which is driven by a register (ethlite_i/wvalid_sent_r_reg) that has an active asychronous set or reset. This may cause corruption of the memory contents and/or read values when the set/reset is asserted and is not analyzed by the default static timing analysis. It is suggested to eliminate the use of a set/reset to registers driving this RAMB pin or else use a synchronous reset in which the assertion of the reset is timed by default.
Related violations: <none>

REQP-1840#8 Warning
RAMB18 async control check  
The RAMB18E1 ethlite_i/ethlite_i/U0/XEMAC_I/RX_PONG_GEN.RX_PONG_I/xpm_mem_gen.xpm_memory_inst_1/xpm_memory_base_inst/gen_wr_b.gen_word_wide.mem_reg has an input control pin ethlite_i/ethlite_i/U0/XEMAC_I/RX_PONG_GEN.RX_PONG_I/xpm_mem_gen.xpm_memory_inst_1/xpm_memory_base_inst/gen_wr_b.gen_word_wide.mem_reg/WEBWE[0] (net: ethlite_i/ethlite_i/U0/XEMAC_I/RX_PONG_GEN.RX_PONG_I/xpm_mem_gen.xpm_memory_inst_1/xpm_memory_base_inst/gen_wr_b.gen_word_wide.mem_reg_i_2_n_0) which is driven by a register (ethlite_i/wvalid_sent_r_reg) that has an active asychronous set or reset. This may cause corruption of the memory contents and/or read values when the set/reset is asserted and is not analyzed by the default static timing analysis. It is suggested to eliminate the use of a set/reset to registers driving this RAMB pin or else use a synchronous reset in which the assertion of the reset is timed by default.
Related violations: <none>

REQP-1840#9 Warning
RAMB18 async control check  
The RAMB18E1 ethlite_i/ethlite_i/U0/XEMAC_I/RX_PONG_GEN.RX_PONG_I/xpm_mem_gen.xpm_memory_inst_1/xpm_memory_base_inst/gen_wr_b.gen_word_wide.mem_reg has an input control pin ethlite_i/ethlite_i/U0/XEMAC_I/RX_PONG_GEN.RX_PONG_I/xpm_mem_gen.xpm_memory_inst_1/xpm_memory_base_inst/gen_wr_b.gen_word_wide.mem_reg/WEBWE[1] (net: ethlite_i/ethlite_i/U0/XEMAC_I/RX_PONG_GEN.RX_PONG_I/xpm_mem_gen.xpm_memory_inst_1/xpm_memory_base_inst/gen_wr_b.gen_word_wide.mem_reg_i_2_n_0) which is driven by a register (ethlite_i/wvalid_sent_r_reg) that has an active asychronous set or reset. This may cause corruption of the memory contents and/or read values when the set/reset is asserted and is not analyzed by the default static timing analysis. It is suggested to eliminate the use of a set/reset to registers driving this RAMB pin or else use a synchronous reset in which the assertion of the reset is timed by default.
Related violations: <none>

REQP-1840#10 Warning
RAMB18 async control check  
The RAMB18E1 ethlite_i/ethlite_i/U0/XEMAC_I/RX_PONG_GEN.RX_PONG_I/xpm_mem_gen.xpm_memory_inst_2/xpm_memory_base_inst/gen_wr_b.gen_word_wide.mem_reg has an input control pin ethlite_i/ethlite_i/U0/XEMAC_I/RX_PONG_GEN.RX_PONG_I/xpm_mem_gen.xpm_memory_inst_2/xpm_memory_base_inst/gen_wr_b.gen_word_wide.mem_reg/ENBWREN (net: ethlite_i/ethlite_i/U0/XEMAC_I/RX_PONG_GEN.RX_PONG_I/xpm_mem_gen.xpm_memory_inst_2/xpm_memory_base_inst/enb) which is driven by a register (ethlite_i/wvalid_sent_r_reg) that has an active asychronous set or reset. This may cause corruption of the memory contents and/or read values when the set/reset is asserted and is not analyzed by the default static timing analysis. It is suggested to eliminate the use of a set/reset to registers driving this RAMB pin or else use a synchronous reset in which the assertion of the reset is timed by default.
Related violations: <none>

REQP-1840#11 Warning
RAMB18 async control check  
The RAMB18E1 ethlite_i/ethlite_i/U0/XEMAC_I/RX_PONG_GEN.RX_PONG_I/xpm_mem_gen.xpm_memory_inst_2/xpm_memory_base_inst/gen_wr_b.gen_word_wide.mem_reg has an input control pin ethlite_i/ethlite_i/U0/XEMAC_I/RX_PONG_GEN.RX_PONG_I/xpm_mem_gen.xpm_memory_inst_2/xpm_memory_base_inst/gen_wr_b.gen_word_wide.mem_reg/WEBWE[0] (net: ethlite_i/ethlite_i/U0/XEMAC_I/RX_PONG_GEN.RX_PONG_I/xpm_mem_gen.xpm_memory_inst_2/xpm_memory_base_inst/gen_wr_b.gen_word_wide.mem_reg_i_2_n_0) which is driven by a register (ethlite_i/wvalid_sent_r_reg) that has an active asychronous set or reset. This may cause corruption of the memory contents and/or read values when the set/reset is asserted and is not analyzed by the default static timing analysis. It is suggested to eliminate the use of a set/reset to registers driving this RAMB pin or else use a synchronous reset in which the assertion of the reset is timed by default.
Related violations: <none>

REQP-1840#12 Warning
RAMB18 async control check  
The RAMB18E1 ethlite_i/ethlite_i/U0/XEMAC_I/RX_PONG_GEN.RX_PONG_I/xpm_mem_gen.xpm_memory_inst_2/xpm_memory_base_inst/gen_wr_b.gen_word_wide.mem_reg has an input control pin ethlite_i/ethlite_i/U0/XEMAC_I/RX_PONG_GEN.RX_PONG_I/xpm_mem_gen.xpm_memory_inst_2/xpm_memory_base_inst/gen_wr_b.gen_word_wide.mem_reg/WEBWE[1] (net: ethlite_i/ethlite_i/U0/XEMAC_I/RX_PONG_GEN.RX_PONG_I/xpm_mem_gen.xpm_memory_inst_2/xpm_memory_base_inst/gen_wr_b.gen_word_wide.mem_reg_i_2_n_0) which is driven by a register (ethlite_i/wvalid_sent_r_reg) that has an active asychronous set or reset. This may cause corruption of the memory contents and/or read values when the set/reset is asserted and is not analyzed by the default static timing analysis. It is suggested to eliminate the use of a set/reset to registers driving this RAMB pin or else use a synchronous reset in which the assertion of the reset is timed by default.
Related violations: <none>

REQP-1840#13 Warning
RAMB18 async control check  
The RAMB18E1 ethlite_i/ethlite_i/U0/XEMAC_I/TX_PING/xpm_mem_gen.xpm_memory_inst_1/xpm_memory_base_inst/gen_wr_b.gen_word_wide.mem_reg has an input control pin ethlite_i/ethlite_i/U0/XEMAC_I/TX_PING/xpm_mem_gen.xpm_memory_inst_1/xpm_memory_base_inst/gen_wr_b.gen_word_wide.mem_reg/ENBWREN (net: ethlite_i/ethlite_i/U0/XEMAC_I/TX_PING/xpm_mem_gen.xpm_memory_inst_1/xpm_memory_base_inst/enb) which is driven by a register (ethlite_i/wvalid_sent_r_reg) that has an active asychronous set or reset. This may cause corruption of the memory contents and/or read values when the set/reset is asserted and is not analyzed by the default static timing analysis. It is suggested to eliminate the use of a set/reset to registers driving this RAMB pin or else use a synchronous reset in which the assertion of the reset is timed by default.
Related violations: <none>

REQP-1840#14 Warning
RAMB18 async control check  
The RAMB18E1 ethlite_i/ethlite_i/U0/XEMAC_I/TX_PING/xpm_mem_gen.xpm_memory_inst_1/xpm_memory_base_inst/gen_wr_b.gen_word_wide.mem_reg has an input control pin ethlite_i/ethlite_i/U0/XEMAC_I/TX_PING/xpm_mem_gen.xpm_memory_inst_1/xpm_memory_base_inst/gen_wr_b.gen_word_wide.mem_reg/WEBWE[0] (net: ethlite_i/ethlite_i/U0/XEMAC_I/TX_PING/xpm_mem_gen.xpm_memory_inst_1/xpm_memory_base_inst/gen_wr_b.gen_word_wide.mem_reg_i_1_n_0) which is driven by a register (ethlite_i/wvalid_sent_r_reg) that has an active asychronous set or reset. This may cause corruption of the memory contents and/or read values when the set/reset is asserted and is not analyzed by the default static timing analysis. It is suggested to eliminate the use of a set/reset to registers driving this RAMB pin or else use a synchronous reset in which the assertion of the reset is timed by default.
Related violations: <none>

REQP-1840#15 Warning
RAMB18 async control check  
The RAMB18E1 ethlite_i/ethlite_i/U0/XEMAC_I/TX_PING/xpm_mem_gen.xpm_memory_inst_1/xpm_memory_base_inst/gen_wr_b.gen_word_wide.mem_reg has an input control pin ethlite_i/ethlite_i/U0/XEMAC_I/TX_PING/xpm_mem_gen.xpm_memory_inst_1/xpm_memory_base_inst/gen_wr_b.gen_word_wide.mem_reg/WEBWE[1] (net: ethlite_i/ethlite_i/U0/XEMAC_I/TX_PING/xpm_mem_gen.xpm_memory_inst_1/xpm_memory_base_inst/gen_wr_b.gen_word_wide.mem_reg_i_1_n_0) which is driven by a register (ethlite_i/wvalid_sent_r_reg) that has an active asychronous set or reset. This may cause corruption of the memory contents and/or read values when the set/reset is asserted and is not analyzed by the default static timing analysis. It is suggested to eliminate the use of a set/reset to registers driving this RAMB pin or else use a synchronous reset in which the assertion of the reset is timed by default.
Related violations: <none>

REQP-1840#16 Warning
RAMB18 async control check  
The RAMB18E1 ethlite_i/ethlite_i/U0/XEMAC_I/TX_PING/xpm_mem_gen.xpm_memory_inst_2/xpm_memory_base_inst/gen_wr_b.gen_word_wide.mem_reg has an input control pin ethlite_i/ethlite_i/U0/XEMAC_I/TX_PING/xpm_mem_gen.xpm_memory_inst_2/xpm_memory_base_inst/gen_wr_b.gen_word_wide.mem_reg/ENBWREN (net: ethlite_i/ethlite_i/U0/XEMAC_I/TX_PING/xpm_mem_gen.xpm_memory_inst_2/xpm_memory_base_inst/enb) which is driven by a register (ethlite_i/wvalid_sent_r_reg) that has an active asychronous set or reset. This may cause corruption of the memory contents and/or read values when the set/reset is asserted and is not analyzed by the default static timing analysis. It is suggested to eliminate the use of a set/reset to registers driving this RAMB pin or else use a synchronous reset in which the assertion of the reset is timed by default.
Related violations: <none>

REQP-1840#17 Warning
RAMB18 async control check  
The RAMB18E1 ethlite_i/ethlite_i/U0/XEMAC_I/TX_PING/xpm_mem_gen.xpm_memory_inst_2/xpm_memory_base_inst/gen_wr_b.gen_word_wide.mem_reg has an input control pin ethlite_i/ethlite_i/U0/XEMAC_I/TX_PING/xpm_mem_gen.xpm_memory_inst_2/xpm_memory_base_inst/gen_wr_b.gen_word_wide.mem_reg/WEBWE[0] (net: ethlite_i/ethlite_i/U0/XEMAC_I/TX_PING/xpm_mem_gen.xpm_memory_inst_2/xpm_memory_base_inst/gen_wr_b.gen_word_wide.mem_reg_i_1_n_0) which is driven by a register (ethlite_i/wvalid_sent_r_reg) that has an active asychronous set or reset. This may cause corruption of the memory contents and/or read values when the set/reset is asserted and is not analyzed by the default static timing analysis. It is suggested to eliminate the use of a set/reset to registers driving this RAMB pin or else use a synchronous reset in which the assertion of the reset is timed by default.
Related violations: <none>

REQP-1840#18 Warning
RAMB18 async control check  
The RAMB18E1 ethlite_i/ethlite_i/U0/XEMAC_I/TX_PING/xpm_mem_gen.xpm_memory_inst_2/xpm_memory_base_inst/gen_wr_b.gen_word_wide.mem_reg has an input control pin ethlite_i/ethlite_i/U0/XEMAC_I/TX_PING/xpm_mem_gen.xpm_memory_inst_2/xpm_memory_base_inst/gen_wr_b.gen_word_wide.mem_reg/WEBWE[1] (net: ethlite_i/ethlite_i/U0/XEMAC_I/TX_PING/xpm_mem_gen.xpm_memory_inst_2/xpm_memory_base_inst/gen_wr_b.gen_word_wide.mem_reg_i_1_n_0) which is driven by a register (ethlite_i/wvalid_sent_r_reg) that has an active asychronous set or reset. This may cause corruption of the memory contents and/or read values when the set/reset is asserted and is not analyzed by the default static timing analysis. It is suggested to eliminate the use of a set/reset to registers driving this RAMB pin or else use a synchronous reset in which the assertion of the reset is timed by default.
Related violations: <none>

REQP-1840#19 Warning
RAMB18 async control check  
The RAMB18E1 ethlite_i/ethlite_i/U0/XEMAC_I/TX_PONG_GEN.TX_PONG_I/xpm_mem_gen.xpm_memory_inst_1/xpm_memory_base_inst/gen_wr_b.gen_word_wide.mem_reg has an input control pin ethlite_i/ethlite_i/U0/XEMAC_I/TX_PONG_GEN.TX_PONG_I/xpm_mem_gen.xpm_memory_inst_1/xpm_memory_base_inst/gen_wr_b.gen_word_wide.mem_reg/ENBWREN (net: ethlite_i/ethlite_i/U0/XEMAC_I/TX_PONG_GEN.TX_PONG_I/xpm_mem_gen.xpm_memory_inst_1/xpm_memory_base_inst/enb) which is driven by a register (ethlite_i/wvalid_sent_r_reg) that has an active asychronous set or reset. This may cause corruption of the memory contents and/or read values when the set/reset is asserted and is not analyzed by the default static timing analysis. It is suggested to eliminate the use of a set/reset to registers driving this RAMB pin or else use a synchronous reset in which the assertion of the reset is timed by default.
Related violations: <none>

REQP-1840#20 Warning
RAMB18 async control check  
The RAMB18E1 ethlite_i/ethlite_i/U0/XEMAC_I/TX_PONG_GEN.TX_PONG_I/xpm_mem_gen.xpm_memory_inst_1/xpm_memory_base_inst/gen_wr_b.gen_word_wide.mem_reg has an input control pin ethlite_i/ethlite_i/U0/XEMAC_I/TX_PONG_GEN.TX_PONG_I/xpm_mem_gen.xpm_memory_inst_1/xpm_memory_base_inst/gen_wr_b.gen_word_wide.mem_reg/WEBWE[1] (net: ethlite_i/ethlite_i/U0/XEMAC_I/TX_PONG_GEN.TX_PONG_I/xpm_mem_gen.xpm_memory_inst_1/xpm_memory_base_inst/gen_wr_b.gen_word_wide.mem_reg_i_1_n_0) which is driven by a register (ethlite_i/wvalid_sent_r_reg) that has an active asychronous set or reset. This may cause corruption of the memory contents and/or read values when the set/reset is asserted and is not analyzed by the default static timing analysis. It is suggested to eliminate the use of a set/reset to registers driving this RAMB pin or else use a synchronous reset in which the assertion of the reset is timed by default.
Related violations: <none>

RPBF-3#1 Warning
IO port buffering is incomplete  
Device port CAMERA_SDR expects both input and output buffering but the buffers are incomplete.
Related violations: <none>

AVAL-4#1 Advisory
enum_USE_DPORT_FALSE_enum_DREG_ADREG_0_connects_CED_CEAD_RSTD_GND  
soc_base_inst/ztachip_inst/GEN1.fpu_i/falu_core_i/falu2_i/sum_1/float_addsub_inst/U0/i_synth/ADDSUB_OP.ADDSUB/DSP.OP/DSP48E1_BODY.NORM_RND/FULL_USAGE_DSP.SHIFT_RND/i_no_versal_es1_workaround.DSP: DSP48E1 is not using the D port (USE_DPORT = FALSE). For improved power characteristics, set DREG and ADREG to '1', tie CED, CEAD, and RSTD to logic '0'.
Related violations: <none>

AVAL-4#2 Advisory
enum_USE_DPORT_FALSE_enum_DREG_ADREG_0_connects_CED_CEAD_RSTD_GND  
soc_base_inst/ztachip_inst/GEN1.fpu_i/falu_core_i/falu2_i/sum_2/float_addsub_inst/U0/i_synth/ADDSUB_OP.ADDSUB/DSP.OP/DSP48E1_BODY.NORM_RND/FULL_USAGE_DSP.SHIFT_RND/i_no_versal_es1_workaround.DSP: DSP48E1 is not using the D port (USE_DPORT = FALSE). For improved power characteristics, set DREG and ADREG to '1', tie CED, CEAD, and RSTD to logic '0'.
Related violations: <none>

AVAL-4#3 Advisory
enum_USE_DPORT_FALSE_enum_DREG_ADREG_0_connects_CED_CEAD_RSTD_GND  
soc_base_inst/ztachip_inst/GEN1.fpu_i/falu_core_i/falu2_i/sum_3/float_addsub_inst/U0/i_synth/ADDSUB_OP.ADDSUB/DSP.OP/DSP48E1_BODY.NORM_RND/FULL_USAGE_DSP.SHIFT_RND/i_no_versal_es1_workaround.DSP: DSP48E1 is not using the D port (USE_DPORT = FALSE). For improved power characteristics, set DREG and ADREG to '1', tie CED, CEAD, and RSTD to logic '0'.
Related violations: <none>

AVAL-4#4 Advisory
enum_USE_DPORT_FALSE_enum_DREG_ADREG_0_connects_CED_CEAD_RSTD_GND  
soc_base_inst/ztachip_inst/GEN1.fpu_i/falu_core_i/falu_i/stage_3/float_addsub_inst/U0/i_synth/ADDSUB_OP.ADDSUB/DSP.OP/DSP48E1_BODY.NORM_RND/FULL_USAGE_DSP.SHIFT_RND/i_no_versal_es1_workaround.DSP: DSP48E1 is not using the D port (USE_DPORT = FALSE). For improved power characteristics, set DREG and ADREG to '1', tie CED, CEAD, and RSTD to logic '0'.
Related violations: <none>

REQP-1725#1 Advisory
DSP_Abus_sign_bit_alert  
soc_base_inst/ztachip_inst/GEN1.fpu_i/falu_core_i/falu2_i/sum_1/float_addsub_inst/U0/i_synth/ADDSUB_OP.ADDSUB/DSP.OP/DSP48E1_BODY.ALIGN_ADD/DSP2/i_no_versal_es1_workaround.DSP: When using the PreAdder and USE_DPORT is TRUE, the A operand should be restricted to 24 bit two's complement (and sign extended) to avoid over/underflow in the pre-add stage.
Related violations: <none>

REQP-1725#2 Advisory
DSP_Abus_sign_bit_alert  
soc_base_inst/ztachip_inst/GEN1.fpu_i/falu_core_i/falu2_i/sum_2/float_addsub_inst/U0/i_synth/ADDSUB_OP.ADDSUB/DSP.OP/DSP48E1_BODY.ALIGN_ADD/DSP2/i_no_versal_es1_workaround.DSP: When using the PreAdder and USE_DPORT is TRUE, the A operand should be restricted to 24 bit two's complement (and sign extended) to avoid over/underflow in the pre-add stage.
Related violations: <none>

REQP-1725#3 Advisory
DSP_Abus_sign_bit_alert  
soc_base_inst/ztachip_inst/GEN1.fpu_i/falu_core_i/falu2_i/sum_3/float_addsub_inst/U0/i_synth/ADDSUB_OP.ADDSUB/DSP.OP/DSP48E1_BODY.ALIGN_ADD/DSP2/i_no_versal_es1_workaround.DSP: When using the PreAdder and USE_DPORT is TRUE, the A operand should be restricted to 24 bit two's complement (and sign extended) to avoid over/underflow in the pre-add stage.
Related violations: <none>

REQP-1725#4 Advisory
DSP_Abus_sign_bit_alert  
soc_base_inst/ztachip_inst/GEN1.fpu_i/falu_core_i/falu_i/stage_3/float_addsub_inst/U0/i_synth/ADDSUB_OP.ADDSUB/DSP.OP/DSP48E1_BODY.ALIGN_ADD/DSP2/i_no_versal_es1_workaround.DSP: When using the PreAdder and USE_DPORT is TRUE, the A operand should be restricted to 24 bit two's complement (and sign extended) to avoid over/underflow in the pre-add stage.
Related violations: <none>


