Copyright 1986-2022 Xilinx, Inc. All Rights Reserved. Copyright 2022-2025 Advanced Micro Devices, Inc. All Rights Reserved.
---------------------------------------------------------------------------------------------------------------------------------------------
| Tool Version : Vivado v.2025.1 (lin64) Build 6140274 Wed May 21 22:58:25 MDT 2025
| Date         : Wed Apr  1 12:55:55 2026
| Host         : tsmc-System-Product-Name running 64-bit Ubuntu 22.04.3 LTS
| Command      : report_utilization -file main_utilization_synth.rpt -pb main_utilization_synth.pb
| Design       : main
| Device       : xc7a100tcsg324-1
| Speed File   : -1
| Design State : Synthesized
---------------------------------------------------------------------------------------------------------------------------------------------

Utilization Design Information

Table of Contents
-----------------
1. Slice Logic
1.1 Summary of Registers by Type
2. Memory
3. DSP
4. IO and GT Specific
5. Clocking
6. Specific Feature
7. Primitives
8. Black Boxes
9. Instantiated Netlists

1. Slice Logic
--------------

+----------------------------+-------+-------+------------+-----------+-------+
|          Site Type         |  Used | Fixed | Prohibited | Available | Util% |
+----------------------------+-------+-------+------------+-----------+-------+
| Slice LUTs*                | 49973 |     0 |          0 |     63400 | 78.82 |
|   LUT as Logic             | 41530 |     0 |          0 |     63400 | 65.50 |
|   LUT as Memory            |  8443 |     0 |          0 |     19000 | 44.44 |
|     LUT as Distributed RAM |  7238 |     0 |            |           |       |
|     LUT as Shift Register  |  1205 |     0 |            |           |       |
| Slice Registers            | 51869 |     0 |          0 |    126800 | 40.91 |
|   Register as Flip Flop    | 49636 |     0 |          0 |    126800 | 39.15 |
|   Register as Latch        |  2233 |     0 |          0 |    126800 |  1.76 |
| F7 Muxes                   |  3875 |     0 |          0 |     31700 | 12.22 |
| F8 Muxes                   |   505 |     0 |          0 |     15850 |  3.19 |
+----------------------------+-------+-------+------------+-----------+-------+
* Warning! The Final LUT count, after physical optimizations and full implementation, is typically lower. Run opt_design after synthesis, if not already completed, for a more realistic count.
Warning! LUT value is adjusted to account for LUT combining.
Warning! For any ECO changes, please run place_design if there are unplaced instances


1.1 Summary of Registers by Type
--------------------------------

+-------+--------------+-------------+--------------+
| Total | Clock Enable | Synchronous | Asynchronous |
+-------+--------------+-------------+--------------+
| 0     |            _ |           - |            - |
| 0     |            _ |           - |          Set |
| 0     |            _ |           - |        Reset |
| 0     |            _ |         Set |            - |
| 0     |            _ |       Reset |            - |
| 0     |          Yes |           - |            - |
| 7     |          Yes |           - |          Set |
| 2341  |          Yes |           - |        Reset |
| 10    |          Yes |         Set |            - |
| 49511 |          Yes |       Reset |            - |
+-------+--------------+-------------+--------------+


2. Memory
---------

+-------------------+------+-------+------------+-----------+-------+
|     Site Type     | Used | Fixed | Prohibited | Available | Util% |
+-------------------+------+-------+------------+-----------+-------+
| Block RAM Tile    |  118 |     0 |          0 |       135 | 87.41 |
|   RAMB36/FIFO*    |   98 |     0 |          0 |       135 | 72.59 |
|     RAMB36E1 only |   98 |       |            |           |       |
|   RAMB18          |   40 |     0 |          0 |       270 | 14.81 |
|     RAMB18E1 only |   40 |       |            |           |       |
+-------------------+------+-------+------------+-----------+-------+
* Note: Each Block RAM Tile only has one FIFO logic available and therefore can accommodate only one FIFO36E1 or one FIFO18E1. However, if a FIFO18E1 occupies a Block RAM Tile, that tile can still accommodate a RAMB18E1


3. DSP
------

+----------------+------+-------+------------+-----------+-------+
|    Site Type   | Used | Fixed | Prohibited | Available | Util% |
+----------------+------+-------+------------+-----------+-------+
| DSPs           |   56 |     0 |          0 |       240 | 23.33 |
|   DSP48E1 only |   56 |       |            |           |       |
+----------------+------+-------+------------+-----------+-------+


4. IO and GT Specific
---------------------

+-----------------------------+------+-------+------------+-----------+-------+
|          Site Type          | Used | Fixed | Prohibited | Available | Util% |
+-----------------------------+------+-------+------------+-----------+-------+
| Bonded IOB                  |   58 |     0 |          0 |       210 | 27.62 |
| Bonded IPADs                |    0 |     0 |          0 |         2 |  0.00 |
| PHY_CONTROL                 |    0 |     0 |          0 |         6 |  0.00 |
| PHASER_REF                  |    0 |     0 |          0 |         6 |  0.00 |
| OUT_FIFO                    |    0 |     0 |          0 |        24 |  0.00 |
| IN_FIFO                     |    0 |     0 |          0 |        24 |  0.00 |
| IDELAYCTRL                  |    0 |     0 |          0 |         6 |  0.00 |
| IBUFDS                      |    0 |     0 |          0 |       202 |  0.00 |
| PHASER_OUT/PHASER_OUT_PHY   |    0 |     0 |          0 |        24 |  0.00 |
| PHASER_IN/PHASER_IN_PHY     |    0 |     0 |          0 |        24 |  0.00 |
| IDELAYE2/IDELAYE2_FINEDELAY |    0 |     0 |          0 |       300 |  0.00 |
| ILOGIC                      |    0 |     0 |          0 |       210 |  0.00 |
| OLOGIC                      |    0 |     0 |          0 |       210 |  0.00 |
+-----------------------------+------+-------+------------+-----------+-------+


5. Clocking
-----------

+------------+------+-------+------------+-----------+-------+
|  Site Type | Used | Fixed | Prohibited | Available | Util% |
+------------+------+-------+------------+-----------+-------+
| BUFGCTRL   |    3 |     0 |          0 |        32 |  9.38 |
| BUFIO      |    0 |     0 |          0 |        24 |  0.00 |
| MMCME2_ADV |    0 |     0 |          0 |         6 |  0.00 |
| PLLE2_ADV  |    0 |     0 |          0 |         6 |  0.00 |
| BUFMRCE    |    0 |     0 |          0 |        12 |  0.00 |
| BUFHCE     |    0 |     0 |          0 |        96 |  0.00 |
| BUFR       |    0 |     0 |          0 |        24 |  0.00 |
+------------+------+-------+------------+-----------+-------+


6. Specific Feature
-------------------

+-------------+------+-------+------------+-----------+-------+
|  Site Type  | Used | Fixed | Prohibited | Available | Util% |
+-------------+------+-------+------------+-----------+-------+
| BSCANE2     |    1 |     0 |          0 |         4 | 25.00 |
| CAPTUREE2   |    0 |     0 |          0 |         1 |  0.00 |
| DNA_PORT    |    0 |     0 |          0 |         1 |  0.00 |
| EFUSE_USR   |    0 |     0 |          0 |         1 |  0.00 |
| FRAME_ECCE2 |    0 |     0 |          0 |         1 |  0.00 |
| ICAPE2      |    0 |     0 |          0 |         2 |  0.00 |
| PCIE_2_1    |    0 |     0 |          0 |         1 |  0.00 |
| STARTUPE2   |    0 |     0 |          0 |         1 |  0.00 |
| XADC        |    0 |     0 |          0 |         1 |  0.00 |
+-------------+------+-------+------------+-----------+-------+


7. Primitives
-------------

+----------+-------+---------------------+
| Ref Name |  Used | Functional Category |
+----------+-------+---------------------+
| FDRE     | 49511 |        Flop & Latch |
| LUT6     | 14228 |                 LUT |
| LUT3     | 13825 |                 LUT |
| LUT5     |  9239 |                 LUT |
| LUT4     |  6709 |                 LUT |
| LUT2     |  6506 |                 LUT |
| RAMD64E  |  5584 |  Distributed Memory |
| MUXF7    |  3875 |               MuxFx |
| LDCE     |  2233 |        Flop & Latch |
| CARRY4   |  2108 |          CarryLogic |
| LUT1     |  1323 |                 LUT |
| SRL16E   |  1204 |  Distributed Memory |
| RAMS64E  |  1088 |  Distributed Memory |
| RAMD32   |   842 |  Distributed Memory |
| MUXF8    |   505 |               MuxFx |
| RAMS32   |   276 |  Distributed Memory |
| FDCE     |   108 |        Flop & Latch |
| RAMB36E1 |    98 |        Block Memory |
| DSP48E1  |    56 |    Block Arithmetic |
| RAMB18E1 |    40 |        Block Memory |
| OBUF     |    31 |                  IO |
| IBUF     |    26 |                  IO |
| FDSE     |    10 |        Flop & Latch |
| FDPE     |     7 |        Flop & Latch |
| BUFG     |     3 |               Clock |
| OBUFT    |     2 |                  IO |
| SRLC32E  |     1 |  Distributed Memory |
| BSCANE2  |     1 |              Others |
+----------+-------+---------------------+


8. Black Boxes
--------------

+--------------------+------+
|      Ref Name      | Used |
+--------------------+------+
| float_addsub       |    4 |
| float_mul          |    2 |
| mig_7series_0      |    1 |
| clk_wiz_0          |    1 |
| axi_ethernetlite_0 |    1 |
+--------------------+------+


9. Instantiated Netlists
------------------------

+----------+------+
| Ref Name | Used |
+----------+------+


