Copyright 1986-2022 Xilinx, Inc. All Rights Reserved. Copyright 2022-2025 Advanced Micro Devices, Inc. All Rights Reserved.
---------------------------------------------------------------------------------------------------------------------------------------------
| Tool Version : Vivado v.2025.1 (lin64) Build 6140274 Wed May 21 22:58:25 MDT 2025
| Date         : Wed Mar 11 15:15:57 2026
| Host         : tsmc-System-Product-Name running 64-bit Ubuntu 22.04.3 LTS
| Command      : report_drc -file camera_vga_system_drc_opted.rpt -pb camera_vga_system_drc_opted.pb -rpx camera_vga_system_drc_opted.rpx
| Design       : camera_vga_system
| Device       : xc7a200tfbg484-2
| Speed File   : -2
| Design State : Synthesized
---------------------------------------------------------------------------------------------------------------------------------------------

Report DRC

Table of Contents
-----------------
1. REPORT SUMMARY
2. REPORT DETAILS

1. REPORT SUMMARY
-----------------
            Netlist: netlist
          Floorplan: design_1
      Design limits: <entire design considered>
           Ruledeck: default
             Max checks: <unlimited>
             Checks found: 10
+-----------+------------------+-----------------------------------------------------+--------+
| Rule      | Severity         | Description                                         | Checks |
+-----------+------------------+-----------------------------------------------------+--------+
| PDRC-34   | Error            | MMCM_adv_ClkFrequency_div_no_dclk                   | 1      |
| PDRC-43   | Error            | PLL_adv_ClkFrequency_div_no_dclk                    | 1      |
| PLCK-12   | Error            | Clock Placer Checks                                 | 1      |
| AVAL-46   | Critical Warning | v7v8_mmcm_fvco_rule1                                | 1      |
| CFGBVS-1  | Warning          | Missing CFGBVS and CONFIG_VOLTAGE Design Properties | 1      |
| DPOP-1    | Warning          | PREG Output pipelining                              | 1      |
| DPOP-2    | Warning          | MREG Output pipelining                              | 1      |
| REQP-1709 | Warning          | Clock output buffering                              | 1      |
| REQP-1839 | Warning          | RAMB36 async control check                          | 2      |
+-----------+------------------+-----------------------------------------------------+--------+

2. REPORT DETAILS
-----------------
PDRC-34#1 Error
MMCM_adv_ClkFrequency_div_no_dclk  
The computed value 325.000 MHz (CLKIN1_PERIOD, net pll_clk3) for the VCO operating frequency of the MMCME2_ADV site MMCME2_ADV_X1Y2 (cell mig_inst/u_mig_7series_0_mig/u_ddr3_infrastructure/gen_mmcm.mmcm_i) falls outside the operating range of the MMCM VCO frequency for this device (600.000 - 1440.000 MHz). The computed value is (CLKFBOUT_MULT_F * 1000 / (CLKINx_PERIOD * DIVCLK_DIVIDE)). Please run update_timing to update the MMCM settings. If that does not work, adjust either the input period CLKINx_PERIOD (24.615385), multiplication factor CLKFBOUT_MULT_F (8.000000) or the division factor DIVCLK_DIVIDE (1), in order to achieve a VCO frequency within the rated operating range for this device.
Related violations: <none>

PDRC-43#1 Error
PLL_adv_ClkFrequency_div_no_dclk  
The computed value 650.000 MHz (CLKIN1_PERIOD, net sys_clk_200mhz_IBUF_BUFG) for the VCO operating frequency of the PLLE2_ADV site PLLE2_ADV_X1Y2 (cell mig_inst/u_mig_7series_0_mig/u_ddr3_infrastructure/plle2_i) falls outside the operating range of the PLL VCO frequency for this device (800.000 - 1866.000 MHz). The computed value is (CLKFBOUT_MULT_F * 1000 / (CLKINx_PERIOD * DIVCLK_DIVIDE)). Please adjust either the input period CLKINx_PERIOD (10.000000), multiplication factor CLKFBOUT_MULT_F (13) or the division factor DIVCLK_DIVIDE (2), in order to achieve a VCO frequency within the rated operating range for this device.
Related violations: <none>

PLCK-12#1 Error
Clock Placer Checks  
Poor placement for routing between an IO pin and BUFG. 
Resolution: Poor placement of an IO pin and a BUFG has resulted in the router using a non-dedicated path between the two.  There are several things that could trigger this DRC, each of which can cause unpredictable clock insertion delays that result in poor timing.  This DRC could be caused by any of the following: (a) a clock port was placed on a pin that is not a CCIO-pin (b)the BUFG has not been placed in the same half of the device or SLR as the CCIO-pin (c) a single ended clock has been placed on the N-Side of a differential pair CCIO-pin.
 If this sub optimal condition is acceptable for this design, you may use the CLOCK_DEDICATED_ROUTE constraint in the .xdc file to demote this message to a WARNING. However, the use of this override is highly discouraged. These examples can be used directly in the .xdc file to override this clock rule.
	< set_property CLOCK_DEDICATED_ROUTE FALSE [get_nets CAM_PCLK_IBUF] >

	Clock Rule: rule_gclkio_bufg
	Status: FAILED
	Rule Description: An IOB driving a BUFG must use a CCIO in the same half side (top/bottom) of chip as the BUFG

	CAM_PCLK_IBUF_inst (IBUF.O) is locked to Y22
	CAM_PCLK_IBUF_BUFG_inst (BUFG.I) cannot be placed

Related violations: <none>

AVAL-46#1 Critical Warning
v7v8_mmcm_fvco_rule1  
The current computed target frequency, FVCO, is out of range for cell mig_inst/u_mig_7series_0_mig/u_ddr3_infrastructure/gen_mmcm.mmcm_i. The computed FVCO is 325.000 MHz. The valid FVCO range for speed grade -2 is 600MHz to 1440MHz. The cell attribute values used to compute FVCO are CLKFBOUT_MULT_F = 8.000, CLKIN1_PERIOD = 24.61539, and DIVCLK_DIVIDE = 1 (FVCO = 1000 * CLKFBOUT_MULT_F/(CLKIN1_PERIOD * DIVCLK_DIVIDE)).
This violation may be corrected by:
  1. The timer uses timing constraints for clock period or clock frequency that affect CLKIN1 to set cell attribute CLKIN1_PERIOD, over-riding any previous value. This may already be in place and, if so this violation will be resolved once Timing is run.  Otherwise, consider modifying timing constraints to adjust the CLKIN1_PERIOD and bring FVCO into the allowed range.
  2. In the absence of timing constraints that affect CLKIN1, consider modifying the cell CLKIN1_PERIOD to bring FVCO into the allowed range.
  3. If CLKIN1_PERIOD is satisfactory, modify the CLKFBOUT_MULT_F or DIVCLK_DIVIDE cell attributes to bring FVCO into the allowed range.
  4. The MMCM configuration may be dynamically modified by use of DRP which is recognized by an ACTIVE signal on DCLK pin.
Related violations: <none>

CFGBVS-1#1 Warning
Missing CFGBVS and CONFIG_VOLTAGE Design Properties  
Neither the CFGBVS nor CONFIG_VOLTAGE voltage property is set in the current_design.  Configuration bank voltage select (CFGBVS) must be set to VCCO or GND, and CONFIG_VOLTAGE must be set to the correct configuration voltage, in order to determine the I/O voltage support for the pins in bank 0.  It is suggested to specify these either using the 'Edit Device Properties' function in the GUI or directly in the XDC file using the following syntax:

 set_property CFGBVS value1 [current_design]
 #where value1 is either VCCO or GND

 set_property CONFIG_VOLTAGE value2 [current_design]
 #where value2 is the voltage provided to configuration bank 0

Refer to the device configuration user guide for more information.
Related violations: <none>

DPOP-1#1 Warning
PREG Output pipelining  
DSP u_ddr3_reader/R output u_ddr3_reader/R/P[47:0] is not pipelined (PREG=0). Pipelining the DSP48 output will improve performance and often saves power so it is suggested whenever possible to fully pipeline this function.  If this DSP48 function was inferred, it is suggested to describe an additional register stage after this function.  If the DSP48 was instantiated in the design, it is suggested to set the PREG attribute to 1.
Related violations: <none>

DPOP-2#1 Warning
MREG Output pipelining  
DSP u_ddr3_reader/R multiplier stage u_ddr3_reader/R/P[47:0] is not pipelined (MREG=0). Pipelining the multiplier function will improve performance and will save significant power so it is suggested whenever possible to fully pipeline this function.  If this multiplier was inferred, it is suggested to describe an additional register stage after this function.  If there is no registered adder/accumulator following the multiply function, two pipeline stages are suggested to allow both the MREG and PREG registers to be used.  If the DSP48 was instantiated in the design, it is suggested to set both the MREG and PREG attributes to 1 when performing multiply functions.
Related violations: <none>

REQP-1709#1 Warning
Clock output buffering  
PLLE2_ADV connectivity violation. The signal mig_inst/u_mig_7series_0_mig/u_ddr3_infrastructure/pll_clk3_out on the mig_inst/u_mig_7series_0_mig/u_ddr3_infrastructure/plle2_i/CLKOUT3 pin of mig_inst/u_mig_7series_0_mig/u_ddr3_infrastructure/plle2_i does not drive the same kind of BUFFER load as the other CLKOUT pins. Routing from the different buffer types will not be phase aligned.
Related violations: <none>

REQP-1839#1 Warning
RAMB36 async control check  
The RAMB36E1 u_write_fifo/data_fifo/gnuram_async_fifo.xpm_fifo_base_inst/gen_sdpram.xpm_memory_base_inst/gen_wr_a.gen_word_narrow.mem_reg_bram_0 has an input control pin u_write_fifo/data_fifo/gnuram_async_fifo.xpm_fifo_base_inst/gen_sdpram.xpm_memory_base_inst/gen_wr_a.gen_word_narrow.mem_reg_bram_0/ENARDEN (net: u_write_fifo/data_fifo/gnuram_async_fifo.xpm_fifo_base_inst/gen_sdpram.xpm_memory_base_inst/gen_wr_a.gen_word_narrow.mem_reg_bram_1_i_1_n_0) which is driven by a register (u_ddr3_writer/fifo_rd_en_int_reg) that has an active asychronous set or reset. This may cause corruption of the memory contents and/or read values when the set/reset is asserted and is not analyzed by the default static timing analysis. It is suggested to eliminate the use of a set/reset to registers driving this RAMB pin or else use a synchronous reset in which the assertion of the reset is timed by default.
Related violations: <none>

REQP-1839#2 Warning
RAMB36 async control check  
The RAMB36E1 u_write_fifo/data_fifo/gnuram_async_fifo.xpm_fifo_base_inst/gen_sdpram.xpm_memory_base_inst/gen_wr_a.gen_word_narrow.mem_reg_bram_1 has an input control pin u_write_fifo/data_fifo/gnuram_async_fifo.xpm_fifo_base_inst/gen_sdpram.xpm_memory_base_inst/gen_wr_a.gen_word_narrow.mem_reg_bram_1/ENARDEN (net: u_write_fifo/data_fifo/gnuram_async_fifo.xpm_fifo_base_inst/gen_sdpram.xpm_memory_base_inst/gen_wr_a.gen_word_narrow.mem_reg_bram_1_i_1_n_0) which is driven by a register (u_ddr3_writer/fifo_rd_en_int_reg) that has an active asychronous set or reset. This may cause corruption of the memory contents and/or read values when the set/reset is asserted and is not analyzed by the default static timing analysis. It is suggested to eliminate the use of a set/reset to registers driving this RAMB pin or else use a synchronous reset in which the assertion of the reset is timed by default.
Related violations: <none>


